Archive member included to satisfy reference by file (symbol)

c:/st/stm32cubeide_1.11.0/stm32cubeide/plugins/com.st.stm32cube.ide.mcu.externaltools.gnu-tools-for-stm32.10.3-2021.10.win32_1.0.200.202301161003/tools/bin/../lib/gcc/arm-none-eabi/10.3.1/../../../../arm-none-eabi/lib/thumb/v7e-m+fp/hard\libc_nano.a(lib_a-errno.o)
                              ./Core/Src/syscalls.o (__errno)
c:/st/stm32cubeide_1.11.0/stm32cubeide/plugins/com.st.stm32cube.ide.mcu.externaltools.gnu-tools-for-stm32.10.3-2021.10.win32_1.0.200.202301161003/tools/bin/../lib/gcc/arm-none-eabi/10.3.1/../../../../arm-none-eabi/lib/thumb/v7e-m+fp/hard\libc_nano.a(lib_a-exit.o)
                              c:/st/stm32cubeide_1.11.0/stm32cubeide/plugins/com.st.stm32cube.ide.mcu.externaltools.gnu-tools-for-stm32.10.3-2021.10.win32_1.0.200.202301161003/tools/bin/../lib/gcc/arm-none-eabi/10.3.1/../../../../arm-none-eabi/lib/thumb/v7e-m+fp/hard/crt0.o (exit)
c:/st/stm32cubeide_1.11.0/stm32cubeide/plugins/com.st.stm32cube.ide.mcu.externaltools.gnu-tools-for-stm32.10.3-2021.10.win32_1.0.200.202301161003/tools/bin/../lib/gcc/arm-none-eabi/10.3.1/../../../../arm-none-eabi/lib/thumb/v7e-m+fp/hard\libc_nano.a(lib_a-impure.o)
                              c:/st/stm32cubeide_1.11.0/stm32cubeide/plugins/com.st.stm32cube.ide.mcu.externaltools.gnu-tools-for-stm32.10.3-2021.10.win32_1.0.200.202301161003/tools/bin/../lib/gcc/arm-none-eabi/10.3.1/../../../../arm-none-eabi/lib/thumb/v7e-m+fp/hard\libc_nano.a(lib_a-exit.o) (_global_impure_ptr)
c:/st/stm32cubeide_1.11.0/stm32cubeide/plugins/com.st.stm32cube.ide.mcu.externaltools.gnu-tools-for-stm32.10.3-2021.10.win32_1.0.200.202301161003/tools/bin/../lib/gcc/arm-none-eabi/10.3.1/../../../../arm-none-eabi/lib/thumb/v7e-m+fp/hard\libc_nano.a(lib_a-init.o)
                              c:/st/stm32cubeide_1.11.0/stm32cubeide/plugins/com.st.stm32cube.ide.mcu.externaltools.gnu-tools-for-stm32.10.3-2021.10.win32_1.0.200.202301161003/tools/bin/../lib/gcc/arm-none-eabi/10.3.1/../../../../arm-none-eabi/lib/thumb/v7e-m+fp/hard/crt0.o (__libc_init_array)
c:/st/stm32cubeide_1.11.0/stm32cubeide/plugins/com.st.stm32cube.ide.mcu.externaltools.gnu-tools-for-stm32.10.3-2021.10.win32_1.0.200.202301161003/tools/bin/../lib/gcc/arm-none-eabi/10.3.1/../../../../arm-none-eabi/lib/thumb/v7e-m+fp/hard\libc_nano.a(lib_a-memset.o)
                              c:/st/stm32cubeide_1.11.0/stm32cubeide/plugins/com.st.stm32cube.ide.mcu.externaltools.gnu-tools-for-stm32.10.3-2021.10.win32_1.0.200.202301161003/tools/bin/../lib/gcc/arm-none-eabi/10.3.1/../../../../arm-none-eabi/lib/thumb/v7e-m+fp/hard/crt0.o (memset)
c:/st/stm32cubeide_1.11.0/stm32cubeide/plugins/com.st.stm32cube.ide.mcu.externaltools.gnu-tools-for-stm32.10.3-2021.10.win32_1.0.200.202301161003/tools/bin/../lib/gcc/arm-none-eabi/10.3.1/thumb/v7e-m+fp/hard\libgcc.a(_arm_muldf3.o)
                              ./max/Src/max30102.o (__aeabi_dmul)
c:/st/stm32cubeide_1.11.0/stm32cubeide/plugins/com.st.stm32cube.ide.mcu.externaltools.gnu-tools-for-stm32.10.3-2021.10.win32_1.0.200.202301161003/tools/bin/../lib/gcc/arm-none-eabi/10.3.1/thumb/v7e-m+fp/hard\libgcc.a(_arm_addsubdf3.o)
                              ./max/Src/max30102.o (__aeabi_dadd)
c:/st/stm32cubeide_1.11.0/stm32cubeide/plugins/com.st.stm32cube.ide.mcu.externaltools.gnu-tools-for-stm32.10.3-2021.10.win32_1.0.200.202301161003/tools/bin/../lib/gcc/arm-none-eabi/10.3.1/thumb/v7e-m+fp/hard\libgcc.a(_arm_muldivdf3.o)
                              ./Core/Src/main.o (__aeabi_ddiv)
c:/st/stm32cubeide_1.11.0/stm32cubeide/plugins/com.st.stm32cube.ide.mcu.externaltools.gnu-tools-for-stm32.10.3-2021.10.win32_1.0.200.202301161003/tools/bin/../lib/gcc/arm-none-eabi/10.3.1/thumb/v7e-m+fp/hard\libgcc.a(_arm_truncdfsf2.o)
                              ./Core/Src/main.o (__aeabi_d2f)

Discarded input sections

 .text          0x0000000000000000        0x0 c:/st/stm32cubeide_1.11.0/stm32cubeide/plugins/com.st.stm32cube.ide.mcu.externaltools.gnu-tools-for-stm32.10.3-2021.10.win32_1.0.200.202301161003/tools/bin/../lib/gcc/arm-none-eabi/10.3.1/thumb/v7e-m+fp/hard/crti.o
 .data          0x0000000000000000        0x0 c:/st/stm32cubeide_1.11.0/stm32cubeide/plugins/com.st.stm32cube.ide.mcu.externaltools.gnu-tools-for-stm32.10.3-2021.10.win32_1.0.200.202301161003/tools/bin/../lib/gcc/arm-none-eabi/10.3.1/thumb/v7e-m+fp/hard/crti.o
 .bss           0x0000000000000000        0x0 c:/st/stm32cubeide_1.11.0/stm32cubeide/plugins/com.st.stm32cube.ide.mcu.externaltools.gnu-tools-for-stm32.10.3-2021.10.win32_1.0.200.202301161003/tools/bin/../lib/gcc/arm-none-eabi/10.3.1/thumb/v7e-m+fp/hard/crti.o
 .data          0x0000000000000000        0x4 c:/st/stm32cubeide_1.11.0/stm32cubeide/plugins/com.st.stm32cube.ide.mcu.externaltools.gnu-tools-for-stm32.10.3-2021.10.win32_1.0.200.202301161003/tools/bin/../lib/gcc/arm-none-eabi/10.3.1/thumb/v7e-m+fp/hard/crtbegin.o
[...]
Memory Configuration

Name             Origin             Length             Attributes
FLASH            0x0000000008000000 0x0000000000050000 xr
RAM1             0x0000000020000008 0x000000000002fff8 xrw
RAM_SHARED       0x0000000020030000 0x0000000000002800 xrw
*default*        0x0000000000000000 0xffffffffffffffff

Linker script and memory map

LOAD c:/st/stm32cubeide_1.11.0/stm32cubeide/plugins/com.st.stm32cube.ide.mcu.externaltools.gnu-tools-for-stm32.10.3-2021.10.win32_1.0.200.202301161003/tools/bin/../lib/gcc/arm-none-eabi/10.3.1/thumb/v7e-m+fp/hard/crti.o
LOAD c:/st/stm32cubeide_1.11.0/stm32cubeide/plugins/com.st.stm32cube.ide.mcu.externaltools.gnu-tools-for-stm32.10.3-2021.10.win32_1.0.200.202301161003/tools/bin/../lib/gcc/arm-none-eabi/10.3.1/thumb/v7e-m+fp/hard/crtbegin.o
LOAD c:/st/stm32cubeide_1.11.0/stm32cubeide/plugins/com.st.stm32cube.ide.mcu.externaltools.gnu-tools-for-stm32.10.3-2021.10.win32_1.0.200.202301161003/tools/bin/../lib/gcc/arm-none-eabi/10.3.1/../../../../arm-none-eabi/lib/thumb/v7e-m+fp/hard/crt0.o
LOAD ./Core/Src/main.o
LOAD ./Core/Src/stm32wbxx_hal_msp.o
LOAD ./Core/Src/stm32wbxx_it.o
LOAD ./Core/Src/syscalls.o
LOAD ./Core/Src/sysmem.o
LOAD ./Core/Src/system_stm32wbxx.o
LOAD ./Core/Startup/startup_stm32wb55ceux.o
LOAD ./Drivers/STM32WBxx_HAL_Driver/Src/stm32wbxx_hal.o
LOAD ./Drivers/STM32WBxx_HAL_Driver/Src/stm32wbxx_hal_cortex.o
LOAD ./Drivers/STM32WBxx_HAL_Driver/Src/stm32wbxx_hal_dma.o
LOAD ./Drivers/STM32WBxx_HAL_Driver/Src/stm32wbxx_hal_dma_ex.o
LOAD ./Drivers/STM32WBxx_HAL_Driver/Src/stm32wbxx_hal_exti.o
LOAD ./Drivers/STM32WBxx_HAL_Driver/Src/stm32wbxx_hal_flash.o
LOAD ./Drivers/STM32WBxx_HAL_Driver/Src/stm32wbxx_hal_flash_ex.o
LOAD ./Drivers/STM32WBxx_HAL_Driver/Src/stm32wbxx_hal_gpio.o
LOAD ./Drivers/STM32WBxx_HAL_Driver/Src/stm32wbxx_hal_hsem.o
LOAD ./Drivers/STM32WBxx_HAL_Driver/Src/stm32wbxx_hal_i2c.o
LOAD ./Drivers/STM32WBxx_HAL_Driver/Src/stm32wbxx_hal_i2c_ex.o
LOAD ./Drivers/STM32WBxx_HAL_Driver/Src/stm32wbxx_hal_pwr.o
LOAD ./Drivers/STM32WBxx_HAL_Driver/Src/stm32wbxx_hal_pwr_ex.o
LOAD ./Drivers/STM32WBxx_HAL_Driver/Src/stm32wbxx_hal_rcc.o
LOAD ./Drivers/STM32WBxx_HAL_Driver/Src/stm32wbxx_hal_rcc_ex.o
LOAD ./Drivers/STM32WBxx_HAL_Driver/Src/stm32wbxx_ll_rcc.o
LOAD ./I2C_LIB/Src/i2c1.o
LOAD ./max/Src/heartRate.o
LOAD ./max/Src/max30102.o
LOAD ./max/Src/spo2_algorithm.o
START GROUP
LOAD c:/st/stm32cubeide_1.11.0/stm32cubeide/plugins/com.st.stm32cube.ide.mcu.externaltools.gnu-tools-for-stm32.10.3-2021.10.win32_1.0.200.202301161003/tools/bin/../lib/gcc/arm-none-eabi/10.3.1/../../../../arm-none-eabi/lib/thumb/v7e-m+fp/hard\libc_nano.a
LOAD c:/st/stm32cubeide_1.11.0/stm32cubeide/plugins/com.st.stm32cube.ide.mcu.externaltools.gnu-tools-for-stm32.10.3-2021.10.win32_1.0.200.202301161003/tools/bin/../lib/gcc/arm-none-eabi/10.3.1/../../../../arm-none-eabi/lib/thumb/v7e-m+fp/hard\libm.a
END GROUP
START GROUP
LOAD c:/st/stm32cubeide_1.11.0/stm32cubeide/plugins/com.st.stm32cube.ide.mcu.externaltools.gnu-tools-for-stm32.10.3-2021.10.win32_1.0.200.202301161003/tools/bin/../lib/gcc/arm-none-eabi/10.3.1/thumb/v7e-m+fp/hard\libgcc.a
LOAD c:/st/stm32cubeide_1.11.0/stm32cubeide/plugins/com.st.stm32cube.ide.mcu.externaltools.gnu-tools-for-stm32.10.3-2021.10.win32_1.0.200.202301161003/tools/bin/../lib/gcc/arm-none-eabi/10.3.1/../../../../arm-none-eabi/lib/thumb/v7e-m+fp/hard\libc_nano.a
END GROUP
START GROUP
LOAD c:/st/stm32cubeide_1.11.0/stm32cubeide/plugins/com.st.stm32cube.ide.mcu.externaltools.gnu-tools-for-stm32.10.3-2021.10.win32_1.0.200.202301161003/tools/bin/../lib/gcc/arm-none-eabi/10.3.1/thumb/v7e-m+fp/hard\libgcc.a
LOAD c:/st/stm32cubeide_1.11.0/stm32cubeide/plugins/com.st.stm32cube.ide.mcu.externaltools.gnu-tools-for-stm32.10.3-2021.10.win32_1.0.200.202301161003/tools/bin/../lib/gcc/arm-none-eabi/10.3.1/../../../../arm-none-eabi/lib/thumb/v7e-m+fp/hard\libc_nano.a
LOAD c:/st/stm32cubeide_1.11.0/stm32cubeide/plugins/com.st.stm32cube.ide.mcu.externaltools.gnu-tools-for-stm32.10.3-2021.10.win32_1.0.200.202301161003/tools/bin/../lib/gcc/arm-none-eabi/10.3.1/../../../../arm-none-eabi/lib/thumb/v7e-m+fp/hard\libnosys.a
END GROUP
START GROUP
LOAD c:/st/stm32cubeide_1.11.0/stm32cubeide/plugins/com.st.stm32cube.ide.mcu.externaltools.gnu-tools-for-stm32.10.3-2021.10.win32_1.0.200.202301161003/tools/bin/../lib/gcc/arm-none-eabi/10.3.1/thumb/v7e-m+fp/hard\libgcc.a
LOAD c:/st/stm32cubeide_1.11.0/stm32cubeide/plugins/com.st.stm32cube.ide.mcu.externaltools.gnu-tools-for-stm32.10.3-2021.10.win32_1.0.200.202301161003/tools/bin/../lib/gcc/arm-none-eabi/10.3.1/../../../../arm-none-eabi/lib/thumb/v7e-m+fp/hard\libc_nano.a
LOAD c:/st/stm32cubeide_1.11.0/stm32cubeide/plugins/com.st.stm32cube.ide.mcu.externaltools.gnu-tools-for-stm32.10.3-2021.10.win32_1.0.200.202301161003/tools/bin/../lib/gcc/arm-none-eabi/10.3.1/../../../../arm-none-eabi/lib/thumb/v7e-m+fp/hard\libnosys.a
END GROUP
LOAD c:/st/stm32cubeide_1.11.0/stm32cubeide/plugins/com.st.stm32cube.ide.mcu.externaltools.gnu-tools-for-stm32.10.3-2021.10.win32_1.0.200.202301161003/tools/bin/../lib/gcc/arm-none-eabi/10.3.1/thumb/v7e-m+fp/hard/crtend.o
LOAD c:/st/stm32cubeide_1.11.0/stm32cubeide/plugins/com.st.stm32cube.ide.mcu.externaltools.gnu-tools-for-stm32.10.3-2021.10.win32_1.0.200.202301161003/tools/bin/../lib/gcc/arm-none-eabi/10.3.1/thumb/v7e-m+fp/hard/crtn.o
                0x0000000020030000                _estack = (ORIGIN (RAM1) + LENGTH (RAM1))
                0x0000000000000200                _Min_Heap_Size = 0x200
                0x0000000000000400                _Min_Stack_Size = 0x400

.isr_vector     0x0000000008000000      0x13c
                0x0000000008000000                . = ALIGN (0x4)
 *(.isr_vector)
 .isr_vector    0x0000000008000000      0x13c ./Core/Startup/startup_stm32wb55ceux.o
                0x0000000008000000                g_pfnVectors
                0x000000000800013c                . = ALIGN (0x4)

.text           0x000000000800013c     0x5208
                0x000000000800013c                . = ALIGN (0x4)
 *(.text)
 .text          0x000000000800013c       0x40 c:/st/stm32cubeide_1.11.0/stm32cubeide/plugins/com.st.stm32cube.ide.mcu.externaltools.gnu-tools-for-stm32.10.3-2021.10.win32_1.0.200.202301161003/tools/bin/../lib/gcc/arm-none-eabi/10.3.1/thumb/v7e-m+fp/hard/crtbegin.o
 .text          0x000000000800017c      0x378 c:/st/stm32cubeide_1.11.0/stm32cubeide/plugins/com.st.stm32cube.ide.mcu.externaltools.gnu-tools-for-stm32.10.3-2021.10.win32_1.0.200.202301161003/tools/bin/../lib/gcc/arm-none-eabi/10.3.1/thumb/v7e-m+fp/hard\libgcc.a(_arm_addsubdf3.o)
                0x000000000800017c                __aeabi_drsub
                0x0000000008000184                __aeabi_dsub
                0x0000000008000184                __subdf3
                0x0000000008000188                __aeabi_dadd
                0x0000000008000188                __adddf3
                0x0000000008000400                __floatunsidf
                0x0000000008000400                __aeabi_ui2d
                0x0000000008000420                __floatsidf
                0x0000000008000420                __aeabi_i2d
                0x0000000008000444                __aeabi_f2d
                0x0000000008000444                __extendsfdf2
                0x0000000008000488                __floatundidf
                0x0000000008000488                __aeabi_ul2d
                0x0000000008000498                __floatdidf
                0x0000000008000498                __aeabi_l2d
 .text          0x00000000080004f4      0x424 c:/st/stm32cubeide_1.11.0/stm32cubeide/plugins/com.st.stm32cube.ide.mcu.externaltools.gnu-tools-for-stm32.10.3-2021.10.win32_1.0.200.202301161003/tools/bin/../lib/gcc/arm-none-eabi/10.3.1/thumb/v7e-m+fp/hard\libgcc.a(_arm_muldivdf3.o)
                0x00000000080004f4                __aeabi_dmul
                0x00000000080004f4                __muldf3
                0x0000000008000748                __divdf3
                0x0000000008000748                __aeabi_ddiv
 .text          0x0000000008000918       0xa0 c:/st/stm32cubeide_1.11.0/stm32cubeide/plugins/com.st.stm32cube.ide.mcu.externaltools.gnu-tools-for-stm32.10.3-2021.10.win32_1.0.200.202301161003/tools/bin/../lib/gcc/arm-none-eabi/10.3.1/thumb/v7e-m+fp/hard\libgcc.a(_arm_truncdfsf2.o)
                0x0000000008000918                __truncdfsf2
                0x0000000008000918                __aeabi_d2f
 *(.text*)
 .text.__NVIC_SetPriority
                0x00000000080009b8       0x54 ./Core/Src/main.o
 .text.SysTick_Config
                0x0000000008000a0c       0x44 ./Core/Src/main.o
 .text.LL_AHB2_GRP1_EnableClock
                0x0000000008000a50       0x32 ./Core/Src/main.o
 *fill*         0x0000000008000a82        0x2 
 .text.main     0x0000000008000a84      0x274 ./Core/Src/main.o
                0x0000000008000a84                main
 .text.SystemClock_Config
                0x0000000008000cf8       0xb0 ./Core/Src/main.o
                0x0000000008000cf8                SystemClock_Config
 .text.PeriphCommonClock_Config
                0x0000000008000da8       0x3a ./Core/Src/main.o
                0x0000000008000da8                PeriphCommonClock_Config
 *fill*         0x0000000008000de2        0x2 
 .text.MX_I2C1_Init
                0x0000000008000de4       0x7c ./Core/Src/main.o
 .text.MX_GPIO_Init
                0x0000000008000e60        0xe ./Core/Src/main.o
 .text.Error_Handler
                0x0000000008000e6e        0xa ./Core/Src/main.o
                0x0000000008000e6e                Error_Handler
 .text.LL_AHB2_GRP1_EnableClock
                0x0000000008000e78       0x32 ./Core/Src/stm32wbxx_hal_msp.o
 .text.LL_APB1_GRP1_EnableClock
                0x0000000008000eaa       0x32 ./Core/Src/stm32wbxx_hal_msp.o
 .text.HAL_MspInit
                0x0000000008000edc        0xe ./Core/Src/stm32wbxx_hal_msp.o
                0x0000000008000edc                HAL_MspInit
 *fill*         0x0000000008000eea        0x2 
 .text.HAL_I2C_MspInit
                0x0000000008000eec       0x90 ./Core/Src/stm32wbxx_hal_msp.o
                0x0000000008000eec                HAL_I2C_MspInit
 .text.NMI_Handler
                0x0000000008000f7c        0x6 ./Core/Src/stm32wbxx_it.o
                0x0000000008000f7c                NMI_Handler
 .text.HardFault_Handler
                0x0000000008000f82        0x6 ./Core/Src/stm32wbxx_it.o
                0x0000000008000f82                HardFault_Handler
 .text.MemManage_Handler
                0x0000000008000f88        0x6 ./Core/Src/stm32wbxx_it.o
                0x0000000008000f88                MemManage_Handler
 .text.BusFault_Handler
                0x0000000008000f8e        0x6 ./Core/Src/stm32wbxx_it.o
                0x0000000008000f8e                BusFault_Handler
 .text.UsageFault_Handler
                0x0000000008000f94        0x6 ./Core/Src/stm32wbxx_it.o
                0x0000000008000f94                UsageFault_Handler
 .text.SVC_Handler
                0x0000000008000f9a        0xe ./Core/Src/stm32wbxx_it.o
                0x0000000008000f9a                SVC_Handler
 .text.DebugMon_Handler
                0x0000000008000fa8        0xe ./Core/Src/stm32wbxx_it.o
                0x0000000008000fa8                DebugMon_Handler
 .text.PendSV_Handler
                0x0000000008000fb6        0xe ./Core/Src/stm32wbxx_it.o
                0x0000000008000fb6                PendSV_Handler
 .text.SysTick_Handler
                0x0000000008000fc4        0xc ./Core/Src/stm32wbxx_it.o
                0x0000000008000fc4                SysTick_Handler
 .text.SystemInit
                0x0000000008000fd0       0xa4 ./Core/Src/system_stm32wbxx.o
                0x0000000008000fd0                SystemInit
 .text.data_initializers
                0x0000000008001074       0x18 ./Core/Startup/startup_stm32wb55ceux.o
 .text.Reset_Handler
                0x000000000800108c       0x58 ./Core/Startup/startup_stm32wb55ceux.o
                0x000000000800108c                Reset_Handler
 .text.Default_Handler
                0x00000000080010e4        0x2 ./Core/Startup/startup_stm32wb55ceux.o
                0x00000000080010e4                RTC_Alarm_IRQHandler
                0x00000000080010e4                EXTI2_IRQHandler
                0x00000000080010e4                TIM1_CC_IRQHandler
                0x00000000080010e4                TSC_IRQHandler
                0x00000000080010e4                USB_HP_IRQHandler
                0x00000000080010e4                EXTI3_IRQHandler
                0x00000000080010e4                LPTIM2_IRQHandler
                0x00000000080010e4                I2C3_ER_IRQHandler
                0x00000000080010e4                EXTI0_IRQHandler
                0x00000000080010e4                FPU_IRQHandler
                0x00000000080010e4                TIM1_UP_TIM16_IRQHandler
                0x00000000080010e4                AES1_IRQHandler
                0x00000000080010e4                SPI1_IRQHandler
                0x00000000080010e4                PWR_SOTF_BLEACT_802ACT_RFPHASE_IRQHandler
                0x00000000080010e4                DMA2_Channel2_IRQHandler
                0x00000000080010e4                DMA1_Channel4_IRQHandler
                0x00000000080010e4                ADC1_IRQHandler
                0x00000000080010e4                PKA_IRQHandler
                0x00000000080010e4                DMA1_Channel7_IRQHandler
                0x00000000080010e4                LCD_IRQHandler
                0x00000000080010e4                IPCC_C1_TX_IRQHandler
                0x00000000080010e4                DMA2_Channel1_IRQHandler
                0x00000000080010e4                QUADSPI_IRQHandler
                0x00000000080010e4                I2C1_EV_IRQHandler
                0x00000000080010e4                DMAMUX1_OVR_IRQHandler
                0x00000000080010e4                DMA1_Channel6_IRQHandler
                0x00000000080010e4                DMA2_Channel4_IRQHandler
                0x00000000080010e4                RCC_IRQHandler
                0x00000000080010e4                DMA1_Channel1_IRQHandler
                0x00000000080010e4                Default_Handler
                0x00000000080010e4                DMA2_Channel7_IRQHandler
                0x00000000080010e4                EXTI15_10_IRQHandler
                0x00000000080010e4                IPCC_C1_RX_IRQHandler
                0x00000000080010e4                C2SEV_PWR_C2H_IRQHandler
                0x00000000080010e4                AES2_IRQHandler
                0x00000000080010e4                I2C3_EV_IRQHandler
                0x00000000080010e4                EXTI9_5_IRQHandler
                0x00000000080010e4                RTC_WKUP_IRQHandler
                0x00000000080010e4                PVD_PVM_IRQHandler
                0x00000000080010e4                SPI2_IRQHandler
                0x00000000080010e4                DMA2_Channel5_IRQHandler
                0x00000000080010e4                CRS_IRQHandler
                0x00000000080010e4                DMA1_Channel5_IRQHandler
                0x00000000080010e4                USB_LP_IRQHandler
                0x00000000080010e4                EXTI4_IRQHandler
                0x00000000080010e4                RNG_IRQHandler
                0x00000000080010e4                TIM1_TRG_COM_TIM17_IRQHandler
                0x00000000080010e4                TAMP_STAMP_LSECSS_IRQHandler
                0x00000000080010e4                DMA1_Channel3_IRQHandler
                0x00000000080010e4                COMP_IRQHandler
                0x00000000080010e4                HSEM_IRQHandler
                0x00000000080010e4                WWDG_IRQHandler
                0x00000000080010e4                LPUART1_IRQHandler
                0x00000000080010e4                DMA2_Channel6_IRQHandler
                0x00000000080010e4                TIM2_IRQHandler
                0x00000000080010e4                TIM1_BRK_IRQHandler
                0x00000000080010e4                EXTI1_IRQHandler
                0x00000000080010e4                DMA1_Channel2_IRQHandler
                0x00000000080010e4                FLASH_IRQHandler
                0x00000000080010e4                USART1_IRQHandler
                0x00000000080010e4                I2C1_ER_IRQHandler
                0x00000000080010e4                LPTIM1_IRQHandler
                0x00000000080010e4                SAI1_IRQHandler
                0x00000000080010e4                DMA2_Channel3_IRQHandler
 *fill*         0x00000000080010e6        0x2 
 .text.HAL_Init
                0x00000000080010e8       0x40 ./Drivers/STM32WBxx_HAL_Driver/Src/stm32wbxx_hal.o
                0x00000000080010e8                HAL_Init
 .text.HAL_InitTick
                0x0000000008001128       0x74 ./Drivers/STM32WBxx_HAL_Driver/Src/stm32wbxx_hal.o
                0x0000000008001128                HAL_InitTick
 .text.HAL_IncTick
                0x000000000800119c       0x28 ./Drivers/STM32WBxx_HAL_Driver/Src/stm32wbxx_hal.o
                0x000000000800119c                HAL_IncTick
 .text.HAL_GetTick
                0x00000000080011c4       0x18 ./Drivers/STM32WBxx_HAL_Driver/Src/stm32wbxx_hal.o
                0x00000000080011c4                HAL_GetTick
 .text.HAL_GetTickPrio
                0x00000000080011dc       0x18 ./Drivers/STM32WBxx_HAL_Driver/Src/stm32wbxx_hal.o
                0x00000000080011dc                HAL_GetTickPrio
 .text.HAL_Delay
                0x00000000080011f4       0x48 ./Drivers/STM32WBxx_HAL_Driver/Src/stm32wbxx_hal.o
                0x00000000080011f4                HAL_Delay
 .text.__NVIC_SetPriorityGrouping
                0x000000000800123c       0x48 ./Drivers/STM32WBxx_HAL_Driver/Src/stm32wbxx_hal_cortex.o
 .text.__NVIC_GetPriorityGrouping
                0x0000000008001284       0x1c ./Drivers/STM32WBxx_HAL_Driver/Src/stm32wbxx_hal_cortex.o
 .text.__NVIC_SetPriority
                0x00000000080012a0       0x54 ./Drivers/STM32WBxx_HAL_Driver/Src/stm32wbxx_hal_cortex.o
 .text.NVIC_EncodePriority
                0x00000000080012f4       0x66 ./Drivers/STM32WBxx_HAL_Driver/Src/stm32wbxx_hal_cortex.o
 *fill*         0x000000000800135a        0x2 
 .text.SysTick_Config
                0x000000000800135c       0x44 ./Drivers/STM32WBxx_HAL_Driver/Src/stm32wbxx_hal_cortex.o
 .text.HAL_NVIC_SetPriorityGrouping
                0x00000000080013a0       0x16 ./Drivers/STM32WBxx_HAL_Driver/Src/stm32wbxx_hal_cortex.o
                0x00000000080013a0                HAL_NVIC_SetPriorityGrouping
 .text.HAL_NVIC_SetPriority
                0x00000000080013b6       0x34 ./Drivers/STM32WBxx_HAL_Driver/Src/stm32wbxx_hal_cortex.o
                0x00000000080013b6                HAL_NVIC_SetPriority
 .text.HAL_SYSTICK_Config
                0x00000000080013ea       0x18 ./Drivers/STM32WBxx_HAL_Driver/Src/stm32wbxx_hal_cortex.o
                0x00000000080013ea                HAL_SYSTICK_Config
 *fill*         0x0000000008001402        0x2 
 .text.HAL_GPIO_Init
                0x0000000008001404      0x2e0 ./Drivers/STM32WBxx_HAL_Driver/Src/stm32wbxx_hal_gpio.o
                0x0000000008001404                HAL_GPIO_Init
 .text.HAL_I2C_Init
                0x00000000080016e4      0x11e ./Drivers/STM32WBxx_HAL_Driver/Src/stm32wbxx_hal_i2c.o
                0x00000000080016e4                HAL_I2C_Init
 *fill*         0x0000000008001802        0x2 
 .text.HAL_I2C_Mem_Write
                0x0000000008001804      0x228 ./Drivers/STM32WBxx_HAL_Driver/Src/stm32wbxx_hal_i2c.o
                0x0000000008001804                HAL_I2C_Mem_Write
 .text.HAL_I2C_Mem_Read
                0x0000000008001a2c      0x234 ./Drivers/STM32WBxx_HAL_Driver/Src/stm32wbxx_hal_i2c.o
                0x0000000008001a2c                HAL_I2C_Mem_Read
 .text.I2C_RequestMemoryWrite
                0x0000000008001c60       0xa8 ./Drivers/STM32WBxx_HAL_Driver/Src/stm32wbxx_hal_i2c.o
 .text.I2C_RequestMemoryRead
                0x0000000008001d08       0xa8 ./Drivers/STM32WBxx_HAL_Driver/Src/stm32wbxx_hal_i2c.o
 .text.I2C_Flush_TXDR
                0x0000000008001db0       0x48 ./Drivers/STM32WBxx_HAL_Driver/Src/stm32wbxx_hal_i2c.o
 .text.I2C_WaitOnFlagUntilTimeout
                0x0000000008001df8       0x80 ./Drivers/STM32WBxx_HAL_Driver/Src/stm32wbxx_hal_i2c.o
 .text.I2C_WaitOnTXISFlagUntilTimeout
                0x0000000008001e78       0x80 ./Drivers/STM32WBxx_HAL_Driver/Src/stm32wbxx_hal_i2c.o
 .text.I2C_WaitOnSTOPFlagUntilTimeout
                0x0000000008001ef8       0x78 ./Drivers/STM32WBxx_HAL_Driver/Src/stm32wbxx_hal_i2c.o
 .text.I2C_IsErrorOccurred
                0x0000000008001f70      0x1d8 ./Drivers/STM32WBxx_HAL_Driver/Src/stm32wbxx_hal_i2c.o
 .text.I2C_TransferConfig
                0x0000000008002148       0x64 ./Drivers/STM32WBxx_HAL_Driver/Src/stm32wbxx_hal_i2c.o
 .text.HAL_I2CEx_ConfigAnalogFilter
                0x00000000080021ac       0x96 ./Drivers/STM32WBxx_HAL_Driver/Src/stm32wbxx_hal_i2c_ex.o
                0x00000000080021ac                HAL_I2CEx_ConfigAnalogFilter
 .text.HAL_I2CEx_ConfigDigitalFilter
                0x0000000008002242       0x98 ./Drivers/STM32WBxx_HAL_Driver/Src/stm32wbxx_hal_i2c_ex.o
                0x0000000008002242                HAL_I2CEx_ConfigDigitalFilter
 *fill*         0x00000000080022da        0x2 
 .text.HAL_PWR_EnableBkUpAccess
                0x00000000080022dc       0x20 ./Drivers/STM32WBxx_HAL_Driver/Src/stm32wbxx_hal_pwr.o
                0x00000000080022dc                HAL_PWR_EnableBkUpAccess
 .text.HAL_PWREx_GetVoltageRange
                0x00000000080022fc       0x1c ./Drivers/STM32WBxx_HAL_Driver/Src/stm32wbxx_hal_pwr_ex.o
                0x00000000080022fc                HAL_PWREx_GetVoltageRange
 .text.LL_RCC_HSE_IsEnabledDiv2
                0x0000000008002318       0x24 ./Drivers/STM32WBxx_HAL_Driver/Src/stm32wbxx_hal_rcc.o
 .text.LL_RCC_HSE_Enable
                0x000000000800233c       0x1e ./Drivers/STM32WBxx_HAL_Driver/Src/stm32wbxx_hal_rcc.o
 .text.LL_RCC_HSE_Disable
                0x000000000800235a       0x1e ./Drivers/STM32WBxx_HAL_Driver/Src/stm32wbxx_hal_rcc.o
 .text.LL_RCC_HSE_IsReady
                0x0000000008002378       0x24 ./Drivers/STM32WBxx_HAL_Driver/Src/stm32wbxx_hal_rcc.o
 .text.LL_RCC_HSI_Enable
                0x000000000800239c       0x1e ./Drivers/STM32WBxx_HAL_Driver/Src/stm32wbxx_hal_rcc.o
 .text.LL_RCC_HSI_Disable
                0x00000000080023ba       0x1e ./Drivers/STM32WBxx_HAL_Driver/Src/stm32wbxx_hal_rcc.o
 .text.LL_RCC_HSI_IsReady
                0x00000000080023d8       0x24 ./Drivers/STM32WBxx_HAL_Driver/Src/stm32wbxx_hal_rcc.o
 .text.LL_RCC_HSI_SetCalibTrimming
                0x00000000080023fc       0x2a ./Drivers/STM32WBxx_HAL_Driver/Src/stm32wbxx_hal_rcc.o
 .text.LL_RCC_HSI48_Enable
                0x0000000008002426       0x22 ./Drivers/STM32WBxx_HAL_Driver/Src/stm32wbxx_hal_rcc.o
 .text.LL_RCC_HSI48_Disable
                0x0000000008002448       0x22 ./Drivers/STM32WBxx_HAL_Driver/Src/stm32wbxx_hal_rcc.o
 .text.LL_RCC_HSI48_IsReady
                0x000000000800246a       0x24 ./Drivers/STM32WBxx_HAL_Driver/Src/stm32wbxx_hal_rcc.o
 .text.LL_RCC_LSE_Enable
                0x000000000800248e       0x22 ./Drivers/STM32WBxx_HAL_Driver/Src/stm32wbxx_hal_rcc.o
 .text.LL_RCC_LSE_Disable
                0x00000000080024b0       0x22 ./Drivers/STM32WBxx_HAL_Driver/Src/stm32wbxx_hal_rcc.o
 .text.LL_RCC_LSE_EnableBypass
                0x00000000080024d2       0x22 ./Drivers/STM32WBxx_HAL_Driver/Src/stm32wbxx_hal_rcc.o
 .text.LL_RCC_LSE_DisableBypass
                0x00000000080024f4       0x22 ./Drivers/STM32WBxx_HAL_Driver/Src/stm32wbxx_hal_rcc.o
 .text.LL_RCC_LSE_IsReady
                0x0000000008002516       0x24 ./Drivers/STM32WBxx_HAL_Driver/Src/stm32wbxx_hal_rcc.o
 .text.LL_RCC_LSI1_Enable
                0x000000000800253a       0x22 ./Drivers/STM32WBxx_HAL_Driver/Src/stm32wbxx_hal_rcc.o
 .text.LL_RCC_LSI1_Disable
                0x000000000800255c       0x22 ./Drivers/STM32WBxx_HAL_Driver/Src/stm32wbxx_hal_rcc.o
 .text.LL_RCC_LSI1_IsReady
                0x000000000800257e       0x24 ./Drivers/STM32WBxx_HAL_Driver/Src/stm32wbxx_hal_rcc.o
 .text.LL_RCC_LSI2_Enable
                0x00000000080025a2       0x22 ./Drivers/STM32WBxx_HAL_Driver/Src/stm32wbxx_hal_rcc.o
 .text.LL_RCC_LSI2_Disable
                0x00000000080025c4       0x22 ./Drivers/STM32WBxx_HAL_Driver/Src/stm32wbxx_hal_rcc.o
 .text.LL_RCC_LSI2_IsReady
                0x00000000080025e6       0x24 ./Drivers/STM32WBxx_HAL_Driver/Src/stm32wbxx_hal_rcc.o
 .text.LL_RCC_LSI2_SetTrimming
                0x000000000800260a       0x2e ./Drivers/STM32WBxx_HAL_Driver/Src/stm32wbxx_hal_rcc.o
 .text.LL_RCC_MSI_Enable
                0x0000000008002638       0x1e ./Drivers/STM32WBxx_HAL_Driver/Src/stm32wbxx_hal_rcc.o
 .text.LL_RCC_MSI_Disable
                0x0000000008002656       0x1e ./Drivers/STM32WBxx_HAL_Driver/Src/stm32wbxx_hal_rcc.o
 .text.LL_RCC_MSI_IsReady
                0x0000000008002674       0x22 ./Drivers/STM32WBxx_HAL_Driver/Src/stm32wbxx_hal_rcc.o
 .text.LL_RCC_MSI_SetRange
                0x0000000008002696       0x28 ./Drivers/STM32WBxx_HAL_Driver/Src/stm32wbxx_hal_rcc.o
 .text.LL_RCC_MSI_GetRange
                0x00000000080026be       0x2a ./Drivers/STM32WBxx_HAL_Driver/Src/stm32wbxx_hal_rcc.o
 .text.LL_RCC_MSI_SetCalibTrimming
                0x00000000080026e8       0x2a ./Drivers/STM32WBxx_HAL_Driver/Src/stm32wbxx_hal_rcc.o
 .text.LL_RCC_SetSysClkSource
                0x0000000008002712       0x28 ./Drivers/STM32WBxx_HAL_Driver/Src/stm32wbxx_hal_rcc.o
 .text.LL_RCC_GetSysClkSource
                0x000000000800273a       0x18 ./Drivers/STM32WBxx_HAL_Driver/Src/stm32wbxx_hal_rcc.o
 .text.LL_RCC_SetAHBPrescaler
                0x0000000008002752       0x28 ./Drivers/STM32WBxx_HAL_Driver/Src/stm32wbxx_hal_rcc.o
 .text.LL_C2_RCC_SetAHBPrescaler
                0x000000000800277a       0x2c ./Drivers/STM32WBxx_HAL_Driver/Src/stm32wbxx_hal_rcc.o
 .text.LL_RCC_SetAHB4Prescaler
                0x00000000080027a6       0x2e ./Drivers/STM32WBxx_HAL_Driver/Src/stm32wbxx_hal_rcc.o
 .text.LL_RCC_SetAPB1Prescaler
                0x00000000080027d4       0x28 ./Drivers/STM32WBxx_HAL_Driver/Src/stm32wbxx_hal_rcc.o
 .text.LL_RCC_SetAPB2Prescaler
                0x00000000080027fc       0x28 ./Drivers/STM32WBxx_HAL_Driver/Src/stm32wbxx_hal_rcc.o
 .text.LL_RCC_GetAHBPrescaler
                0x0000000008002824       0x18 ./Drivers/STM32WBxx_HAL_Driver/Src/stm32wbxx_hal_rcc.o
 .text.LL_RCC_GetAHB4Prescaler
                0x000000000800283c       0x1c ./Drivers/STM32WBxx_HAL_Driver/Src/stm32wbxx_hal_rcc.o
 .text.LL_RCC_PLL_Enable
                0x0000000008002858       0x1e ./Drivers/STM32WBxx_HAL_Driver/Src/stm32wbxx_hal_rcc.o
 .text.LL_RCC_PLL_Disable
                0x0000000008002876       0x1e ./Drivers/STM32WBxx_HAL_Driver/Src/stm32wbxx_hal_rcc.o
 .text.LL_RCC_PLL_IsReady
                0x0000000008002894       0x24 ./Drivers/STM32WBxx_HAL_Driver/Src/stm32wbxx_hal_rcc.o
 .text.LL_RCC_PLL_GetN
                0x00000000080028b8       0x1a ./Drivers/STM32WBxx_HAL_Driver/Src/stm32wbxx_hal_rcc.o
 .text.LL_RCC_PLL_GetR
                0x00000000080028d2       0x18 ./Drivers/STM32WBxx_HAL_Driver/Src/stm32wbxx_hal_rcc.o
 .text.LL_RCC_PLL_GetDivider
                0x00000000080028ea       0x18 ./Drivers/STM32WBxx_HAL_Driver/Src/stm32wbxx_hal_rcc.o
 .text.LL_RCC_PLL_GetMainSource
                0x0000000008002902       0x18 ./Drivers/STM32WBxx_HAL_Driver/Src/stm32wbxx_hal_rcc.o
 .text.LL_RCC_IsActiveFlag_HPRE
                0x000000000800291a       0x24 ./Drivers/STM32WBxx_HAL_Driver/Src/stm32wbxx_hal_rcc.o
 .text.LL_RCC_IsActiveFlag_C2HPRE
                0x000000000800293e       0x26 ./Drivers/STM32WBxx_HAL_Driver/Src/stm32wbxx_hal_rcc.o
 .text.LL_RCC_IsActiveFlag_SHDHPRE
                0x0000000008002964       0x26 ./Drivers/STM32WBxx_HAL_Driver/Src/stm32wbxx_hal_rcc.o
 .text.LL_RCC_IsActiveFlag_PPRE1
                0x000000000800298a       0x24 ./Drivers/STM32WBxx_HAL_Driver/Src/stm32wbxx_hal_rcc.o
 .text.LL_RCC_IsActiveFlag_PPRE2
                0x00000000080029ae       0x24 ./Drivers/STM32WBxx_HAL_Driver/Src/stm32wbxx_hal_rcc.o
 *fill*         0x00000000080029d2        0x2 
 .text.HAL_RCC_OscConfig
                0x00000000080029d4      0x6e8 ./Drivers/STM32WBxx_HAL_Driver/Src/stm32wbxx_hal_rcc.o
                0x00000000080029d4                HAL_RCC_OscConfig
 .text.HAL_RCC_ClockConfig
                0x00000000080030bc      0x280 ./Drivers/STM32WBxx_HAL_Driver/Src/stm32wbxx_hal_rcc.o
                0x00000000080030bc                HAL_RCC_ClockConfig
 .text.HAL_RCC_GetSysClockFreq
                0x000000000800333c       0xdc ./Drivers/STM32WBxx_HAL_Driver/Src/stm32wbxx_hal_rcc.o
                0x000000000800333c                HAL_RCC_GetSysClockFreq
 .text.HAL_RCC_GetHCLKFreq
                0x0000000008003418       0x28 ./Drivers/STM32WBxx_HAL_Driver/Src/stm32wbxx_hal_rcc.o
                0x0000000008003418                HAL_RCC_GetHCLKFreq
 .text.RCC_SetFlashLatencyFromMSIRange
                0x0000000008003440       0x70 ./Drivers/STM32WBxx_HAL_Driver/Src/stm32wbxx_hal_rcc.o
 .text.RCC_SetFlashLatency
                0x00000000080034b0       0xf8 ./Drivers/STM32WBxx_HAL_Driver/Src/stm32wbxx_hal_rcc.o
 .text.LL_RCC_LSE_IsEnabled
                0x00000000080035a8       0x24 ./Drivers/STM32WBxx_HAL_Driver/Src/stm32wbxx_hal_rcc_ex.o
 .text.LL_RCC_LSE_IsReady
                0x00000000080035cc       0x24 ./Drivers/STM32WBxx_HAL_Driver/Src/stm32wbxx_hal_rcc_ex.o
 .text.LL_RCC_SetRFWKPClockSource
                0x00000000080035f0       0x2c ./Drivers/STM32WBxx_HAL_Driver/Src/stm32wbxx_hal_rcc_ex.o
 .text.LL_RCC_SetSMPSClockSource
                0x000000000800361c       0x28 ./Drivers/STM32WBxx_HAL_Driver/Src/stm32wbxx_hal_rcc_ex.o
 .text.LL_RCC_SetSMPSPrescaler
                0x0000000008003644       0x28 ./Drivers/STM32WBxx_HAL_Driver/Src/stm32wbxx_hal_rcc_ex.o
 .text.LL_RCC_SetUSARTClockSource
                0x000000000800366c       0x2c ./Drivers/STM32WBxx_HAL_Driver/Src/stm32wbxx_hal_rcc_ex.o
 .text.LL_RCC_SetLPUARTClockSource
                0x0000000008003698       0x2c ./Drivers/STM32WBxx_HAL_Driver/Src/stm32wbxx_hal_rcc_ex.o
 .text.LL_RCC_SetI2CClockSource
                0x00000000080036c4       0x3a ./Drivers/STM32WBxx_HAL_Driver/Src/stm32wbxx_hal_rcc_ex.o
 .text.LL_RCC_SetLPTIMClockSource
                0x00000000080036fe       0x34 ./Drivers/STM32WBxx_HAL_Driver/Src/stm32wbxx_hal_rcc_ex.o
 .text.LL_RCC_SetSAIClockSource
                0x0000000008003732       0x2c ./Drivers/STM32WBxx_HAL_Driver/Src/stm32wbxx_hal_rcc_ex.o
 .text.LL_RCC_SetRNGClockSource
                0x000000000800375e       0x2c ./Drivers/STM32WBxx_HAL_Driver/Src/stm32wbxx_hal_rcc_ex.o
 .text.LL_RCC_SetCLK48ClockSource
                0x000000000800378a       0x2c ./Drivers/STM32WBxx_HAL_Driver/Src/stm32wbxx_hal_rcc_ex.o
 .text.LL_RCC_SetUSBClockSource
                0x00000000080037b6       0x16 ./Drivers/STM32WBxx_HAL_Driver/Src/stm32wbxx_hal_rcc_ex.o
 .text.LL_RCC_SetADCClockSource
                0x00000000080037cc       0x2c ./Drivers/STM32WBxx_HAL_Driver/Src/stm32wbxx_hal_rcc_ex.o
 .text.LL_RCC_SetRTCClockSource
                0x00000000080037f8       0x2c ./Drivers/STM32WBxx_HAL_Driver/Src/stm32wbxx_hal_rcc_ex.o
 .text.LL_RCC_GetRTCClockSource
                0x0000000008003824       0x1a ./Drivers/STM32WBxx_HAL_Driver/Src/stm32wbxx_hal_rcc_ex.o
 .text.LL_RCC_ForceBackupDomainReset
                0x000000000800383e       0x22 ./Drivers/STM32WBxx_HAL_Driver/Src/stm32wbxx_hal_rcc_ex.o
 .text.LL_RCC_ReleaseBackupDomainReset
                0x0000000008003860       0x22 ./Drivers/STM32WBxx_HAL_Driver/Src/stm32wbxx_hal_rcc_ex.o
 .text.LL_RCC_PLLSAI1_Enable
                0x0000000008003882       0x1e ./Drivers/STM32WBxx_HAL_Driver/Src/stm32wbxx_hal_rcc_ex.o
 .text.LL_RCC_PLLSAI1_Disable
                0x00000000080038a0       0x1e ./Drivers/STM32WBxx_HAL_Driver/Src/stm32wbxx_hal_rcc_ex.o
 .text.LL_RCC_PLLSAI1_IsReady
                0x00000000080038be       0x24 ./Drivers/STM32WBxx_HAL_Driver/Src/stm32wbxx_hal_rcc_ex.o
 .text.HAL_RCCEx_PeriphCLKConfig
                0x00000000080038e2      0x2ec ./Drivers/STM32WBxx_HAL_Driver/Src/stm32wbxx_hal_rcc_ex.o
                0x00000000080038e2                HAL_RCCEx_PeriphCLKConfig
 .text.RCCEx_PLLSAI1_ConfigNP
                0x0000000008003bce       0xb6 ./Drivers/STM32WBxx_HAL_Driver/Src/stm32wbxx_hal_rcc_ex.o
 .text.RCCEx_PLLSAI1_ConfigNQ
                0x0000000008003c84       0xb6 ./Drivers/STM32WBxx_HAL_Driver/Src/stm32wbxx_hal_rcc_ex.o
 .text.RCCEx_PLLSAI1_ConfigNR
                0x0000000008003d3a       0xb6 ./Drivers/STM32WBxx_HAL_Driver/Src/stm32wbxx_hal_rcc_ex.o
 .text.I2C1_init
                0x0000000008003df0       0x20 ./I2C_LIB/Src/i2c1.o
                0x0000000008003df0                I2C1_init
 .text.I2C1_Read8
                0x0000000008003e10       0x44 ./I2C_LIB/Src/i2c1.o
                0x0000000008003e10                I2C1_Read8
 .text.I2C1_Write8
                0x0000000008003e54       0x40 ./I2C_LIB/Src/i2c1.o
                0x0000000008003e54                I2C1_Write8
 .text.I2C1_ReadBurst
                0x0000000008003e94       0x48 ./I2C_LIB/Src/i2c1.o
                0x0000000008003e94                I2C1_ReadBurst
 .text.checkForBeat
                0x0000000008003edc      0x1a0 ./max/Src/heartRate.o
                0x0000000008003edc                checkForBeat
 .text.averageDCEstimator
                0x000000000800407c       0x36 ./max/Src/heartRate.o
                0x000000000800407c                averageDCEstimator
 *fill*         0x00000000080040b2        0x2 
 .text.lowPassFIRFilter
                0x00000000080040b4       0xcc ./max/Src/heartRate.o
                0x00000000080040b4                lowPassFIRFilter
 .text.mul16    0x0000000008004180       0x28 ./max/Src/heartRate.o
                0x0000000008004180                mul16
 .text.MAX30102_init
                0x00000000080041a8       0x36 ./max/Src/max30102.o
                0x00000000080041a8                MAX30102_init
 .text.MAX30102_softReset
                0x00000000080041de       0x4a ./max/Src/max30102.o
                0x00000000080041de                MAX30102_softReset
 .text.MAX30102_setLEDMode
                0x0000000008004228       0x1e ./max/Src/max30102.o
                0x0000000008004228                MAX30102_setLEDMode
 .text.MAX30102_setADCRange
                0x0000000008004246       0x1e ./max/Src/max30102.o
                0x0000000008004246                MAX30102_setADCRange
 .text.MAX30102_setSampleRate
                0x0000000008004264       0x1e ./max/Src/max30102.o
                0x0000000008004264                MAX30102_setSampleRate
 .text.MAX30102_setPulseWidth
                0x0000000008004282       0x1e ./max/Src/max30102.o
                0x0000000008004282                MAX30102_setPulseWidth
 .text.MAX30102_setPulseAmplitudeRed
                0x00000000080042a0       0x1c ./max/Src/max30102.o
                0x00000000080042a0                MAX30102_setPulseAmplitudeRed
 .text.MAX30102_setPulseAmplitudeIR
                0x00000000080042bc       0x1c ./max/Src/max30102.o
                0x00000000080042bc                MAX30102_setPulseAmplitudeIR
 .text.MAX30102_setPulseAmplitudeGreen
                0x00000000080042d8       0x1c ./max/Src/max30102.o
                0x00000000080042d8                MAX30102_setPulseAmplitudeGreen
 .text.MAX30102_setPulseAmplitudeProximity
                0x00000000080042f4       0x1c ./max/Src/max30102.o
                0x00000000080042f4                MAX30102_setPulseAmplitudeProximity
 .text.MAX30102_enableSlot
                0x0000000008004310       0x7c ./max/Src/max30102.o
                0x0000000008004310                MAX30102_enableSlot
 .text.MAX30102_setFIFOAverage
                0x000000000800438c       0x1e ./max/Src/max30102.o
                0x000000000800438c                MAX30102_setFIFOAverage
 .text.MAX30102_clearFIFO
                0x00000000080043aa       0x20 ./max/Src/max30102.o
                0x00000000080043aa                MAX30102_clearFIFO
 .text.MAX30102_enableFIFORollover
                0x00000000080043ca       0x12 ./max/Src/max30102.o
                0x00000000080043ca                MAX30102_enableFIFORollover
 .text.MAX30102_getWritePointer
                0x00000000080043dc       0x10 ./max/Src/max30102.o
                0x00000000080043dc                MAX30102_getWritePointer
 .text.MAX30102_getReadPointer
                0x00000000080043ec       0x10 ./max/Src/max30102.o
                0x00000000080043ec                MAX30102_getReadPointer
 .text.MAX30102_readPartID
                0x00000000080043fc       0x10 ./max/Src/max30102.o
                0x00000000080043fc                MAX30102_readPartID
 .text.MAX30102_setup
                0x000000000800440c      0x200 ./max/Src/max30102.o
                0x000000000800440c                MAX30102_setup
 .text.MAX30102_available
                0x000000000800460c       0x3c ./max/Src/max30102.o
                0x000000000800460c                MAX30102_available
 .text.MAX30102_getRed
                0x0000000008004648       0x2c ./max/Src/max30102.o
                0x0000000008004648                MAX30102_getRed
 .text.MAX30102_getIR
                0x0000000008004674       0x2c ./max/Src/max30102.o
                0x0000000008004674                MAX30102_getIR
 .text.MAX30102_nextSample
                0x00000000080046a0       0x38 ./max/Src/max30102.o
                0x00000000080046a0                MAX30102_nextSample
 .text.MAX30102_check
                0x00000000080046d8      0x1ec ./max/Src/max30102.o
                0x00000000080046d8                MAX30102_check
 .text.MAX30102_safeCheck
                0x00000000080048c4       0x40 ./max/Src/max30102.o
                0x00000000080048c4                MAX30102_safeCheck
 .text.bitMask  0x0000000008004904       0x40 ./max/Src/max30102.o
 .text.Delay1Ms
                0x0000000008004944        0xe ./max/Src/max30102.o
 .text.write8   0x0000000008004952       0x24 ./max/Src/max30102.o
 .text.read8    0x0000000008004976       0x1e ./max/Src/max30102.o
 .text.readBurst
                0x0000000008004994       0x24 ./max/Src/max30102.o
 .text.maxim_heart_rate_and_oxygen_saturation
                0x00000000080049b8      0x614 ./max/Src/spo2_algorithm.o
                0x00000000080049b8                maxim_heart_rate_and_oxygen_saturation
 .text.maxim_find_peaks
                0x0000000008004fcc       0x42 ./max/Src/spo2_algorithm.o
                0x0000000008004fcc                maxim_find_peaks
 .text.maxim_peaks_above_min_height
                0x000000000800500e       0xe8 ./max/Src/spo2_algorithm.o
                0x000000000800500e                maxim_peaks_above_min_height
 .text.maxim_remove_close_peaks
                0x00000000080050f6       0xc0 ./max/Src/spo2_algorithm.o
                0x00000000080050f6                maxim_remove_close_peaks
 .text.maxim_sort_ascend
                0x00000000080051b6       0x86 ./max/Src/spo2_algorithm.o
                0x00000000080051b6                maxim_sort_ascend
 .text.maxim_sort_indices_descend
                0x000000000800523c       0x98 ./max/Src/spo2_algorithm.o
                0x000000000800523c                maxim_sort_indices_descend
 .text.__libc_init_array
                0x00000000080052d4       0x48 c:/st/stm32cubeide_1.11.0/stm32cubeide/plugins/com.st.stm32cube.ide.mcu.externaltools.gnu-tools-for-stm32.10.3-2021.10.win32_1.0.200.202301161003/tools/bin/../lib/gcc/arm-none-eabi/10.3.1/../../../../arm-none-eabi/lib/thumb/v7e-m+fp/hard\libc_nano.a(lib_a-init.o)
                0x00000000080052d4                __libc_init_array
 .text.memset   0x000000000800531c       0x10 c:/st/stm32cubeide_1.11.0/stm32cubeide/plugins/com.st.stm32cube.ide.mcu.externaltools.gnu-tools-for-stm32.10.3-2021.10.win32_1.0.200.202301161003/tools/bin/../lib/gcc/arm-none-eabi/10.3.1/../../../../arm-none-eabi/lib/thumb/v7e-m+fp/hard\libc_nano.a(lib_a-memset.o)
                0x000000000800531c                memset
 *(.glue_7)
 .glue_7        0x000000000800532c        0x0 linker stubs
 *(.glue_7t)
 .glue_7t       0x000000000800532c        0x0 linker stubs
 *(.eh_frame)
 .eh_frame      0x000000000800532c        0x0 c:/st/stm32cubeide_1.11.0/stm32cubeide/plugins/com.st.stm32cube.ide.mcu.externaltools.gnu-tools-for-stm32.10.3-2021.10.win32_1.0.200.202301161003/tools/bin/../lib/gcc/arm-none-eabi/10.3.1/thumb/v7e-m+fp/hard/crtbegin.o
 *(.init)
 .init          0x000000000800532c        0x4 c:/st/stm32cubeide_1.11.0/stm32cubeide/plugins/com.st.stm32cube.ide.mcu.externaltools.gnu-tools-for-stm32.10.3-2021.10.win32_1.0.200.202301161003/tools/bin/../lib/gcc/arm-none-eabi/10.3.1/thumb/v7e-m+fp/hard/crti.o
                0x000000000800532c                _init
 .init          0x0000000008005330        0x8 c:/st/stm32cubeide_1.11.0/stm32cubeide/plugins/com.st.stm32cube.ide.mcu.externaltools.gnu-tools-for-stm32.10.3-2021.10.win32_1.0.200.202301161003/tools/bin/../lib/gcc/arm-none-eabi/10.3.1/thumb/v7e-m+fp/hard/crtn.o
 *(.fini)
 .fini          0x0000000008005338        0x4 c:/st/stm32cubeide_1.11.0/stm32cubeide/plugins/com.st.stm32cube.ide.mcu.externaltools.gnu-tools-for-stm32.10.3-2021.10.win32_1.0.200.202301161003/tools/bin/../lib/gcc/arm-none-eabi/10.3.1/thumb/v7e-m+fp/hard/crti.o
                0x0000000008005338                _fini
 .fini          0x000000000800533c        0x8 c:/st/stm32cubeide_1.11.0/stm32cubeide/plugins/com.st.stm32cube.ide.mcu.externaltools.gnu-tools-for-stm32.10.3-2021.10.win32_1.0.200.202301161003/tools/bin/../lib/gcc/arm-none-eabi/10.3.1/thumb/v7e-m+fp/hard/crtn.o
                0x0000000008005344                . = ALIGN (0x4)
                0x0000000008005344                _etext = .

.vfp11_veneer   0x0000000008005344        0x0
 .vfp11_veneer  0x0000000008005344        0x0 linker stubs

.v4_bx          0x0000000008005344        0x0
 .v4_bx         0x0000000008005344        0x0 linker stubs

.iplt           0x0000000008005344        0x0
 .iplt          0x0000000008005344        0x0 c:/st/stm32cubeide_1.11.0/stm32cubeide/plugins/com.st.stm32cube.ide.mcu.externaltools.gnu-tools-for-stm32.10.3-2021.10.win32_1.0.200.202301161003/tools/bin/../lib/gcc/arm-none-eabi/10.3.1/thumb/v7e-m+fp/hard/crtbegin.o

.rodata         0x0000000008005344      0x17c
                0x0000000008005344                . = ALIGN (0x4)
 *(.rodata)
 .rodata        0x0000000008005344       0x2c ./Drivers/STM32WBxx_HAL_Driver/Src/stm32wbxx_hal_rcc.o
 *(.rodata*)
 .rodata.AHBPrescTable
                0x0000000008005370       0x40 ./Core/Src/system_stm32wbxx.o
                0x0000000008005370                AHBPrescTable
 .rodata.MSIRangeTable
                0x00000000080053b0       0x40 ./Core/Src/system_stm32wbxx.o
                0x00000000080053b0                MSIRangeTable
 .rodata.FIRCoeffs
                0x00000000080053f0       0x18 ./max/Src/heartRate.o
 .rodata.uch_spo2_table
                0x0000000008005408       0xb8 ./max/Src/spo2_algorithm.o
                0x0000000008005408                uch_spo2_table
                0x00000000080054c0                . = ALIGN (0x4)

.rel.dyn        0x00000000080054c0        0x0
 .rel.iplt      0x00000000080054c0        0x0 c:/st/stm32cubeide_1.11.0/stm32cubeide/plugins/com.st.stm32cube.ide.mcu.externaltools.gnu-tools-for-stm32.10.3-2021.10.win32_1.0.200.202301161003/tools/bin/../lib/gcc/arm-none-eabi/10.3.1/thumb/v7e-m+fp/hard/crtbegin.o

.ARM.extab
 *(.ARM.extab* .gnu.linkonce.armextab.*)

.ARM            0x00000000080054c0        0x0
                0x00000000080054c0                __exidx_start = .
 *(.ARM.exidx*)
                0x00000000080054c0                __exidx_end = .

.preinit_array  0x00000000080054c0        0x0
                0x00000000080054c0                PROVIDE (__preinit_array_start = .)
 *(.preinit_array*)
                0x00000000080054c0                PROVIDE (__preinit_array_end = .)

.init_array     0x00000000080054c0        0x4
                0x00000000080054c0                PROVIDE (__init_array_start = .)
 *(SORT_BY_NAME(.init_array.*))
 *(.init_array*)
 .init_array    0x00000000080054c0        0x4 c:/st/stm32cubeide_1.11.0/stm32cubeide/plugins/com.st.stm32cube.ide.mcu.externaltools.gnu-tools-for-stm32.10.3-2021.10.win32_1.0.200.202301161003/tools/bin/../lib/gcc/arm-none-eabi/10.3.1/thumb/v7e-m+fp/hard/crtbegin.o
                0x00000000080054c4                PROVIDE (__init_array_end = .)

.fini_array     0x00000000080054c4        0x4
                [!provide]                        PROVIDE (__fini_array_start = .)
 *(SORT_BY_NAME(.fini_array.*))
 *(.fini_array*)
 .fini_array    0x00000000080054c4        0x4 c:/st/stm32cubeide_1.11.0/stm32cubeide/plugins/com.st.stm32cube.ide.mcu.externaltools.gnu-tools-for-stm32.10.3-2021.10.win32_1.0.200.202301161003/tools/bin/../lib/gcc/arm-none-eabi/10.3.1/thumb/v7e-m+fp/hard/crtbegin.o
                [!provide]                        PROVIDE (__fini_array_end = .)
                0x00000000080054c8                _sidata = LOADADDR (.data)

.data           0x0000000020000008       0x10 load address 0x00000000080054c8
                0x0000000020000008                . = ALIGN (0x4)
                0x0000000020000008                _sdata = .
 *(.data)
 *(.data*)
 .data.SystemCoreClock
                0x0000000020000008        0x4 ./Core/Src/system_stm32wbxx.o
                0x0000000020000008                SystemCoreClock
 .data.uwTickPrio
                0x000000002000000c        0x4 ./Drivers/STM32WBxx_HAL_Driver/Src/stm32wbxx_hal.o
                0x000000002000000c                uwTickPrio
 .data.uwTickFreq
                0x0000000020000010        0x1 ./Drivers/STM32WBxx_HAL_Driver/Src/stm32wbxx_hal.o
                0x0000000020000010                uwTickFreq
 *fill*         0x0000000020000011        0x1 
 .data.IR_AC_Max
                0x0000000020000012        0x2 ./max/Src/heartRate.o
                0x0000000020000012                IR_AC_Max
 .data.IR_AC_Min
                0x0000000020000014        0x2 ./max/Src/heartRate.o
                0x0000000020000014                IR_AC_Min
 *(.RamFunc)
 *(.RamFunc*)
                0x0000000020000018                . = ALIGN (0x4)
 *fill*         0x0000000020000016        0x2 
                0x0000000020000018                _edata = .

.igot.plt       0x0000000020000018        0x0 load address 0x00000000080054d8
 .igot.plt      0x0000000020000018        0x0 c:/st/stm32cubeide_1.11.0/stm32cubeide/plugins/com.st.stm32cube.ide.mcu.externaltools.gnu-tools-for-stm32.10.3-2021.10.win32_1.0.200.202301161003/tools/bin/../lib/gcc/arm-none-eabi/10.3.1/thumb/v7e-m+fp/hard/crtbegin.o
                0x0000000020000018                . = ALIGN (0x4)

.bss            0x0000000020000018      0x76c load address 0x00000000080054d8
                0x0000000020000018                _sbss = .
                0x0000000020000018                __bss_start__ = _sbss
 *(.bss)
 .bss           0x0000000020000018       0x1c c:/st/stm32cubeide_1.11.0/stm32cubeide/plugins/com.st.stm32cube.ide.mcu.externaltools.gnu-tools-for-stm32.10.3-2021.10.win32_1.0.200.202301161003/tools/bin/../lib/gcc/arm-none-eabi/10.3.1/thumb/v7e-m+fp/hard/crtbegin.o
 *(.bss*)
 .bss.hi2c1     0x0000000020000034       0x54 ./Core/Src/main.o
                0x0000000020000034                hi2c1
 .bss.irBuffer  0x0000000020000088      0x190 ./Core/Src/main.o
                0x0000000020000088                irBuffer
 .bss.redBuffer
                0x0000000020000218      0x190 ./Core/Src/main.o
                0x0000000020000218                redBuffer
 .bss.bufferLength
                0x00000000200003a8        0x4 ./Core/Src/main.o
                0x00000000200003a8                bufferLength
 .bss.spo2      0x00000000200003ac        0x4 ./Core/Src/main.o
                0x00000000200003ac                spo2
 .bss.validSPO2
                0x00000000200003b0        0x1 ./Core/Src/main.o
                0x00000000200003b0                validSPO2
 *fill*         0x00000000200003b1        0x3 
 .bss.heartRate
                0x00000000200003b4        0x4 ./Core/Src/main.o
                0x00000000200003b4                heartRate
 .bss.validHeartRate
                0x00000000200003b8        0x1 ./Core/Src/main.o
                0x00000000200003b8                validHeartRate
 *fill*         0x00000000200003b9        0x3 
 .bss.rates     0x00000000200003bc        0x4 ./Core/Src/main.o
                0x00000000200003bc                rates
 .bss.rateSpot  0x00000000200003c0        0x1 ./Core/Src/main.o
                0x00000000200003c0                rateSpot
 *fill*         0x00000000200003c1        0x3 
 .bss.lastBeat  0x00000000200003c4        0x4 ./Core/Src/main.o
                0x00000000200003c4                lastBeat
 .bss.beatsPerMinute
                0x00000000200003c8        0x4 ./Core/Src/main.o
                0x00000000200003c8                beatsPerMinute
 .bss.beatAvg   0x00000000200003cc        0x4 ./Core/Src/main.o
                0x00000000200003cc                beatAvg
 .bss.uwTick    0x00000000200003d0        0x4 ./Drivers/STM32WBxx_HAL_Driver/Src/stm32wbxx_hal.o
                0x00000000200003d0                uwTick
 .bss.hi2c1_ptr
                0x00000000200003d4        0x4 ./I2C_LIB/Src/i2c1.o
 .bss.reading_buf
                0x00000000200003d8        0x1 ./I2C_LIB/Src/i2c1.o
 *fill*         0x00000000200003d9        0x1 
 .bss.IR_AC_Signal_Current
                0x00000000200003da        0x2 ./max/Src/heartRate.o
                0x00000000200003da                IR_AC_Signal_Current
 .bss.IR_AC_Signal_Previous
                0x00000000200003dc        0x2 ./max/Src/heartRate.o
                0x00000000200003dc                IR_AC_Signal_Previous
 .bss.IR_AC_Signal_min
                0x00000000200003de        0x2 ./max/Src/heartRate.o
                0x00000000200003de                IR_AC_Signal_min
 .bss.IR_AC_Signal_max
                0x00000000200003e0        0x2 ./max/Src/heartRate.o
                0x00000000200003e0                IR_AC_Signal_max
 .bss.IR_Average_Estimated
                0x00000000200003e2        0x2 ./max/Src/heartRate.o
                0x00000000200003e2                IR_Average_Estimated
 .bss.positiveEdge
                0x00000000200003e4        0x2 ./max/Src/heartRate.o
                0x00000000200003e4                positiveEdge
 .bss.negativeEdge
                0x00000000200003e6        0x2 ./max/Src/heartRate.o
                0x00000000200003e6                negativeEdge
 .bss.ir_avg_reg
                0x00000000200003e8        0x4 ./max/Src/heartRate.o
                0x00000000200003e8                ir_avg_reg
 .bss.cbuf      0x00000000200003ec       0x40 ./max/Src/heartRate.o
                0x00000000200003ec                cbuf
 .bss.offset    0x000000002000042c        0x1 ./max/Src/heartRate.o
                0x000000002000042c                offset
 .bss.activeLEDs
                0x000000002000042d        0x1 ./max/Src/max30102.o
                0x000000002000042d                activeLEDs
 *fill*         0x000000002000042e        0x2 
 .bss.sense     0x0000000020000430       0x34 ./max/Src/max30102.o
                0x0000000020000430                sense
 .bss.an_x      0x0000000020000464      0x190 ./max/Src/spo2_algorithm.o
 .bss.an_y      0x00000000200005f4      0x190 ./max/Src/spo2_algorithm.o
 *(COMMON)
                0x0000000020000784                . = ALIGN (0x4)
                0x0000000020000784                _ebss = .
                0x0000000020000784                __bss_end__ = _ebss

._user_heap_stack
                0x0000000020000784      0x604 load address 0x00000000080054d8
                0x0000000020000788                . = ALIGN (0x8)
 *fill*         0x0000000020000784        0x4 
                [!provide]                        PROVIDE (end = .)
                0x0000000020000788                PROVIDE (_end = .)
                0x0000000020000988                . = (. + _Min_Heap_Size)
 *fill*         0x0000000020000788      0x200 
                0x0000000020000d88                . = (. + _Min_Stack_Size)
 *fill*         0x0000000020000988      0x400 
                0x0000000020000d88                . = ALIGN (0x8)

/DISCARD/
 libc.a(*)
 libm.a(*)
 libgcc.a(*)

.ARM.attributes
                0x0000000000000000       0x30
 *(.ARM.attributes)
 .ARM.attributes
                0x0000000000000000       0x1e c:/st/stm32cubeide_1.11.0/stm32cubeide/plugins/com.st.stm32cube.ide.mcu.externaltools.gnu-tools-for-stm32.10.3-2021.10.win32_1.0.200.202301161003/tools/bin/../lib/gcc/arm-none-eabi/10.3.1/thumb/v7e-m+fp/hard/crti.o
 .ARM.attributes
                0x000000000000001e       0x34 c:/st/stm32cubeide_1.11.0/stm32cubeide/plugins/com.st.stm32cube.ide.mcu.externaltools.gnu-tools-for-stm32.10.3-2021.10.win32_1.0.200.202301161003/tools/bin/../lib/gcc/arm-none-eabi/10.3.1/thumb/v7e-m+fp/hard/crtbegin.o
 .ARM.attributes
                0x0000000000000052       0x34 ./Core/Src/main.o
 .ARM.attributes
                0x0000000000000086       0x34 ./Core/Src/stm32wbxx_hal_msp.o
 .ARM.attributes
                0x00000000000000ba       0x34 ./Core/Src/stm32wbxx_it.o
 .ARM.attributes
                0x00000000000000ee       0x34 ./Core/Src/system_stm32wbxx.o
 .ARM.attributes
                0x0000000000000122       0x21 ./Core/Startup/startup_stm32wb55ceux.o
 .ARM.attributes
                0x0000000000000143       0x34 ./Drivers/STM32WBxx_HAL_Driver/Src/stm32wbxx_hal.o
 .ARM.attributes
                0x0000000000000177       0x34 ./Drivers/STM32WBxx_HAL_Driver/Src/stm32wbxx_hal_cortex.o
 .ARM.attributes
                0x00000000000001ab       0x34 ./Drivers/STM32WBxx_HAL_Driver/Src/stm32wbxx_hal_gpio.o
 .ARM.attributes
                0x00000000000001df       0x34 ./Drivers/STM32WBxx_HAL_Driver/Src/stm32wbxx_hal_i2c.o
 .ARM.attributes
                0x0000000000000213       0x34 ./Drivers/STM32WBxx_HAL_Driver/Src/stm32wbxx_hal_i2c_ex.o
 .ARM.attributes
                0x0000000000000247       0x34 ./Drivers/STM32WBxx_HAL_Driver/Src/stm32wbxx_hal_pwr.o
 .ARM.attributes
                0x000000000000027b       0x34 ./Drivers/STM32WBxx_HAL_Driver/Src/stm32wbxx_hal_pwr_ex.o
 .ARM.attributes
                0x00000000000002af       0x34 ./Drivers/STM32WBxx_HAL_Driver/Src/stm32wbxx_hal_rcc.o
 .ARM.attributes
                0x00000000000002e3       0x34 ./Drivers/STM32WBxx_HAL_Driver/Src/stm32wbxx_hal_rcc_ex.o
 .ARM.attributes
                0x0000000000000317       0x34 ./I2C_LIB/Src/i2c1.o
 .ARM.attributes
                0x000000000000034b       0x34 ./max/Src/heartRate.o
 .ARM.attributes
                0x000000000000037f       0x34 ./max/Src/max30102.o
 .ARM.attributes
                0x00000000000003b3       0x34 ./max/Src/spo2_algorithm.o
 .ARM.attributes
                0x00000000000003e7       0x34 c:/st/stm32cubeide_1.11.0/stm32cubeide/plugins/com.st.stm32cube.ide.mcu.externaltools.gnu-tools-for-stm32.10.3-2021.10.win32_1.0.200.202301161003/tools/bin/../lib/gcc/arm-none-eabi/10.3.1/../../../../arm-none-eabi/lib/thumb/v7e-m+fp/hard\libc_nano.a(lib_a-init.o)
 .ARM.attributes
                0x000000000000041b       0x34 c:/st/stm32cubeide_1.11.0/stm32cubeide/plugins/com.st.stm32cube.ide.mcu.externaltools.gnu-tools-for-stm32.10.3-2021.10.win32_1.0.200.202301161003/tools/bin/../lib/gcc/arm-none-eabi/10.3.1/../../../../arm-none-eabi/lib/thumb/v7e-m+fp/hard\libc_nano.a(lib_a-memset.o)
 .ARM.attributes
                0x000000000000044f       0x1e c:/st/stm32cubeide_1.11.0/stm32cubeide/plugins/com.st.stm32cube.ide.mcu.externaltools.gnu-tools-for-stm32.10.3-2021.10.win32_1.0.200.202301161003/tools/bin/../lib/gcc/arm-none-eabi/10.3.1/thumb/v7e-m+fp/hard\libgcc.a(_arm_addsubdf3.o)
 .ARM.attributes
                0x000000000000046d       0x1e c:/st/stm32cubeide_1.11.0/stm32cubeide/plugins/com.st.stm32cube.ide.mcu.externaltools.gnu-tools-for-stm32.10.3-2021.10.win32_1.0.200.202301161003/tools/bin/../lib/gcc/arm-none-eabi/10.3.1/thumb/v7e-m+fp/hard\libgcc.a(_arm_muldivdf3.o)
 .ARM.attributes
                0x000000000000048b       0x1e c:/st/stm32cubeide_1.11.0/stm32cubeide/plugins/com.st.stm32cube.ide.mcu.externaltools.gnu-tools-for-stm32.10.3-2021.10.win32_1.0.200.202301161003/tools/bin/../lib/gcc/arm-none-eabi/10.3.1/thumb/v7e-m+fp/hard\libgcc.a(_arm_truncdfsf2.o)
 .ARM.attributes
                0x00000000000004a9       0x1e c:/st/stm32cubeide_1.11.0/stm32cubeide/plugins/com.st.stm32cube.ide.mcu.externaltools.gnu-tools-for-stm32.10.3-2021.10.win32_1.0.200.202301161003/tools/bin/../lib/gcc/arm-none-eabi/10.3.1/thumb/v7e-m+fp/hard/crtn.o

MAPPING_TABLE
 *(MAPPING_TABLE)

MB_MEM1
 *(MB_MEM1)
                0x00000000080054d8                _siMB_MEM2 = LOADADDR (.MB_MEM2)

.MB_MEM2        0x0000000020030000        0x0 load address 0x00000000080054d8
                0x0000000020030000                _sMB_MEM2 = .
 *(.MB_MEM2)
                0x0000000020030000                _eMB_MEM2 = .
OUTPUT(maxDeneme.elf elf32-littlearm)
LOAD linker stubs
LOAD c:/st/stm32cubeide_1.11.0/stm32cubeide/plugins/com.st.stm32cube.ide.mcu.externaltools.gnu-tools-for-stm32.10.3-2021.10.win32_1.0.200.202301161003/tools/bin/../lib/gcc/arm-none-eabi/10.3.1/../../../../arm-none-eabi/lib/thumb/v7e-m+fp/hard\libc.a
LOAD c:/st/stm32cubeide_1.11.0/stm32cubeide/plugins/com.st.stm32cube.ide.mcu.externaltools.gnu-tools-for-stm32.10.3-2021.10.win32_1.0.200.202301161003/tools/bin/../lib/gcc/arm-none-eabi/10.3.1/../../../../arm-none-eabi/lib/thumb/v7e-m+fp/hard\libm.a
LOAD c:/st/stm32cubeide_1.11.0/stm32cubeide/plugins/com.st.stm32cube.ide.mcu.externaltools.gnu-tools-for-stm32.10.3-2021.10.win32_1.0.200.202301161003/tools/bin/../lib/gcc/arm-none-eabi/10.3.1/thumb/v7e-m+fp/hard\libgcc.a

.debug_info     0x0000000000000000     0xeecb
 .debug_info    0x0000000000000000     0x19b9 ./Core/Src/main.o
 .debug_info    0x00000000000019b9      0xebb ./Core/Src/stm32wbxx_hal_msp.o
 .debug_info    0x0000000000002874      0x122 ./Core/Src/stm32wbxx_it.o
 .debug_info    0x0000000000002996      0x741 ./Core/Src/system_stm32wbxx.o
 .debug_info    0x00000000000030d7       0x22 ./Core/Startup/startup_stm32wb55ceux.o
 .debug_info    0x00000000000030f9     0x1379 ./Drivers/STM32WBxx_HAL_Driver/Src/stm32wbxx_hal.o
 .debug_info    0x0000000000004472      0xd41 ./Drivers/STM32WBxx_HAL_Driver/Src/stm32wbxx_hal_cortex.o
 .debug_info    0x00000000000051b3      0x747 ./Drivers/STM32WBxx_HAL_Driver/Src/stm32wbxx_hal_gpio.o
 .debug_info    0x00000000000058fa     0x235a ./Drivers/STM32WBxx_HAL_Driver/Src/stm32wbxx_hal_i2c.o
 .debug_info    0x0000000000007c54      0x986 ./Drivers/STM32WBxx_HAL_Driver/Src/stm32wbxx_hal_i2c_ex.o
 .debug_info    0x00000000000085da      0x939 ./Drivers/STM32WBxx_HAL_Driver/Src/stm32wbxx_hal_pwr.o
 .debug_info    0x0000000000008f13     0x10e2 ./Drivers/STM32WBxx_HAL_Driver/Src/stm32wbxx_hal_pwr_ex.o
 .debug_info    0x0000000000009ff5     0x15a4 ./Drivers/STM32WBxx_HAL_Driver/Src/stm32wbxx_hal_rcc.o
 .debug_info    0x000000000000b599     0x1d3c ./Drivers/STM32WBxx_HAL_Driver/Src/stm32wbxx_hal_rcc_ex.o
 .debug_info    0x000000000000d2d5      0x94f ./I2C_LIB/Src/i2c1.o
 .debug_info    0x000000000000dc24      0x2e5 ./max/Src/heartRate.o
 .debug_info    0x000000000000df09      0xa3d ./max/Src/max30102.o
 .debug_info    0x000000000000e946      0x585 ./max/Src/spo2_algorithm.o

.debug_abbrev   0x0000000000000000     0x25bc
 .debug_abbrev  0x0000000000000000      0x337 ./Core/Src/main.o
 .debug_abbrev  0x0000000000000337      0x229 ./Core/Src/stm32wbxx_hal_msp.o
 .debug_abbrev  0x0000000000000560       0x74 ./Core/Src/stm32wbxx_it.o
 .debug_abbrev  0x00000000000005d4      0x136 ./Core/Src/system_stm32wbxx.o
 .debug_abbrev  0x000000000000070a       0x12 ./Core/Startup/startup_stm32wb55ceux.o
 .debug_abbrev  0x000000000000071c      0x356 ./Drivers/STM32WBxx_HAL_Driver/Src/stm32wbxx_hal.o
 .debug_abbrev  0x0000000000000a72      0x30d ./Drivers/STM32WBxx_HAL_Driver/Src/stm32wbxx_hal_cortex.o
 .debug_abbrev  0x0000000000000d7f      0x1d2 ./Drivers/STM32WBxx_HAL_Driver/Src/stm32wbxx_hal_gpio.o
 .debug_abbrev  0x0000000000000f51      0x243 ./Drivers/STM32WBxx_HAL_Driver/Src/stm32wbxx_hal_i2c.o
 .debug_abbrev  0x0000000000001194      0x1b6 ./Drivers/STM32WBxx_HAL_Driver/Src/stm32wbxx_hal_i2c_ex.o
 .debug_abbrev  0x000000000000134a      0x1fb ./Drivers/STM32WBxx_HAL_Driver/Src/stm32wbxx_hal_pwr.o
 .debug_abbrev  0x0000000000001545      0x314 ./Drivers/STM32WBxx_HAL_Driver/Src/stm32wbxx_hal_pwr_ex.o
 .debug_abbrev  0x0000000000001859      0x311 ./Drivers/STM32WBxx_HAL_Driver/Src/stm32wbxx_hal_rcc.o
 .debug_abbrev  0x0000000000001b6a      0x34a ./Drivers/STM32WBxx_HAL_Driver/Src/stm32wbxx_hal_rcc_ex.o
 .debug_abbrev  0x0000000000001eb4      0x1a4 ./I2C_LIB/Src/i2c1.o
 .debug_abbrev  0x0000000000002058      0x116 ./max/Src/heartRate.o
 .debug_abbrev  0x000000000000216e      0x349 ./max/Src/max30102.o
 .debug_abbrev  0x00000000000024b7      0x105 ./max/Src/spo2_algorithm.o

.debug_aranges  0x0000000000000000     0x1428
 .debug_aranges
                0x0000000000000000       0x60 ./Core/Src/main.o
 .debug_aranges
                0x0000000000000060       0x48 ./Core/Src/stm32wbxx_hal_msp.o
 .debug_aranges
                0x00000000000000a8       0x60 ./Core/Src/stm32wbxx_it.o
 .debug_aranges
                0x0000000000000108       0x28 ./Core/Src/system_stm32wbxx.o
 .debug_aranges
                0x0000000000000130       0x30 ./Core/Startup/startup_stm32wb55ceux.o
 .debug_aranges
                0x0000000000000160      0x280 ./Drivers/STM32WBxx_HAL_Driver/Src/stm32wbxx_hal.o
 .debug_aranges
                0x00000000000003e0      0x108 ./Drivers/STM32WBxx_HAL_Driver/Src/stm32wbxx_hal_cortex.o
 .debug_aranges
                0x00000000000004e8       0x60 ./Drivers/STM32WBxx_HAL_Driver/Src/stm32wbxx_hal_gpio.o
 .debug_aranges
                0x0000000000000548      0x2a0 ./Drivers/STM32WBxx_HAL_Driver/Src/stm32wbxx_hal_i2c.o
 .debug_aranges
                0x00000000000007e8       0x48 ./Drivers/STM32WBxx_HAL_Driver/Src/stm32wbxx_hal_i2c_ex.o
 .debug_aranges
                0x0000000000000830       0xd0 ./Drivers/STM32WBxx_HAL_Driver/Src/stm32wbxx_hal_pwr.o
 .debug_aranges
                0x0000000000000900      0x288 ./Drivers/STM32WBxx_HAL_Driver/Src/stm32wbxx_hal_pwr_ex.o
 .debug_aranges
                0x0000000000000b88      0x270 ./Drivers/STM32WBxx_HAL_Driver/Src/stm32wbxx_hal_rcc.o
 .debug_aranges
                0x0000000000000df8      0x390 ./Drivers/STM32WBxx_HAL_Driver/Src/stm32wbxx_hal_rcc_ex.o
 .debug_aranges
                0x0000000000001188       0x48 ./I2C_LIB/Src/i2c1.o
 .debug_aranges
                0x00000000000011d0       0x38 ./max/Src/heartRate.o
 .debug_aranges
                0x0000000000001208      0x1d8 ./max/Src/max30102.o
 .debug_aranges
                0x00000000000013e0       0x48 ./max/Src/spo2_algorithm.o

.debug_ranges   0x0000000000000000     0x1340
 .debug_ranges  0x0000000000000000       0x50 ./Core/Src/main.o
 .debug_ranges  0x0000000000000050       0x38 ./Core/Src/stm32wbxx_hal_msp.o
 .debug_ranges  0x0000000000000088       0x50 ./Core/Src/stm32wbxx_it.o
 .debug_ranges  0x00000000000000d8       0x18 ./Core/Src/system_stm32wbxx.o
 .debug_ranges  0x00000000000000f0       0x28 ./Core/Startup/startup_stm32wb55ceux.o
 .debug_ranges  0x0000000000000118      0x270 ./Drivers/STM32WBxx_HAL_Driver/Src/stm32wbxx_hal.o
 .debug_ranges  0x0000000000000388       0xf8 ./Drivers/STM32WBxx_HAL_Driver/Src/stm32wbxx_hal_cortex.o
 .debug_ranges  0x0000000000000480       0x50 ./Drivers/STM32WBxx_HAL_Driver/Src/stm32wbxx_hal_gpio.o
 .debug_ranges  0x00000000000004d0      0x290 ./Drivers/STM32WBxx_HAL_Driver/Src/stm32wbxx_hal_i2c.o
 .debug_ranges  0x0000000000000760       0x38 ./Drivers/STM32WBxx_HAL_Driver/Src/stm32wbxx_hal_i2c_ex.o
 .debug_ranges  0x0000000000000798       0xc0 ./Drivers/STM32WBxx_HAL_Driver/Src/stm32wbxx_hal_pwr.o
 .debug_ranges  0x0000000000000858      0x278 ./Drivers/STM32WBxx_HAL_Driver/Src/stm32wbxx_hal_pwr_ex.o
 .debug_ranges  0x0000000000000ad0      0x260 ./Drivers/STM32WBxx_HAL_Driver/Src/stm32wbxx_hal_rcc.o
 .debug_ranges  0x0000000000000d30      0x380 ./Drivers/STM32WBxx_HAL_Driver/Src/stm32wbxx_hal_rcc_ex.o
 .debug_ranges  0x00000000000010b0       0x38 ./I2C_LIB/Src/i2c1.o
 .debug_ranges  0x00000000000010e8       0x28 ./max/Src/heartRate.o
 .debug_ranges  0x0000000000001110      0x1f8 ./max/Src/max30102.o
 .debug_ranges  0x0000000000001308       0x38 ./max/Src/spo2_algorithm.o

.debug_macro    0x0000000000000000    0x219ef
 .debug_macro   0x0000000000000000      0x34a ./Core/Src/main.o
 .debug_macro   0x000000000000034a      0xa78 ./Core/Src/main.o
 .debug_macro   0x0000000000000dc2      0x12a ./Core/Src/main.o
 .debug_macro   0x0000000000000eec       0x2e ./Core/Src/main.o
 .debug_macro   0x0000000000000f1a       0x2e ./Core/Src/main.o
 .debug_macro   0x0000000000000f48       0x22 ./Core/Src/main.o
 .debug_macro   0x0000000000000f6a       0x8e ./Core/Src/main.o
 .debug_macro   0x0000000000000ff8       0x51 ./Core/Src/main.o
 .debug_macro   0x0000000000001049      0x103 ./Core/Src/main.o
 .debug_macro   0x000000000000114c       0x6a ./Core/Src/main.o
 .debug_macro   0x00000000000011b6      0x1df ./Core/Src/main.o
 .debug_macro   0x0000000000001395       0x1c ./Core/Src/main.o
 .debug_macro   0x00000000000013b1       0x22 ./Core/Src/main.o
 .debug_macro   0x00000000000013d3       0xfb ./Core/Src/main.o
 .debug_macro   0x00000000000014ce     0x1011 ./Core/Src/main.o
 .debug_macro   0x00000000000024df      0x11f ./Core/Src/main.o
 .debug_macro   0x00000000000025fe    0x12adb ./Core/Src/main.o
 .debug_macro   0x00000000000150d9       0x6c ./Core/Src/main.o
 .debug_macro   0x0000000000015145     0x34c5 ./Core/Src/main.o
 .debug_macro   0x000000000001860a      0x174 ./Core/Src/main.o
 .debug_macro   0x000000000001877e       0x5c ./Core/Src/main.o
 .debug_macro   0x00000000000187da      0x3f5 ./Core/Src/main.o
 .debug_macro   0x0000000000018bcf      0x286 ./Core/Src/main.o
 .debug_macro   0x0000000000018e55      0x30d ./Core/Src/main.o
 .debug_macro   0x0000000000019162      0x17e ./Core/Src/main.o
 .debug_macro   0x00000000000192e0       0x43 ./Core/Src/main.o
 .debug_macro   0x0000000000019323      0x236 ./Core/Src/main.o
 .debug_macro   0x0000000000019559      0x24a ./Core/Src/main.o
 .debug_macro   0x00000000000197a3      0x57b ./Core/Src/main.o
 .debug_macro   0x0000000000019d1e       0x2e ./Core/Src/main.o
 .debug_macro   0x0000000000019d4c      0x100 ./Core/Src/main.o
 .debug_macro   0x0000000000019e4c      0x1ba ./Core/Src/main.o
 .debug_macro   0x000000000001a006      0x1cd ./Core/Src/main.o
 .debug_macro   0x000000000001a1d3      0x22c ./Core/Src/main.o
 .debug_macro   0x000000000001a3ff       0x55 ./Core/Src/main.o
 .debug_macro   0x000000000001a454       0xa5 ./Core/Src/main.o
 .debug_macro   0x000000000001a4f9      0x381 ./Core/Src/main.o
 .debug_macro   0x000000000001a87a      0x13d ./Core/Src/main.o
 .debug_macro   0x000000000001a9b7      0x141 ./Core/Src/main.o
 .debug_macro   0x000000000001aaf8      0x4ff ./Core/Src/main.o
 .debug_macro   0x000000000001aff7      0x874 ./Core/Src/main.o
 .debug_macro   0x000000000001b86b      0x259 ./Core/Src/main.o
 .debug_macro   0x000000000001bac4     0x1bb1 ./Core/Src/main.o
 .debug_macro   0x000000000001d675       0xe4 ./Core/Src/main.o
 .debug_macro   0x000000000001d759      0x5e7 ./Core/Src/main.o
 .debug_macro   0x000000000001dd40      0x557 ./Core/Src/main.o
 .debug_macro   0x000000000001e297      0x433 ./Core/Src/main.o
 .debug_macro   0x000000000001e6ca       0x16 ./Core/Src/main.o
 .debug_macro   0x000000000001e6e0       0x1e ./Core/Src/main.o
 .debug_macro   0x000000000001e6fe       0x52 ./Core/Src/main.o
 .debug_macro   0x000000000001e750       0x3c ./Core/Src/main.o
 .debug_macro   0x000000000001e78c       0x34 ./Core/Src/main.o
 .debug_macro   0x000000000001e7c0       0x16 ./Core/Src/main.o
 .debug_macro   0x000000000001e7d6       0x35 ./Core/Src/main.o
 .debug_macro   0x000000000001e80b       0x16 ./Core/Src/main.o
 .debug_macro   0x000000000001e821       0x43 ./Core/Src/main.o
 .debug_macro   0x000000000001e864       0x34 ./Core/Src/main.o
 .debug_macro   0x000000000001e898       0x10 ./Core/Src/main.o
 .debug_macro   0x000000000001e8a8       0x58 ./Core/Src/main.o
 .debug_macro   0x000000000001e900       0x71 ./Core/Src/main.o
 .debug_macro   0x000000000001e971       0x1c ./Core/Src/main.o
 .debug_macro   0x000000000001e98d      0x12a ./Core/Src/main.o
 .debug_macro   0x000000000001eab7      0x341 ./Core/Src/main.o
 .debug_macro   0x000000000001edf8       0x16 ./Core/Src/main.o
 .debug_macro   0x000000000001ee0e       0x29 ./Core/Src/main.o
 .debug_macro   0x000000000001ee37       0x16 ./Core/Src/main.o
 .debug_macro   0x000000000001ee4d       0x20 ./Core/Src/main.o
 .debug_macro   0x000000000001ee6d       0x16 ./Core/Src/main.o
 .debug_macro   0x000000000001ee83       0x22 ./Core/Src/main.o
 .debug_macro   0x000000000001eea5      0x21d ./Core/Src/stm32wbxx_hal_msp.o
 .debug_macro   0x000000000001f0c2      0x227 ./Core/Src/stm32wbxx_it.o
 .debug_macro   0x000000000001f2e9      0x213 ./Core/Src/system_stm32wbxx.o
 .debug_macro   0x000000000001f4fc      0x237 ./Drivers/STM32WBxx_HAL_Driver/Src/stm32wbxx_hal.o
 .debug_macro   0x000000000001f733      0x213 ./Drivers/STM32WBxx_HAL_Driver/Src/stm32wbxx_hal_cortex.o
 .debug_macro   0x000000000001f946      0x21a ./Drivers/STM32WBxx_HAL_Driver/Src/stm32wbxx_hal_gpio.o
 .debug_macro   0x000000000001fb60      0x2df ./Drivers/STM32WBxx_HAL_Driver/Src/stm32wbxx_hal_i2c.o
 .debug_macro   0x000000000001fe3f      0x213 ./Drivers/STM32WBxx_HAL_Driver/Src/stm32wbxx_hal_i2c_ex.o
 .debug_macro   0x0000000000020052      0x285 ./Drivers/STM32WBxx_HAL_Driver/Src/stm32wbxx_hal_pwr.o
 .debug_macro   0x00000000000202d7      0x225 ./Drivers/STM32WBxx_HAL_Driver/Src/stm32wbxx_hal_pwr_ex.o
 .debug_macro   0x00000000000204fc      0x285 ./Drivers/STM32WBxx_HAL_Driver/Src/stm32wbxx_hal_rcc.o
 .debug_macro   0x0000000000020781      0x268 ./Drivers/STM32WBxx_HAL_Driver/Src/stm32wbxx_hal_rcc_ex.o
 .debug_macro   0x00000000000209e9      0x22c ./I2C_LIB/Src/i2c1.o
 .debug_macro   0x0000000000020c15       0x10 ./I2C_LIB/Src/i2c1.o
 .debug_macro   0x0000000000020c25      0x325 ./max/Src/heartRate.o
 .debug_macro   0x0000000000020f4a      0x10e ./max/Src/heartRate.o
 .debug_macro   0x0000000000021058       0x8d ./max/Src/heartRate.o
 .debug_macro   0x00000000000210e5       0x56 ./max/Src/heartRate.o
 .debug_macro   0x000000000002113b      0x349 ./max/Src/max30102.o
 .debug_macro   0x0000000000021484      0x203 ./max/Src/max30102.o
 .debug_macro   0x0000000000021687       0x2e ./max/Src/max30102.o
 .debug_macro   0x00000000000216b5      0x31e ./max/Src/spo2_algorithm.o
 .debug_macro   0x00000000000219d3       0x1c ./max/Src/spo2_algorithm.o

.debug_line     0x0000000000000000    0x10e06
 .debug_line    0x0000000000000000      0xc60 ./Core/Src/main.o
 .debug_line    0x0000000000000c60      0x7ff ./Core/Src/stm32wbxx_hal_msp.o
 .debug_line    0x000000000000145f      0x804 ./Core/Src/stm32wbxx_it.o
 .debug_line    0x0000000000001c63      0x7e2 ./Core/Src/system_stm32wbxx.o
 .debug_line    0x0000000000002445       0x91 ./Core/Startup/startup_stm32wb55ceux.o
 .debug_line    0x00000000000024d6      0xfc7 ./Drivers/STM32WBxx_HAL_Driver/Src/stm32wbxx_hal.o
 .debug_line    0x000000000000349d      0xc91 ./Drivers/STM32WBxx_HAL_Driver/Src/stm32wbxx_hal_cortex.o
 .debug_line    0x000000000000412e      0xb72 ./Drivers/STM32WBxx_HAL_Driver/Src/stm32wbxx_hal_gpio.o
 .debug_line    0x0000000000004ca0     0x36c3 ./Drivers/STM32WBxx_HAL_Driver/Src/stm32wbxx_hal_i2c.o
 .debug_line    0x0000000000008363      0x95d ./Drivers/STM32WBxx_HAL_Driver/Src/stm32wbxx_hal_i2c_ex.o
 .debug_line    0x0000000000008cc0      0x9e2 ./Drivers/STM32WBxx_HAL_Driver/Src/stm32wbxx_hal_pwr.o
 .debug_line    0x00000000000096a2     0x1112 ./Drivers/STM32WBxx_HAL_Driver/Src/stm32wbxx_hal_pwr_ex.o
 .debug_line    0x000000000000a7b4     0x17e2 ./Drivers/STM32WBxx_HAL_Driver/Src/stm32wbxx_hal_rcc.o
 .debug_line    0x000000000000bf96     0x1c69 ./Drivers/STM32WBxx_HAL_Driver/Src/stm32wbxx_hal_rcc_ex.o
 .debug_line    0x000000000000dbff      0x7ed ./I2C_LIB/Src/i2c1.o
 .debug_line    0x000000000000e3ec      0xa3a ./max/Src/heartRate.o
 .debug_line    0x000000000000ee26     0x1159 ./max/Src/max30102.o
 .debug_line    0x000000000000ff7f      0xe87 ./max/Src/spo2_algorithm.o

.debug_str      0x0000000000000000    0xd2d60
 .debug_str     0x0000000000000000    0xcd376 ./Core/Src/main.o
                                      0xce004 (size before relaxing)
 .debug_str     0x00000000000cd376      0x10c ./Core/Src/stm32wbxx_hal_msp.o
                                      0xca7cb (size before relaxing)
 .debug_str     0x00000000000cd482       0xc9 ./Core/Src/stm32wbxx_it.o
                                      0xc9d7e (size before relaxing)
 .debug_str     0x00000000000cd54b       0xa1 ./Core/Src/system_stm32wbxx.o
                                      0xc9ff4 (size before relaxing)
 .debug_str     0x00000000000cd5ec       0x36 ./Core/Startup/startup_stm32wb55ceux.o
                                         0x69 (size before relaxing)
 .debug_str     0x00000000000cd622      0xa1f ./Drivers/STM32WBxx_HAL_Driver/Src/stm32wbxx_hal.o
                                      0xcaeda (size before relaxing)
 .debug_str     0x00000000000ce041      0x2e1 ./Drivers/STM32WBxx_HAL_Driver/Src/stm32wbxx_hal_cortex.o
                                      0xca65a (size before relaxing)
 .debug_str     0x00000000000ce322      0x188 ./Drivers/STM32WBxx_HAL_Driver/Src/stm32wbxx_hal_gpio.o
                                      0xc9fce (size before relaxing)
 .debug_str     0x00000000000ce4aa      0xddf ./Drivers/STM32WBxx_HAL_Driver/Src/stm32wbxx_hal_i2c.o
                                      0xcb214 (size before relaxing)
 .debug_str     0x00000000000cf289       0xb8 ./Drivers/STM32WBxx_HAL_Driver/Src/stm32wbxx_hal_i2c_ex.o
                                      0xca42d (size before relaxing)
 .debug_str     0x00000000000cf341      0x5d0 ./Drivers/STM32WBxx_HAL_Driver/Src/stm32wbxx_hal_pwr.o
                                      0xca464 (size before relaxing)
 .debug_str     0x00000000000cf911      0x826 ./Drivers/STM32WBxx_HAL_Driver/Src/stm32wbxx_hal_pwr_ex.o
                                      0xca965 (size before relaxing)
 .debug_str     0x00000000000d0137      0xb3f ./Drivers/STM32WBxx_HAL_Driver/Src/stm32wbxx_hal_rcc.o
                                      0xcae52 (size before relaxing)
 .debug_str     0x00000000000d0c76      0xc80 ./Drivers/STM32WBxx_HAL_Driver/Src/stm32wbxx_hal_rcc_ex.o
                                      0xcb27b (size before relaxing)
 .debug_str     0x00000000000d18f6       0xa2 ./I2C_LIB/Src/i2c1.o
                                      0xca3bd (size before relaxing)
 .debug_str     0x00000000000d1998      0x11f ./max/Src/heartRate.o
                                      0xccd39 (size before relaxing)
 .debug_str     0x00000000000d1ab7     0x104c ./max/Src/max30102.o
                                      0xcddb6 (size before relaxing)
 .debug_str     0x00000000000d2b03      0x25d ./max/Src/spo2_algorithm.o
                                      0xccef0 (size before relaxing)

.comment        0x0000000000000000       0x50
 .comment       0x0000000000000000       0x50 ./Core/Src/main.o
                                         0x51 (size before relaxing)
 .comment       0x0000000000000050       0x51 ./Core/Src/stm32wbxx_hal_msp.o
 .comment       0x0000000000000050       0x51 ./Core/Src/stm32wbxx_it.o
 .comment       0x0000000000000050       0x51 ./Core/Src/system_stm32wbxx.o
 .comment       0x0000000000000050       0x51 ./Drivers/STM32WBxx_HAL_Driver/Src/stm32wbxx_hal.o
 .comment       0x0000000000000050       0x51 ./Drivers/STM32WBxx_HAL_Driver/Src/stm32wbxx_hal_cortex.o
 .comment       0x0000000000000050       0x51 ./Drivers/STM32WBxx_HAL_Driver/Src/stm32wbxx_hal_gpio.o
 .comment       0x0000000000000050       0x51 ./Drivers/STM32WBxx_HAL_Driver/Src/stm32wbxx_hal_i2c.o
 .comment       0x0000000000000050       0x51 ./Drivers/STM32WBxx_HAL_Driver/Src/stm32wbxx_hal_i2c_ex.o
 .comment       0x0000000000000050       0x51 ./Drivers/STM32WBxx_HAL_Driver/Src/stm32wbxx_hal_pwr.o
 .comment       0x0000000000000050       0x51 ./Drivers/STM32WBxx_HAL_Driver/Src/stm32wbxx_hal_pwr_ex.o
 .comment       0x0000000000000050       0x51 ./Drivers/STM32WBxx_HAL_Driver/Src/stm32wbxx_hal_rcc.o
 .comment       0x0000000000000050       0x51 ./Drivers/STM32WBxx_HAL_Driver/Src/stm32wbxx_hal_rcc_ex.o
 .comment       0x0000000000000050       0x51 ./I2C_LIB/Src/i2c1.o
 .comment       0x0000000000000050       0x51 ./max/Src/heartRate.o
 .comment       0x0000000000000050       0x51 ./max/Src/max30102.o
 .comment       0x0000000000000050       0x51 ./max/Src/spo2_algorithm.o

.debug_frame    0x0000000000000000     0x534c
 .debug_frame   0x0000000000000000      0x13c ./Core/Src/main.o
 .debug_frame   0x000000000000013c       0xf0 ./Core/Src/stm32wbxx_hal_msp.o
 .debug_frame   0x000000000000022c      0x104 ./Core/Src/stm32wbxx_it.o
 .debug_frame   0x0000000000000330       0x58 ./Core/Src/system_stm32wbxx.o
 .debug_frame   0x0000000000000388      0xa34 ./Drivers/STM32WBxx_HAL_Driver/Src/stm32wbxx_hal.o
 .debug_frame   0x0000000000000dbc      0x44c ./Drivers/STM32WBxx_HAL_Driver/Src/stm32wbxx_hal_cortex.o
 .debug_frame   0x0000000000001208      0x174 ./Drivers/STM32WBxx_HAL_Driver/Src/stm32wbxx_hal_gpio.o
 .debug_frame   0x000000000000137c      0xc38 ./Drivers/STM32WBxx_HAL_Driver/Src/stm32wbxx_hal_i2c.o
 .debug_frame   0x0000000000001fb4      0x100 ./Drivers/STM32WBxx_HAL_Driver/Src/stm32wbxx_hal_i2c_ex.o
 .debug_frame   0x00000000000020b4      0x344 ./Drivers/STM32WBxx_HAL_Driver/Src/stm32wbxx_hal_pwr.o
 .debug_frame   0x00000000000023f8      0xb00 ./Drivers/STM32WBxx_HAL_Driver/Src/stm32wbxx_hal_pwr_ex.o
 .debug_frame   0x0000000000002ef8      0xa0c ./Drivers/STM32WBxx_HAL_Driver/Src/stm32wbxx_hal_rcc.o
 .debug_frame   0x0000000000003904      0xf38 ./Drivers/STM32WBxx_HAL_Driver/Src/stm32wbxx_hal_rcc_ex.o
 .debug_frame   0x000000000000483c       0xf0 ./I2C_LIB/Src/i2c1.o
 .debug_frame   0x000000000000492c       0xa8 ./max/Src/heartRate.o
 .debug_frame   0x00000000000049d4      0x714 ./max/Src/max30102.o
 .debug_frame   0x00000000000050e8       0xf8 ./max/Src/spo2_algorithm.o
 .debug_frame   0x00000000000051e0       0x2c c:/st/stm32cubeide_1.11.0/stm32cubeide/plugins/com.st.stm32cube.ide.mcu.externaltools.gnu-tools-for-stm32.10.3-2021.10.win32_1.0.200.202301161003/tools/bin/../lib/gcc/arm-none-eabi/10.3.1/../../../../arm-none-eabi/lib/thumb/v7e-m+fp/hard\libc_nano.a(lib_a-init.o)
 .debug_frame   0x000000000000520c       0x20 c:/st/stm32cubeide_1.11.0/stm32cubeide/plugins/com.st.stm32cube.ide.mcu.externaltools.gnu-tools-for-stm32.10.3-2021.10.win32_1.0.200.202301161003/tools/bin/../lib/gcc/arm-none-eabi/10.3.1/../../../../arm-none-eabi/lib/thumb/v7e-m+fp/hard\libc_nano.a(lib_a-memset.o)
 .debug_frame   0x000000000000522c       0xac c:/st/stm32cubeide_1.11.0/stm32cubeide/plugins/com.st.stm32cube.ide.mcu.externaltools.gnu-tools-for-stm32.10.3-2021.10.win32_1.0.200.202301161003/tools/bin/../lib/gcc/arm-none-eabi/10.3.1/thumb/v7e-m+fp/hard\libgcc.a(_arm_addsubdf3.o)
 .debug_frame   0x00000000000052d8       0x50 c:/st/stm32cubeide_1.11.0/stm32cubeide/plugins/com.st.stm32cube.ide.mcu.externaltools.gnu-tools-for-stm32.10.3-2021.10.win32_1.0.200.202301161003/tools/bin/../lib/gcc/arm-none-eabi/10.3.1/thumb/v7e-m+fp/hard\libgcc.a(_arm_muldivdf3.o)
 .debug_frame   0x0000000000005328       0x24 c:/st/stm32cubeide_1.11.0/stm32cubeide/plugins/com.st.stm32cube.ide.mcu.externaltools.gnu-tools-for-stm32.10.3-2021.10.win32_1.0.200.202301161003/tools/bin/../lib/gcc/arm-none-eabi/10.3.1/thumb/v7e-m+fp/hard\libgcc.a(_arm_truncdfsf2.o)
