Archive member included to satisfy reference by file (symbol)

c:/st/stm32cubeide_1.11.0/stm32cubeide/plugins/com.st.stm32cube.ide.mcu.externaltools.gnu-tools-for-stm32.10.3-2021.10.win32_1.0.100.202210260954/tools/bin/../lib/gcc/arm-none-eabi/10.3.1/../../../../arm-none-eabi/lib/thumb/v7e-m+fp/hard\libc_nano.a(lib_a-errno.o)
                              ./Core/Src/syscalls.o (__errno)
c:/st/stm32cubeide_1.11.0/stm32cubeide/plugins/com.st.stm32cube.ide.mcu.externaltools.gnu-tools-for-stm32.10.3-2021.10.win32_1.0.100.202210260954/tools/bin/../lib/gcc/arm-none-eabi/10.3.1/../../../../arm-none-eabi/lib/thumb/v7e-m+fp/hard\libc_nano.a(lib_a-exit.o)
                              c:/st/stm32cubeide_1.11.0/stm32cubeide/plugins/com.st.stm32cube.ide.mcu.externaltools.gnu-tools-for-stm32.10.3-2021.10.win32_1.0.100.202210260954/tools/bin/../lib/gcc/arm-none-eabi/10.3.1/../../../../arm-none-eabi/lib/thumb/v7e-m+fp/hard/crt0.o (exit)
c:/st/stm32cubeide_1.11.0/stm32cubeide/plugins/com.st.stm32cube.ide.mcu.externaltools.gnu-tools-for-stm32.10.3-2021.10.win32_1.0.100.202210260954/tools/bin/../lib/gcc/arm-none-eabi/10.3.1/../../../../arm-none-eabi/lib/thumb/v7e-m+fp/hard\libc_nano.a(lib_a-impure.o)
                              c:/st/stm32cubeide_1.11.0/stm32cubeide/plugins/com.st.stm32cube.ide.mcu.externaltools.gnu-tools-for-stm32.10.3-2021.10.win32_1.0.100.202210260954/tools/bin/../lib/gcc/arm-none-eabi/10.3.1/../../../../arm-none-eabi/lib/thumb/v7e-m+fp/hard\libc_nano.a(lib_a-exit.o) (_global_impure_ptr)
c:/st/stm32cubeide_1.11.0/stm32cubeide/plugins/com.st.stm32cube.ide.mcu.externaltools.gnu-tools-for-stm32.10.3-2021.10.win32_1.0.100.202210260954/tools/bin/../lib/gcc/arm-none-eabi/10.3.1/../../../../arm-none-eabi/lib/thumb/v7e-m+fp/hard\libc_nano.a(lib_a-init.o)
                              c:/st/stm32cubeide_1.11.0/stm32cubeide/plugins/com.st.stm32cube.ide.mcu.externaltools.gnu-tools-for-stm32.10.3-2021.10.win32_1.0.100.202210260954/tools/bin/../lib/gcc/arm-none-eabi/10.3.1/../../../../arm-none-eabi/lib/thumb/v7e-m+fp/hard/crt0.o (__libc_init_array)
c:/st/stm32cubeide_1.11.0/stm32cubeide/plugins/com.st.stm32cube.ide.mcu.externaltools.gnu-tools-for-stm32.10.3-2021.10.win32_1.0.100.202210260954/tools/bin/../lib/gcc/arm-none-eabi/10.3.1/../../../../arm-none-eabi/lib/thumb/v7e-m+fp/hard\libc_nano.a(lib_a-memset.o)
                              c:/st/stm32cubeide_1.11.0/stm32cubeide/plugins/com.st.stm32cube.ide.mcu.externaltools.gnu-tools-for-stm32.10.3-2021.10.win32_1.0.100.202210260954/tools/bin/../lib/gcc/arm-none-eabi/10.3.1/../../../../arm-none-eabi/lib/thumb/v7e-m+fp/hard/crt0.o (memset)
c:/st/stm32cubeide_1.11.0/stm32cubeide/plugins/com.st.stm32cube.ide.mcu.externaltools.gnu-tools-for-stm32.10.3-2021.10.win32_1.0.100.202210260954/tools/bin/../lib/gcc/arm-none-eabi/10.3.1/thumb/v7e-m+fp/hard\libgcc.a(_arm_muldf3.o)
                              ./max/Src/max30102.o (__aeabi_dmul)
c:/st/stm32cubeide_1.11.0/stm32cubeide/plugins/com.st.stm32cube.ide.mcu.externaltools.gnu-tools-for-stm32.10.3-2021.10.win32_1.0.100.202210260954/tools/bin/../lib/gcc/arm-none-eabi/10.3.1/thumb/v7e-m+fp/hard\libgcc.a(_arm_addsubdf3.o)
                              ./max/Src/max30102.o (__aeabi_dadd)
c:/st/stm32cubeide_1.11.0/stm32cubeide/plugins/com.st.stm32cube.ide.mcu.externaltools.gnu-tools-for-stm32.10.3-2021.10.win32_1.0.100.202210260954/tools/bin/../lib/gcc/arm-none-eabi/10.3.1/thumb/v7e-m+fp/hard\libgcc.a(_arm_truncdfsf2.o)
                              ./max/Src/max30102.o (__aeabi_d2f)

Discarded input sections

 .text          0x0000000000000000        0x0 c:/st/stm32cubeide_1.11.0/stm32cubeide/plugins/com.st.stm32cube.ide.mcu.externaltools.gnu-tools-for-stm32.10.3-2021.10.win32_1.0.100.202210260954/tools/bin/../lib/gcc/arm-none-eabi/10.3.1/thumb/v7e-m+fp/hard/crti.o
 .data          0x0000000000000000        0x0 c:/st/stm32cubeide_1.11.0/stm32cubeide/plugins/com.st.stm32cube.ide.mcu.externaltools.gnu-tools-for-stm32.10.3-2021.10.win32_1.0.100.202210260954/tools/bin/../lib/gcc/arm-none-eabi/10.3.1/thumb/v7e-m+fp/hard/crti.o
 .bss           0x0000000000000000        0x0 c:/st/stm32cubeide_1.11.0/stm32cubeide/plugins/com.st.stm32cube.ide.mcu.externaltools.gnu-tools-for-stm32.10.3-2021.10.win32_1.0.100.202210260954/tools/bin/../lib/gcc/arm-none-eabi/10.3.1/thumb/v7e-m+fp/hard/crti.o
 .data          0x0000000000000000        0x4 c:/st/stm32cubeide_1.11.0/stm32cubeide/plugins/com.st.stm32cube.ide.mcu.externaltools.gnu-tools-for-stm32.10.3-2021.10.win32_1.0.100.202210260954/tools/bin/../lib/gcc/arm-none-eabi/10.3.1/thumb/v7e-m+fp/hard/crtbegin.o
 .rodata        0x0000000000000000       0x24 c:/st/stm32cubeide_1.11.0/stm32cubeide/plugins/com.st.stm32cube.ide.mcu.externaltools.gnu-tools-for-stm32.10.3-2021.10.win32_1.0.100.202210260954/tools/bin/../lib/gcc/arm-none-eabi/10.3.1/thumb/v7e-m+fp/hard/crtbegin.o
[...]
Memory Configuration

Name             Origin             Length             Attributes
FLASH            0x0000000008000000 0x0000000000050000 xr
RAM1             0x0000000020000008 0x000000000002fff8 xrw
RAM_SHARED       0x0000000020030000 0x0000000000002800 xrw
*default*        0x0000000000000000 0xffffffffffffffff

Linker script and memory map

LOAD c:/st/stm32cubeide_1.11.0/stm32cubeide/plugins/com.st.stm32cube.ide.mcu.externaltools.gnu-tools-for-stm32.10.3-2021.10.win32_1.0.100.202210260954/tools/bin/../lib/gcc/arm-none-eabi/10.3.1/thumb/v7e-m+fp/hard/crti.o
LOAD c:/st/stm32cubeide_1.11.0/stm32cubeide/plugins/com.st.stm32cube.ide.mcu.externaltools.gnu-tools-for-stm32.10.3-2021.10.win32_1.0.100.202210260954/tools/bin/../lib/gcc/arm-none-eabi/10.3.1/thumb/v7e-m+fp/hard/crtbegin.o
LOAD c:/st/stm32cubeide_1.11.0/stm32cubeide/plugins/com.st.stm32cube.ide.mcu.externaltools.gnu-tools-for-stm32.10.3-2021.10.win32_1.0.100.202210260954/tools/bin/../lib/gcc/arm-none-eabi/10.3.1/../../../../arm-none-eabi/lib/thumb/v7e-m+fp/hard/crt0.o
LOAD ./Core/Src/main.o
LOAD ./Core/Src/stm32wbxx_hal_msp.o
LOAD ./Core/Src/stm32wbxx_it.o
LOAD ./Core/Src/syscalls.o
LOAD ./Core/Src/sysmem.o
LOAD ./Core/Src/system_stm32wbxx.o
LOAD ./Core/Startup/startup_stm32wb55ceux.o
LOAD ./Drivers/STM32WBxx_HAL_Driver/Src/stm32wbxx_hal.o
LOAD ./Drivers/STM32WBxx_HAL_Driver/Src/stm32wbxx_hal_cortex.o
LOAD ./Drivers/STM32WBxx_HAL_Driver/Src/stm32wbxx_hal_dma.o
LOAD ./Drivers/STM32WBxx_HAL_Driver/Src/stm32wbxx_hal_dma_ex.o
LOAD ./Drivers/STM32WBxx_HAL_Driver/Src/stm32wbxx_hal_exti.o
LOAD ./Drivers/STM32WBxx_HAL_Driver/Src/stm32wbxx_hal_flash.o
LOAD ./Drivers/STM32WBxx_HAL_Driver/Src/stm32wbxx_hal_flash_ex.o
LOAD ./Drivers/STM32WBxx_HAL_Driver/Src/stm32wbxx_hal_gpio.o
LOAD ./Drivers/STM32WBxx_HAL_Driver/Src/stm32wbxx_hal_hsem.o
LOAD ./Drivers/STM32WBxx_HAL_Driver/Src/stm32wbxx_hal_i2c.o
LOAD ./Drivers/STM32WBxx_HAL_Driver/Src/stm32wbxx_hal_i2c_ex.o
LOAD ./Drivers/STM32WBxx_HAL_Driver/Src/stm32wbxx_hal_pwr.o
LOAD ./Drivers/STM32WBxx_HAL_Driver/Src/stm32wbxx_hal_pwr_ex.o
LOAD ./Drivers/STM32WBxx_HAL_Driver/Src/stm32wbxx_hal_rcc.o
LOAD ./Drivers/STM32WBxx_HAL_Driver/Src/stm32wbxx_hal_rcc_ex.o
LOAD ./Drivers/STM32WBxx_HAL_Driver/Src/stm32wbxx_ll_rcc.o
LOAD ./max/Src/max30102.o
START GROUP
LOAD c:/st/stm32cubeide_1.11.0/stm32cubeide/plugins/com.st.stm32cube.ide.mcu.externaltools.gnu-tools-for-stm32.10.3-2021.10.win32_1.0.100.202210260954/tools/bin/../lib/gcc/arm-none-eabi/10.3.1/../../../../arm-none-eabi/lib/thumb/v7e-m+fp/hard\libc_nano.a
LOAD c:/st/stm32cubeide_1.11.0/stm32cubeide/plugins/com.st.stm32cube.ide.mcu.externaltools.gnu-tools-for-stm32.10.3-2021.10.win32_1.0.100.202210260954/tools/bin/../lib/gcc/arm-none-eabi/10.3.1/../../../../arm-none-eabi/lib/thumb/v7e-m+fp/hard\libm.a
END GROUP
START GROUP
LOAD c:/st/stm32cubeide_1.11.0/stm32cubeide/plugins/com.st.stm32cube.ide.mcu.externaltools.gnu-tools-for-stm32.10.3-2021.10.win32_1.0.100.202210260954/tools/bin/../lib/gcc/arm-none-eabi/10.3.1/thumb/v7e-m+fp/hard\libgcc.a
LOAD c:/st/stm32cubeide_1.11.0/stm32cubeide/plugins/com.st.stm32cube.ide.mcu.externaltools.gnu-tools-for-stm32.10.3-2021.10.win32_1.0.100.202210260954/tools/bin/../lib/gcc/arm-none-eabi/10.3.1/../../../../arm-none-eabi/lib/thumb/v7e-m+fp/hard\libc_nano.a
END GROUP
START GROUP
LOAD c:/st/stm32cubeide_1.11.0/stm32cubeide/plugins/com.st.stm32cube.ide.mcu.externaltools.gnu-tools-for-stm32.10.3-2021.10.win32_1.0.100.202210260954/tools/bin/../lib/gcc/arm-none-eabi/10.3.1/thumb/v7e-m+fp/hard\libgcc.a
LOAD c:/st/stm32cubeide_1.11.0/stm32cubeide/plugins/com.st.stm32cube.ide.mcu.externaltools.gnu-tools-for-stm32.10.3-2021.10.win32_1.0.100.202210260954/tools/bin/../lib/gcc/arm-none-eabi/10.3.1/../../../../arm-none-eabi/lib/thumb/v7e-m+fp/hard\libc_nano.a
LOAD c:/st/stm32cubeide_1.11.0/stm32cubeide/plugins/com.st.stm32cube.ide.mcu.externaltools.gnu-tools-for-stm32.10.3-2021.10.win32_1.0.100.202210260954/tools/bin/../lib/gcc/arm-none-eabi/10.3.1/../../../../arm-none-eabi/lib/thumb/v7e-m+fp/hard\libnosys.a
END GROUP
START GROUP
LOAD c:/st/stm32cubeide_1.11.0/stm32cubeide/plugins/com.st.stm32cube.ide.mcu.externaltools.gnu-tools-for-stm32.10.3-2021.10.win32_1.0.100.202210260954/tools/bin/../lib/gcc/arm-none-eabi/10.3.1/thumb/v7e-m+fp/hard\libgcc.a
LOAD c:/st/stm32cubeide_1.11.0/stm32cubeide/plugins/com.st.stm32cube.ide.mcu.externaltools.gnu-tools-for-stm32.10.3-2021.10.win32_1.0.100.202210260954/tools/bin/../lib/gcc/arm-none-eabi/10.3.1/../../../../arm-none-eabi/lib/thumb/v7e-m+fp/hard\libc_nano.a
LOAD c:/st/stm32cubeide_1.11.0/stm32cubeide/plugins/com.st.stm32cube.ide.mcu.externaltools.gnu-tools-for-stm32.10.3-2021.10.win32_1.0.100.202210260954/tools/bin/../lib/gcc/arm-none-eabi/10.3.1/../../../../arm-none-eabi/lib/thumb/v7e-m+fp/hard\libnosys.a
END GROUP
LOAD c:/st/stm32cubeide_1.11.0/stm32cubeide/plugins/com.st.stm32cube.ide.mcu.externaltools.gnu-tools-for-stm32.10.3-2021.10.win32_1.0.100.202210260954/tools/bin/../lib/gcc/arm-none-eabi/10.3.1/thumb/v7e-m+fp/hard/crtend.o
LOAD c:/st/stm32cubeide_1.11.0/stm32cubeide/plugins/com.st.stm32cube.ide.mcu.externaltools.gnu-tools-for-stm32.10.3-2021.10.win32_1.0.100.202210260954/tools/bin/../lib/gcc/arm-none-eabi/10.3.1/thumb/v7e-m+fp/hard/crtn.o
                0x0000000020030000                _estack = (ORIGIN (RAM1) + LENGTH (RAM1))
                0x0000000000000200                _Min_Heap_Size = 0x200
                0x0000000000000400                _Min_Stack_Size = 0x400

.isr_vector     0x0000000008000000      0x13c
                0x0000000008000000                . = ALIGN (0x4)
 *(.isr_vector)
 .isr_vector    0x0000000008000000      0x13c ./Core/Startup/startup_stm32wb55ceux.o
                0x0000000008000000                g_pfnVectors
                0x000000000800013c                . = ALIGN (0x4)

.text           0x000000000800013c     0x3a70
                0x000000000800013c                . = ALIGN (0x4)
 *(.text)
 .text          0x000000000800013c       0x40 c:/st/stm32cubeide_1.11.0/stm32cubeide/plugins/com.st.stm32cube.ide.mcu.externaltools.gnu-tools-for-stm32.10.3-2021.10.win32_1.0.100.202210260954/tools/bin/../lib/gcc/arm-none-eabi/10.3.1/thumb/v7e-m+fp/hard/crtbegin.o
 *(.text*)
 .text.LL_AHB2_GRP1_EnableClock
                0x000000000800017c       0x32 ./Core/Src/main.o
 *fill*         0x00000000080001ae        0x2 
 .text.main     0x00000000080001b0       0x48 ./Core/Src/main.o
                0x00000000080001b0                main
 .text.SystemClock_Config
                0x00000000080001f8       0xb0 ./Core/Src/main.o
                0x00000000080001f8                SystemClock_Config
 .text.PeriphCommonClock_Config
                0x00000000080002a8       0x3a ./Core/Src/main.o
                0x00000000080002a8                PeriphCommonClock_Config
 *fill*         0x00000000080002e2        0x2 
 .text.MX_I2C1_Init
                0x00000000080002e4       0x7c ./Core/Src/main.o
 .text.MX_GPIO_Init
                0x0000000008000360        0xe ./Core/Src/main.o
 .text.Error_Handler
                0x000000000800036e        0xa ./Core/Src/main.o
                0x000000000800036e                Error_Handler
 .text.LL_AHB2_GRP1_EnableClock
                0x0000000008000378       0x32 ./Core/Src/stm32wbxx_hal_msp.o
 .text.LL_APB1_GRP1_EnableClock
                0x00000000080003aa       0x32 ./Core/Src/stm32wbxx_hal_msp.o
 .text.HAL_MspInit
                0x00000000080003dc        0xe ./Core/Src/stm32wbxx_hal_msp.o
                0x00000000080003dc                HAL_MspInit
 *fill*         0x00000000080003ea        0x2 
 .text.HAL_I2C_MspInit
                0x00000000080003ec       0x90 ./Core/Src/stm32wbxx_hal_msp.o
                0x00000000080003ec                HAL_I2C_MspInit
 .text.NMI_Handler
                0x000000000800047c        0x6 ./Core/Src/stm32wbxx_it.o
                0x000000000800047c                NMI_Handler
 .text.HardFault_Handler
                0x0000000008000482        0x6 ./Core/Src/stm32wbxx_it.o
                0x0000000008000482                HardFault_Handler
 .text.MemManage_Handler
                0x0000000008000488        0x6 ./Core/Src/stm32wbxx_it.o
                0x0000000008000488                MemManage_Handler
 .text.BusFault_Handler
                0x000000000800048e        0x6 ./Core/Src/stm32wbxx_it.o
                0x000000000800048e                BusFault_Handler
 .text.UsageFault_Handler
                0x0000000008000494        0x6 ./Core/Src/stm32wbxx_it.o
                0x0000000008000494                UsageFault_Handler
 .text.SVC_Handler
                0x000000000800049a        0xe ./Core/Src/stm32wbxx_it.o
                0x000000000800049a                SVC_Handler
 .text.DebugMon_Handler
                0x00000000080004a8        0xe ./Core/Src/stm32wbxx_it.o
                0x00000000080004a8                DebugMon_Handler
 .text.PendSV_Handler
                0x00000000080004b6        0xe ./Core/Src/stm32wbxx_it.o
                0x00000000080004b6                PendSV_Handler
 .text.SysTick_Handler
                0x00000000080004c4        0xc ./Core/Src/stm32wbxx_it.o
                0x00000000080004c4                SysTick_Handler
 .text.SystemInit
                0x00000000080004d0       0xa4 ./Core/Src/system_stm32wbxx.o
                0x00000000080004d0                SystemInit
 .text.data_initializers
                0x0000000008000574       0x18 ./Core/Startup/startup_stm32wb55ceux.o
 .text.Reset_Handler
                0x000000000800058c       0x58 ./Core/Startup/startup_stm32wb55ceux.o
                0x000000000800058c                Reset_Handler
 .text.Default_Handler
                0x00000000080005e4        0x2 ./Core/Startup/startup_stm32wb55ceux.o
                0x00000000080005e4                RTC_Alarm_IRQHandler
                0x00000000080005e4                EXTI2_IRQHandler
                0x00000000080005e4                TIM1_CC_IRQHandler
                0x00000000080005e4                TSC_IRQHandler
                0x00000000080005e4                USB_HP_IRQHandler
                0x00000000080005e4                EXTI3_IRQHandler
                0x00000000080005e4                LPTIM2_IRQHandler
                0x00000000080005e4                I2C3_ER_IRQHandler
                0x00000000080005e4                EXTI0_IRQHandler
                0x00000000080005e4                FPU_IRQHandler
                0x00000000080005e4                TIM1_UP_TIM16_IRQHandler
                0x00000000080005e4                AES1_IRQHandler
                0x00000000080005e4                SPI1_IRQHandler
                0x00000000080005e4                PWR_SOTF_BLEACT_802ACT_RFPHASE_IRQHandler
                0x00000000080005e4                DMA2_Channel2_IRQHandler
                0x00000000080005e4                DMA1_Channel4_IRQHandler
                0x00000000080005e4                ADC1_IRQHandler
                0x00000000080005e4                PKA_IRQHandler
                0x00000000080005e4                DMA1_Channel7_IRQHandler
                0x00000000080005e4                LCD_IRQHandler
                0x00000000080005e4                IPCC_C1_TX_IRQHandler
                0x00000000080005e4                DMA2_Channel1_IRQHandler
                0x00000000080005e4                QUADSPI_IRQHandler
                0x00000000080005e4                I2C1_EV_IRQHandler
                0x00000000080005e4                DMAMUX1_OVR_IRQHandler
                0x00000000080005e4                DMA1_Channel6_IRQHandler
                0x00000000080005e4                DMA2_Channel4_IRQHandler
                0x00000000080005e4                RCC_IRQHandler
                0x00000000080005e4                DMA1_Channel1_IRQHandler
                0x00000000080005e4                Default_Handler
                0x00000000080005e4                DMA2_Channel7_IRQHandler
                0x00000000080005e4                EXTI15_10_IRQHandler
                0x00000000080005e4                IPCC_C1_RX_IRQHandler
                0x00000000080005e4                C2SEV_PWR_C2H_IRQHandler
                0x00000000080005e4                AES2_IRQHandler
                0x00000000080005e4                I2C3_EV_IRQHandler
                0x00000000080005e4                EXTI9_5_IRQHandler
                0x00000000080005e4                RTC_WKUP_IRQHandler
                0x00000000080005e4                PVD_PVM_IRQHandler
                0x00000000080005e4                SPI2_IRQHandler
                0x00000000080005e4                DMA2_Channel5_IRQHandler
                0x00000000080005e4                CRS_IRQHandler
                0x00000000080005e4                DMA1_Channel5_IRQHandler
                0x00000000080005e4                USB_LP_IRQHandler
                0x00000000080005e4                EXTI4_IRQHandler
                0x00000000080005e4                RNG_IRQHandler
                0x00000000080005e4                TIM1_TRG_COM_TIM17_IRQHandler
                0x00000000080005e4                TAMP_STAMP_LSECSS_IRQHandler
                0x00000000080005e4                DMA1_Channel3_IRQHandler
                0x00000000080005e4                COMP_IRQHandler
                0x00000000080005e4                HSEM_IRQHandler
                0x00000000080005e4                WWDG_IRQHandler
                0x00000000080005e4                LPUART1_IRQHandler
                0x00000000080005e4                DMA2_Channel6_IRQHandler
                0x00000000080005e4                TIM2_IRQHandler
                0x00000000080005e4                TIM1_BRK_IRQHandler
                0x00000000080005e4                EXTI1_IRQHandler
                0x00000000080005e4                DMA1_Channel2_IRQHandler
                0x00000000080005e4                FLASH_IRQHandler
                0x00000000080005e4                USART1_IRQHandler
                0x00000000080005e4                I2C1_ER_IRQHandler
                0x00000000080005e4                LPTIM1_IRQHandler
                0x00000000080005e4                SAI1_IRQHandler
                0x00000000080005e4                DMA2_Channel3_IRQHandler
 *fill*         0x00000000080005e6        0x2 
 .text.HAL_Init
                0x00000000080005e8       0x40 ./Drivers/STM32WBxx_HAL_Driver/Src/stm32wbxx_hal.o
                0x00000000080005e8                HAL_Init
 .text.HAL_InitTick
                0x0000000008000628       0x74 ./Drivers/STM32WBxx_HAL_Driver/Src/stm32wbxx_hal.o
                0x0000000008000628                HAL_InitTick
 .text.HAL_IncTick
                0x000000000800069c       0x28 ./Drivers/STM32WBxx_HAL_Driver/Src/stm32wbxx_hal.o
                0x000000000800069c                HAL_IncTick
 .text.HAL_GetTick
                0x00000000080006c4       0x18 ./Drivers/STM32WBxx_HAL_Driver/Src/stm32wbxx_hal.o
                0x00000000080006c4                HAL_GetTick
 .text.HAL_GetTickPrio
                0x00000000080006dc       0x18 ./Drivers/STM32WBxx_HAL_Driver/Src/stm32wbxx_hal.o
                0x00000000080006dc                HAL_GetTickPrio
 .text.HAL_Delay
                0x00000000080006f4       0x48 ./Drivers/STM32WBxx_HAL_Driver/Src/stm32wbxx_hal.o
                0x00000000080006f4                HAL_Delay
 .text.__NVIC_SetPriorityGrouping
                0x000000000800073c       0x48 ./Drivers/STM32WBxx_HAL_Driver/Src/stm32wbxx_hal_cortex.o
 .text.__NVIC_GetPriorityGrouping
                0x0000000008000784       0x1c ./Drivers/STM32WBxx_HAL_Driver/Src/stm32wbxx_hal_cortex.o
 .text.__NVIC_SetPriority
                0x00000000080007a0       0x54 ./Drivers/STM32WBxx_HAL_Driver/Src/stm32wbxx_hal_cortex.o
 .text.NVIC_EncodePriority
                0x00000000080007f4       0x66 ./Drivers/STM32WBxx_HAL_Driver/Src/stm32wbxx_hal_cortex.o
 *fill*         0x000000000800085a        0x2 
 .text.SysTick_Config
                0x000000000800085c       0x44 ./Drivers/STM32WBxx_HAL_Driver/Src/stm32wbxx_hal_cortex.o
 .text.HAL_NVIC_SetPriorityGrouping
                0x00000000080008a0       0x16 ./Drivers/STM32WBxx_HAL_Driver/Src/stm32wbxx_hal_cortex.o
                0x00000000080008a0                HAL_NVIC_SetPriorityGrouping
 .text.HAL_NVIC_SetPriority
                0x00000000080008b6       0x34 ./Drivers/STM32WBxx_HAL_Driver/Src/stm32wbxx_hal_cortex.o
                0x00000000080008b6                HAL_NVIC_SetPriority
 .text.HAL_SYSTICK_Config
                0x00000000080008ea       0x18 ./Drivers/STM32WBxx_HAL_Driver/Src/stm32wbxx_hal_cortex.o
                0x00000000080008ea                HAL_SYSTICK_Config
 *fill*         0x0000000008000902        0x2 
 .text.HAL_GPIO_Init
                0x0000000008000904      0x2e0 ./Drivers/STM32WBxx_HAL_Driver/Src/stm32wbxx_hal_gpio.o
                0x0000000008000904                HAL_GPIO_Init
 .text.HAL_I2C_Init
                0x0000000008000be4      0x11e ./Drivers/STM32WBxx_HAL_Driver/Src/stm32wbxx_hal_i2c.o
                0x0000000008000be4                HAL_I2C_Init
 *fill*         0x0000000008000d02        0x2 
 .text.HAL_I2C_Mem_Write
                0x0000000008000d04      0x228 ./Drivers/STM32WBxx_HAL_Driver/Src/stm32wbxx_hal_i2c.o
                0x0000000008000d04                HAL_I2C_Mem_Write
 .text.HAL_I2C_Mem_Read
                0x0000000008000f2c      0x234 ./Drivers/STM32WBxx_HAL_Driver/Src/stm32wbxx_hal_i2c.o
                0x0000000008000f2c                HAL_I2C_Mem_Read
 .text.I2C_RequestMemoryWrite
                0x0000000008001160       0xa8 ./Drivers/STM32WBxx_HAL_Driver/Src/stm32wbxx_hal_i2c.o
 .text.I2C_RequestMemoryRead
                0x0000000008001208       0xa8 ./Drivers/STM32WBxx_HAL_Driver/Src/stm32wbxx_hal_i2c.o
 .text.I2C_Flush_TXDR
                0x00000000080012b0       0x48 ./Drivers/STM32WBxx_HAL_Driver/Src/stm32wbxx_hal_i2c.o
 .text.I2C_WaitOnFlagUntilTimeout
                0x00000000080012f8       0x80 ./Drivers/STM32WBxx_HAL_Driver/Src/stm32wbxx_hal_i2c.o
 .text.I2C_WaitOnTXISFlagUntilTimeout
                0x0000000008001378       0x80 ./Drivers/STM32WBxx_HAL_Driver/Src/stm32wbxx_hal_i2c.o
 .text.I2C_WaitOnSTOPFlagUntilTimeout
                0x00000000080013f8       0x78 ./Drivers/STM32WBxx_HAL_Driver/Src/stm32wbxx_hal_i2c.o
 .text.I2C_IsErrorOccurred
                0x0000000008001470      0x1d8 ./Drivers/STM32WBxx_HAL_Driver/Src/stm32wbxx_hal_i2c.o
 .text.I2C_TransferConfig
                0x0000000008001648       0x64 ./Drivers/STM32WBxx_HAL_Driver/Src/stm32wbxx_hal_i2c.o
 .text.HAL_I2CEx_ConfigAnalogFilter
                0x00000000080016ac       0x96 ./Drivers/STM32WBxx_HAL_Driver/Src/stm32wbxx_hal_i2c_ex.o
                0x00000000080016ac                HAL_I2CEx_ConfigAnalogFilter
 .text.HAL_I2CEx_ConfigDigitalFilter
                0x0000000008001742       0x98 ./Drivers/STM32WBxx_HAL_Driver/Src/stm32wbxx_hal_i2c_ex.o
                0x0000000008001742                HAL_I2CEx_ConfigDigitalFilter
 *fill*         0x00000000080017da        0x2 
 .text.HAL_PWR_EnableBkUpAccess
                0x00000000080017dc       0x20 ./Drivers/STM32WBxx_HAL_Driver/Src/stm32wbxx_hal_pwr.o
                0x00000000080017dc                HAL_PWR_EnableBkUpAccess
 .text.HAL_PWREx_GetVoltageRange
                0x00000000080017fc       0x1c ./Drivers/STM32WBxx_HAL_Driver/Src/stm32wbxx_hal_pwr_ex.o
                0x00000000080017fc                HAL_PWREx_GetVoltageRange
 .text.LL_RCC_HSE_IsEnabledDiv2
                0x0000000008001818       0x24 ./Drivers/STM32WBxx_HAL_Driver/Src/stm32wbxx_hal_rcc.o
 .text.LL_RCC_HSE_Enable
                0x000000000800183c       0x1e ./Drivers/STM32WBxx_HAL_Driver/Src/stm32wbxx_hal_rcc.o
 .text.LL_RCC_HSE_Disable
                0x000000000800185a       0x1e ./Drivers/STM32WBxx_HAL_Driver/Src/stm32wbxx_hal_rcc.o
 .text.LL_RCC_HSE_IsReady
                0x0000000008001878       0x24 ./Drivers/STM32WBxx_HAL_Driver/Src/stm32wbxx_hal_rcc.o
 .text.LL_RCC_HSI_Enable
                0x000000000800189c       0x1e ./Drivers/STM32WBxx_HAL_Driver/Src/stm32wbxx_hal_rcc.o
 .text.LL_RCC_HSI_Disable
                0x00000000080018ba       0x1e ./Drivers/STM32WBxx_HAL_Driver/Src/stm32wbxx_hal_rcc.o
 .text.LL_RCC_HSI_IsReady
                0x00000000080018d8       0x24 ./Drivers/STM32WBxx_HAL_Driver/Src/stm32wbxx_hal_rcc.o
 .text.LL_RCC_HSI_SetCalibTrimming
                0x00000000080018fc       0x2a ./Drivers/STM32WBxx_HAL_Driver/Src/stm32wbxx_hal_rcc.o
 .text.LL_RCC_HSI48_Enable
                0x0000000008001926       0x22 ./Drivers/STM32WBxx_HAL_Driver/Src/stm32wbxx_hal_rcc.o
 .text.LL_RCC_HSI48_Disable
                0x0000000008001948       0x22 ./Drivers/STM32WBxx_HAL_Driver/Src/stm32wbxx_hal_rcc.o
 .text.LL_RCC_HSI48_IsReady
                0x000000000800196a       0x24 ./Drivers/STM32WBxx_HAL_Driver/Src/stm32wbxx_hal_rcc.o
 .text.LL_RCC_LSE_Enable
                0x000000000800198e       0x22 ./Drivers/STM32WBxx_HAL_Driver/Src/stm32wbxx_hal_rcc.o
 .text.LL_RCC_LSE_Disable
                0x00000000080019b0       0x22 ./Drivers/STM32WBxx_HAL_Driver/Src/stm32wbxx_hal_rcc.o
 .text.LL_RCC_LSE_EnableBypass
                0x00000000080019d2       0x22 ./Drivers/STM32WBxx_HAL_Driver/Src/stm32wbxx_hal_rcc.o
 .text.LL_RCC_LSE_DisableBypass
                0x00000000080019f4       0x22 ./Drivers/STM32WBxx_HAL_Driver/Src/stm32wbxx_hal_rcc.o
 .text.LL_RCC_LSE_IsReady
                0x0000000008001a16       0x24 ./Drivers/STM32WBxx_HAL_Driver/Src/stm32wbxx_hal_rcc.o
 .text.LL_RCC_LSI1_Enable
                0x0000000008001a3a       0x22 ./Drivers/STM32WBxx_HAL_Driver/Src/stm32wbxx_hal_rcc.o
 .text.LL_RCC_LSI1_Disable
                0x0000000008001a5c       0x22 ./Drivers/STM32WBxx_HAL_Driver/Src/stm32wbxx_hal_rcc.o
 .text.LL_RCC_LSI1_IsReady
                0x0000000008001a7e       0x24 ./Drivers/STM32WBxx_HAL_Driver/Src/stm32wbxx_hal_rcc.o
 .text.LL_RCC_LSI2_Enable
                0x0000000008001aa2       0x22 ./Drivers/STM32WBxx_HAL_Driver/Src/stm32wbxx_hal_rcc.o
 .text.LL_RCC_LSI2_Disable
                0x0000000008001ac4       0x22 ./Drivers/STM32WBxx_HAL_Driver/Src/stm32wbxx_hal_rcc.o
 .text.LL_RCC_LSI2_IsReady
                0x0000000008001ae6       0x24 ./Drivers/STM32WBxx_HAL_Driver/Src/stm32wbxx_hal_rcc.o
 .text.LL_RCC_LSI2_SetTrimming
                0x0000000008001b0a       0x2e ./Drivers/STM32WBxx_HAL_Driver/Src/stm32wbxx_hal_rcc.o
 .text.LL_RCC_MSI_Enable
                0x0000000008001b38       0x1e ./Drivers/STM32WBxx_HAL_Driver/Src/stm32wbxx_hal_rcc.o
 .text.LL_RCC_MSI_Disable
                0x0000000008001b56       0x1e ./Drivers/STM32WBxx_HAL_Driver/Src/stm32wbxx_hal_rcc.o
 .text.LL_RCC_MSI_IsReady
                0x0000000008001b74       0x22 ./Drivers/STM32WBxx_HAL_Driver/Src/stm32wbxx_hal_rcc.o
 .text.LL_RCC_MSI_SetRange
                0x0000000008001b96       0x28 ./Drivers/STM32WBxx_HAL_Driver/Src/stm32wbxx_hal_rcc.o
 .text.LL_RCC_MSI_GetRange
                0x0000000008001bbe       0x2a ./Drivers/STM32WBxx_HAL_Driver/Src/stm32wbxx_hal_rcc.o
 .text.LL_RCC_MSI_SetCalibTrimming
                0x0000000008001be8       0x2a ./Drivers/STM32WBxx_HAL_Driver/Src/stm32wbxx_hal_rcc.o
 .text.LL_RCC_SetSysClkSource
                0x0000000008001c12       0x28 ./Drivers/STM32WBxx_HAL_Driver/Src/stm32wbxx_hal_rcc.o
 .text.LL_RCC_GetSysClkSource
                0x0000000008001c3a       0x18 ./Drivers/STM32WBxx_HAL_Driver/Src/stm32wbxx_hal_rcc.o
 .text.LL_RCC_SetAHBPrescaler
                0x0000000008001c52       0x28 ./Drivers/STM32WBxx_HAL_Driver/Src/stm32wbxx_hal_rcc.o
 .text.LL_C2_RCC_SetAHBPrescaler
                0x0000000008001c7a       0x2c ./Drivers/STM32WBxx_HAL_Driver/Src/stm32wbxx_hal_rcc.o
 .text.LL_RCC_SetAHB4Prescaler
                0x0000000008001ca6       0x2e ./Drivers/STM32WBxx_HAL_Driver/Src/stm32wbxx_hal_rcc.o
 .text.LL_RCC_SetAPB1Prescaler
                0x0000000008001cd4       0x28 ./Drivers/STM32WBxx_HAL_Driver/Src/stm32wbxx_hal_rcc.o
 .text.LL_RCC_SetAPB2Prescaler
                0x0000000008001cfc       0x28 ./Drivers/STM32WBxx_HAL_Driver/Src/stm32wbxx_hal_rcc.o
 .text.LL_RCC_GetAHBPrescaler
                0x0000000008001d24       0x18 ./Drivers/STM32WBxx_HAL_Driver/Src/stm32wbxx_hal_rcc.o
 .text.LL_RCC_GetAHB4Prescaler
                0x0000000008001d3c       0x1c ./Drivers/STM32WBxx_HAL_Driver/Src/stm32wbxx_hal_rcc.o
 .text.LL_RCC_PLL_Enable
                0x0000000008001d58       0x1e ./Drivers/STM32WBxx_HAL_Driver/Src/stm32wbxx_hal_rcc.o
 .text.LL_RCC_PLL_Disable
                0x0000000008001d76       0x1e ./Drivers/STM32WBxx_HAL_Driver/Src/stm32wbxx_hal_rcc.o
 .text.LL_RCC_PLL_IsReady
                0x0000000008001d94       0x24 ./Drivers/STM32WBxx_HAL_Driver/Src/stm32wbxx_hal_rcc.o
 .text.LL_RCC_PLL_GetN
                0x0000000008001db8       0x1a ./Drivers/STM32WBxx_HAL_Driver/Src/stm32wbxx_hal_rcc.o
 .text.LL_RCC_PLL_GetR
                0x0000000008001dd2       0x18 ./Drivers/STM32WBxx_HAL_Driver/Src/stm32wbxx_hal_rcc.o
 .text.LL_RCC_PLL_GetDivider
                0x0000000008001dea       0x18 ./Drivers/STM32WBxx_HAL_Driver/Src/stm32wbxx_hal_rcc.o
 .text.LL_RCC_PLL_GetMainSource
                0x0000000008001e02       0x18 ./Drivers/STM32WBxx_HAL_Driver/Src/stm32wbxx_hal_rcc.o
 .text.LL_RCC_IsActiveFlag_HPRE
                0x0000000008001e1a       0x24 ./Drivers/STM32WBxx_HAL_Driver/Src/stm32wbxx_hal_rcc.o
 .text.LL_RCC_IsActiveFlag_C2HPRE
                0x0000000008001e3e       0x26 ./Drivers/STM32WBxx_HAL_Driver/Src/stm32wbxx_hal_rcc.o
 .text.LL_RCC_IsActiveFlag_SHDHPRE
                0x0000000008001e64       0x26 ./Drivers/STM32WBxx_HAL_Driver/Src/stm32wbxx_hal_rcc.o
 .text.LL_RCC_IsActiveFlag_PPRE1
                0x0000000008001e8a       0x24 ./Drivers/STM32WBxx_HAL_Driver/Src/stm32wbxx_hal_rcc.o
 .text.LL_RCC_IsActiveFlag_PPRE2
                0x0000000008001eae       0x24 ./Drivers/STM32WBxx_HAL_Driver/Src/stm32wbxx_hal_rcc.o
 *fill*         0x0000000008001ed2        0x2 
 .text.HAL_RCC_OscConfig
                0x0000000008001ed4      0x6e8 ./Drivers/STM32WBxx_HAL_Driver/Src/stm32wbxx_hal_rcc.o
                0x0000000008001ed4                HAL_RCC_OscConfig
 .text.HAL_RCC_ClockConfig
                0x00000000080025bc      0x280 ./Drivers/STM32WBxx_HAL_Driver/Src/stm32wbxx_hal_rcc.o
                0x00000000080025bc                HAL_RCC_ClockConfig
 .text.HAL_RCC_GetSysClockFreq
                0x000000000800283c       0xdc ./Drivers/STM32WBxx_HAL_Driver/Src/stm32wbxx_hal_rcc.o
                0x000000000800283c                HAL_RCC_GetSysClockFreq
 .text.HAL_RCC_GetHCLKFreq
                0x0000000008002918       0x28 ./Drivers/STM32WBxx_HAL_Driver/Src/stm32wbxx_hal_rcc.o
                0x0000000008002918                HAL_RCC_GetHCLKFreq
 .text.RCC_SetFlashLatencyFromMSIRange
                0x0000000008002940       0x70 ./Drivers/STM32WBxx_HAL_Driver/Src/stm32wbxx_hal_rcc.o
 .text.RCC_SetFlashLatency
                0x00000000080029b0       0xf8 ./Drivers/STM32WBxx_HAL_Driver/Src/stm32wbxx_hal_rcc.o
 .text.LL_RCC_LSE_IsEnabled
                0x0000000008002aa8       0x24 ./Drivers/STM32WBxx_HAL_Driver/Src/stm32wbxx_hal_rcc_ex.o
 .text.LL_RCC_LSE_IsReady
                0x0000000008002acc       0x24 ./Drivers/STM32WBxx_HAL_Driver/Src/stm32wbxx_hal_rcc_ex.o
 .text.LL_RCC_SetRFWKPClockSource
                0x0000000008002af0       0x2c ./Drivers/STM32WBxx_HAL_Driver/Src/stm32wbxx_hal_rcc_ex.o
 .text.LL_RCC_SetSMPSClockSource
                0x0000000008002b1c       0x28 ./Drivers/STM32WBxx_HAL_Driver/Src/stm32wbxx_hal_rcc_ex.o
 .text.LL_RCC_SetSMPSPrescaler
                0x0000000008002b44       0x28 ./Drivers/STM32WBxx_HAL_Driver/Src/stm32wbxx_hal_rcc_ex.o
 .text.LL_RCC_SetUSARTClockSource
                0x0000000008002b6c       0x2c ./Drivers/STM32WBxx_HAL_Driver/Src/stm32wbxx_hal_rcc_ex.o
 .text.LL_RCC_SetLPUARTClockSource
                0x0000000008002b98       0x2c ./Drivers/STM32WBxx_HAL_Driver/Src/stm32wbxx_hal_rcc_ex.o
 .text.LL_RCC_SetI2CClockSource
                0x0000000008002bc4       0x3a ./Drivers/STM32WBxx_HAL_Driver/Src/stm32wbxx_hal_rcc_ex.o
 .text.LL_RCC_SetLPTIMClockSource
                0x0000000008002bfe       0x34 ./Drivers/STM32WBxx_HAL_Driver/Src/stm32wbxx_hal_rcc_ex.o
 .text.LL_RCC_SetSAIClockSource
                0x0000000008002c32       0x2c ./Drivers/STM32WBxx_HAL_Driver/Src/stm32wbxx_hal_rcc_ex.o
 .text.LL_RCC_SetRNGClockSource
                0x0000000008002c5e       0x2c ./Drivers/STM32WBxx_HAL_Driver/Src/stm32wbxx_hal_rcc_ex.o
 .text.LL_RCC_SetCLK48ClockSource
                0x0000000008002c8a       0x2c ./Drivers/STM32WBxx_HAL_Driver/Src/stm32wbxx_hal_rcc_ex.o
 .text.LL_RCC_SetUSBClockSource
                0x0000000008002cb6       0x16 ./Drivers/STM32WBxx_HAL_Driver/Src/stm32wbxx_hal_rcc_ex.o
 .text.LL_RCC_SetADCClockSource
                0x0000000008002ccc       0x2c ./Drivers/STM32WBxx_HAL_Driver/Src/stm32wbxx_hal_rcc_ex.o
 .text.LL_RCC_SetRTCClockSource
                0x0000000008002cf8       0x2c ./Drivers/STM32WBxx_HAL_Driver/Src/stm32wbxx_hal_rcc_ex.o
 .text.LL_RCC_GetRTCClockSource
                0x0000000008002d24       0x1a ./Drivers/STM32WBxx_HAL_Driver/Src/stm32wbxx_hal_rcc_ex.o
 .text.LL_RCC_ForceBackupDomainReset
                0x0000000008002d3e       0x22 ./Drivers/STM32WBxx_HAL_Driver/Src/stm32wbxx_hal_rcc_ex.o
 .text.LL_RCC_ReleaseBackupDomainReset
                0x0000000008002d60       0x22 ./Drivers/STM32WBxx_HAL_Driver/Src/stm32wbxx_hal_rcc_ex.o
 .text.LL_RCC_PLLSAI1_Enable
                0x0000000008002d82       0x1e ./Drivers/STM32WBxx_HAL_Driver/Src/stm32wbxx_hal_rcc_ex.o
 .text.LL_RCC_PLLSAI1_Disable
                0x0000000008002da0       0x1e ./Drivers/STM32WBxx_HAL_Driver/Src/stm32wbxx_hal_rcc_ex.o
 .text.LL_RCC_PLLSAI1_IsReady
                0x0000000008002dbe       0x24 ./Drivers/STM32WBxx_HAL_Driver/Src/stm32wbxx_hal_rcc_ex.o
 .text.HAL_RCCEx_PeriphCLKConfig
                0x0000000008002de2      0x2ec ./Drivers/STM32WBxx_HAL_Driver/Src/stm32wbxx_hal_rcc_ex.o
                0x0000000008002de2                HAL_RCCEx_PeriphCLKConfig
 .text.RCCEx_PLLSAI1_ConfigNP
                0x00000000080030ce       0xb6 ./Drivers/STM32WBxx_HAL_Driver/Src/stm32wbxx_hal_rcc_ex.o
 .text.RCCEx_PLLSAI1_ConfigNQ
                0x0000000008003184       0xb6 ./Drivers/STM32WBxx_HAL_Driver/Src/stm32wbxx_hal_rcc_ex.o
 .text.RCCEx_PLLSAI1_ConfigNR
                0x000000000800323a       0xb6 ./Drivers/STM32WBxx_HAL_Driver/Src/stm32wbxx_hal_rcc_ex.o
 .text.begin    0x00000000080032f0       0x1c ./max/Src/max30102.o
                0x00000000080032f0                begin
 .text.softReset
                0x000000000800330c       0x58 ./max/Src/max30102.o
                0x000000000800330c                softReset
 .text.setLEDMode
                0x0000000008003364       0x1e ./max/Src/max30102.o
                0x0000000008003364                setLEDMode
 .text.setADCRange
                0x0000000008003382       0x1e ./max/Src/max30102.o
                0x0000000008003382                setADCRange
 .text.setSampleRate
                0x00000000080033a0       0x1e ./max/Src/max30102.o
                0x00000000080033a0                setSampleRate
 .text.setPulseWidth
                0x00000000080033be       0x1e ./max/Src/max30102.o
                0x00000000080033be                setPulseWidth
 .text.setPulseAmplitudeRed
                0x00000000080033dc       0x24 ./max/Src/max30102.o
                0x00000000080033dc                setPulseAmplitudeRed
 .text.setPulseAmplitudeIR
                0x0000000008003400       0x24 ./max/Src/max30102.o
                0x0000000008003400                setPulseAmplitudeIR
 .text.setPulseAmplitudeGreen
                0x0000000008003424       0x24 ./max/Src/max30102.o
                0x0000000008003424                setPulseAmplitudeGreen
 .text.setPulseAmplitudeProximity
                0x0000000008003448       0x24 ./max/Src/max30102.o
                0x0000000008003448                setPulseAmplitudeProximity
 .text.enableSlot
                0x000000000800346c       0x7c ./max/Src/max30102.o
                0x000000000800346c                enableSlot
 .text.setFIFOAverage
                0x00000000080034e8       0x1e ./max/Src/max30102.o
                0x00000000080034e8                setFIFOAverage
 *fill*         0x0000000008003506        0x2 
 .text.clearFIFO
                0x0000000008003508       0x38 ./max/Src/max30102.o
                0x0000000008003508                clearFIFO
 .text.enableFIFORollover
                0x0000000008003540       0x12 ./max/Src/max30102.o
                0x0000000008003540                enableFIFORollover
 *fill*         0x0000000008003552        0x2 
 .text.getWritePointer
                0x0000000008003554       0x1c ./max/Src/max30102.o
                0x0000000008003554                getWritePointer
 .text.getReadPointer
                0x0000000008003570       0x1c ./max/Src/max30102.o
                0x0000000008003570                getReadPointer
 .text.readPartID
                0x000000000800358c       0x1c ./max/Src/max30102.o
                0x000000000800358c                readPartID
 .text.readRevisionID
                0x00000000080035a8       0x24 ./max/Src/max30102.o
                0x00000000080035a8                readRevisionID
 .text.setup    0x00000000080035cc      0x200 ./max/Src/max30102.o
                0x00000000080035cc                setup
 .text.getRed   0x00000000080037cc       0x2c ./max/Src/max30102.o
                0x00000000080037cc                getRed
 .text.check    0x00000000080037f8      0x210 ./max/Src/max30102.o
                0x00000000080037f8                check
 .text.safeCheck
                0x0000000008003a08       0x42 ./max/Src/max30102.o
                0x0000000008003a08                safeCheck
 *fill*         0x0000000008003a4a        0x2 
 .text.bitMask  0x0000000008003a4c       0x4c ./max/Src/max30102.o
                0x0000000008003a4c                bitMask
 .text.readRegister8
                0x0000000008003a98       0x58 ./max/Src/max30102.o
                0x0000000008003a98                readRegister8
 .text.writeRegister8
                0x0000000008003af0       0x4c ./max/Src/max30102.o
                0x0000000008003af0                writeRegister8
 .text.__libc_init_array
                0x0000000008003b3c       0x48 c:/st/stm32cubeide_1.11.0/stm32cubeide/plugins/com.st.stm32cube.ide.mcu.externaltools.gnu-tools-for-stm32.10.3-2021.10.win32_1.0.100.202210260954/tools/bin/../lib/gcc/arm-none-eabi/10.3.1/../../../../arm-none-eabi/lib/thumb/v7e-m+fp/hard\libc_nano.a(lib_a-init.o)
                0x0000000008003b3c                __libc_init_array
 .text.memset   0x0000000008003b84       0x10 c:/st/stm32cubeide_1.11.0/stm32cubeide/plugins/com.st.stm32cube.ide.mcu.externaltools.gnu-tools-for-stm32.10.3-2021.10.win32_1.0.100.202210260954/tools/bin/../lib/gcc/arm-none-eabi/10.3.1/../../../../arm-none-eabi/lib/thumb/v7e-m+fp/hard\libc_nano.a(lib_a-memset.o)
                0x0000000008003b84                memset
 *(.glue_7)
 .glue_7        0x0000000008003b94        0x0 linker stubs
 *(.glue_7t)
 .glue_7t       0x0000000008003b94        0x0 linker stubs
 *(.eh_frame)
 .eh_frame      0x0000000008003b94        0x0 c:/st/stm32cubeide_1.11.0/stm32cubeide/plugins/com.st.stm32cube.ide.mcu.externaltools.gnu-tools-for-stm32.10.3-2021.10.win32_1.0.100.202210260954/tools/bin/../lib/gcc/arm-none-eabi/10.3.1/thumb/v7e-m+fp/hard/crtbegin.o
 *(.init)
 .init          0x0000000008003b94        0x4 c:/st/stm32cubeide_1.11.0/stm32cubeide/plugins/com.st.stm32cube.ide.mcu.externaltools.gnu-tools-for-stm32.10.3-2021.10.win32_1.0.100.202210260954/tools/bin/../lib/gcc/arm-none-eabi/10.3.1/thumb/v7e-m+fp/hard/crti.o
                0x0000000008003b94                _init
 .init          0x0000000008003b98        0x8 c:/st/stm32cubeide_1.11.0/stm32cubeide/plugins/com.st.stm32cube.ide.mcu.externaltools.gnu-tools-for-stm32.10.3-2021.10.win32_1.0.100.202210260954/tools/bin/../lib/gcc/arm-none-eabi/10.3.1/thumb/v7e-m+fp/hard/crtn.o
 *(.fini)
 .fini          0x0000000008003ba0        0x4 c:/st/stm32cubeide_1.11.0/stm32cubeide/plugins/com.st.stm32cube.ide.mcu.externaltools.gnu-tools-for-stm32.10.3-2021.10.win32_1.0.100.202210260954/tools/bin/../lib/gcc/arm-none-eabi/10.3.1/thumb/v7e-m+fp/hard/crti.o
                0x0000000008003ba0                _fini
 .fini          0x0000000008003ba4        0x8 c:/st/stm32cubeide_1.11.0/stm32cubeide/plugins/com.st.stm32cube.ide.mcu.externaltools.gnu-tools-for-stm32.10.3-2021.10.win32_1.0.100.202210260954/tools/bin/../lib/gcc/arm-none-eabi/10.3.1/thumb/v7e-m+fp/hard/crtn.o
                0x0000000008003bac                . = ALIGN (0x4)
                0x0000000008003bac                _etext = .

.vfp11_veneer   0x0000000008003bac        0x0
 .vfp11_veneer  0x0000000008003bac        0x0 linker stubs

.v4_bx          0x0000000008003bac        0x0
 .v4_bx         0x0000000008003bac        0x0 linker stubs

.iplt           0x0000000008003bac        0x0
 .iplt          0x0000000008003bac        0x0 c:/st/stm32cubeide_1.11.0/stm32cubeide/plugins/com.st.stm32cube.ide.mcu.externaltools.gnu-tools-for-stm32.10.3-2021.10.win32_1.0.100.202210260954/tools/bin/../lib/gcc/arm-none-eabi/10.3.1/thumb/v7e-m+fp/hard/crtbegin.o

.rodata         0x0000000008003bac       0xac
                0x0000000008003bac                . = ALIGN (0x4)
 *(.rodata)
 .rodata        0x0000000008003bac       0x2c ./Drivers/STM32WBxx_HAL_Driver/Src/stm32wbxx_hal_rcc.o
 *(.rodata*)
 .rodata.AHBPrescTable
                0x0000000008003bd8       0x40 ./Core/Src/system_stm32wbxx.o
                0x0000000008003bd8                AHBPrescTable
 .rodata.MSIRangeTable
                0x0000000008003c18       0x40 ./Core/Src/system_stm32wbxx.o
                0x0000000008003c18                MSIRangeTable
                0x0000000008003c58                . = ALIGN (0x4)

.rel.dyn        0x0000000008003c58        0x0
 .rel.iplt      0x0000000008003c58        0x0 c:/st/stm32cubeide_1.11.0/stm32cubeide/plugins/com.st.stm32cube.ide.mcu.externaltools.gnu-tools-for-stm32.10.3-2021.10.win32_1.0.100.202210260954/tools/bin/../lib/gcc/arm-none-eabi/10.3.1/thumb/v7e-m+fp/hard/crtbegin.o

.ARM.extab
 *(.ARM.extab* .gnu.linkonce.armextab.*)

.ARM            0x0000000008003c58        0x0
                0x0000000008003c58                __exidx_start = .
 *(.ARM.exidx*)
                0x0000000008003c58                __exidx_end = .

.preinit_array  0x0000000008003c58        0x0
                0x0000000008003c58                PROVIDE (__preinit_array_start = .)
 *(.preinit_array*)
                0x0000000008003c58                PROVIDE (__preinit_array_end = .)

.init_array     0x0000000008003c58        0x4
                0x0000000008003c58                PROVIDE (__init_array_start = .)
 *(SORT_BY_NAME(.init_array.*))
 *(.init_array*)
 .init_array    0x0000000008003c58        0x4 c:/st/stm32cubeide_1.11.0/stm32cubeide/plugins/com.st.stm32cube.ide.mcu.externaltools.gnu-tools-for-stm32.10.3-2021.10.win32_1.0.100.202210260954/tools/bin/../lib/gcc/arm-none-eabi/10.3.1/thumb/v7e-m+fp/hard/crtbegin.o
                0x0000000008003c5c                PROVIDE (__init_array_end = .)

.fini_array     0x0000000008003c5c        0x4
                [!provide]                        PROVIDE (__fini_array_start = .)
 *(SORT_BY_NAME(.fini_array.*))
 *(.fini_array*)
 .fini_array    0x0000000008003c5c        0x4 c:/st/stm32cubeide_1.11.0/stm32cubeide/plugins/com.st.stm32cube.ide.mcu.externaltools.gnu-tools-for-stm32.10.3-2021.10.win32_1.0.100.202210260954/tools/bin/../lib/gcc/arm-none-eabi/10.3.1/thumb/v7e-m+fp/hard/crtbegin.o
                [!provide]                        PROVIDE (__fini_array_end = .)
                0x0000000008003c60                _sidata = LOADADDR (.data)

.data           0x0000000020000008        0xc load address 0x0000000008003c60
                0x0000000020000008                . = ALIGN (0x4)
                0x0000000020000008                _sdata = .
 *(.data)
 *(.data*)
 .data.SystemCoreClock
                0x0000000020000008        0x4 ./Core/Src/system_stm32wbxx.o
                0x0000000020000008                SystemCoreClock
 .data.uwTickPrio
                0x000000002000000c        0x4 ./Drivers/STM32WBxx_HAL_Driver/Src/stm32wbxx_hal.o
                0x000000002000000c                uwTickPrio
 .data.uwTickFreq
                0x0000000020000010        0x1 ./Drivers/STM32WBxx_HAL_Driver/Src/stm32wbxx_hal.o
                0x0000000020000010                uwTickFreq
 .data._i2caddr
                0x0000000020000011        0x1 ./max/Src/max30102.o
                0x0000000020000011                _i2caddr
 *(.RamFunc)
 *(.RamFunc*)
                0x0000000020000014                . = ALIGN (0x4)
 *fill*         0x0000000020000012        0x2 
                0x0000000020000014                _edata = .

.igot.plt       0x0000000020000014        0x0 load address 0x0000000008003c6c
 .igot.plt      0x0000000020000014        0x0 c:/st/stm32cubeide_1.11.0/stm32cubeide/plugins/com.st.stm32cube.ide.mcu.externaltools.gnu-tools-for-stm32.10.3-2021.10.win32_1.0.100.202210260954/tools/bin/../lib/gcc/arm-none-eabi/10.3.1/thumb/v7e-m+fp/hard/crtbegin.o
                0x0000000020000014                . = ALIGN (0x4)

.bss            0x0000000020000014       0xb0 load address 0x0000000008003c6c
                0x0000000020000014                _sbss = .
                0x0000000020000014                __bss_start__ = _sbss
 *(.bss)
 .bss           0x0000000020000014       0x1c c:/st/stm32cubeide_1.11.0/stm32cubeide/plugins/com.st.stm32cube.ide.mcu.externaltools.gnu-tools-for-stm32.10.3-2021.10.win32_1.0.100.202210260954/tools/bin/../lib/gcc/arm-none-eabi/10.3.1/thumb/v7e-m+fp/hard/crtbegin.o
 *(.bss*)
 .bss.hi2c1     0x0000000020000030       0x54 ./Core/Src/main.o
                0x0000000020000030                hi2c1
 .bss.rd        0x0000000020000084        0x4 ./Core/Src/main.o
                0x0000000020000084                rd
 .bss.uwTick    0x0000000020000088        0x4 ./Drivers/STM32WBxx_HAL_Driver/Src/stm32wbxx_hal.o
                0x0000000020000088                uwTick
 .bss.activeLEDs
                0x000000002000008c        0x1 ./max/Src/max30102.o
                0x000000002000008c                activeLEDs
 .bss.revisionID
                0x000000002000008d        0x1 ./max/Src/max30102.o
                0x000000002000008d                revisionID
 *fill*         0x000000002000008e        0x2 
 .bss.sense     0x0000000020000090       0x34 ./max/Src/max30102.o
                0x0000000020000090                sense
 *(COMMON)
                0x00000000200000c4                . = ALIGN (0x4)
                0x00000000200000c4                _ebss = .
                0x00000000200000c4                __bss_end__ = _ebss

._user_heap_stack
                0x00000000200000c4      0x604 load address 0x0000000008003c6c
                0x00000000200000c8                . = ALIGN (0x8)
 *fill*         0x00000000200000c4        0x4 
                [!provide]                        PROVIDE (end = .)
                0x00000000200000c8                PROVIDE (_end = .)
                0x00000000200002c8                . = (. + _Min_Heap_Size)
 *fill*         0x00000000200000c8      0x200 
                0x00000000200006c8                . = (. + _Min_Stack_Size)
 *fill*         0x00000000200002c8      0x400 
                0x00000000200006c8                . = ALIGN (0x8)

/DISCARD/
 libc.a(*)
 libm.a(*)
 libgcc.a(*)

.ARM.attributes
                0x0000000000000000       0x30
 *(.ARM.attributes)
 .ARM.attributes
                0x0000000000000000       0x1e c:/st/stm32cubeide_1.11.0/stm32cubeide/plugins/com.st.stm32cube.ide.mcu.externaltools.gnu-tools-for-stm32.10.3-2021.10.win32_1.0.100.202210260954/tools/bin/../lib/gcc/arm-none-eabi/10.3.1/thumb/v7e-m+fp/hard/crti.o
 .ARM.attributes
                0x000000000000001e       0x34 c:/st/stm32cubeide_1.11.0/stm32cubeide/plugins/com.st.stm32cube.ide.mcu.externaltools.gnu-tools-for-stm32.10.3-2021.10.win32_1.0.100.202210260954/tools/bin/../lib/gcc/arm-none-eabi/10.3.1/thumb/v7e-m+fp/hard/crtbegin.o
 .ARM.attributes
                0x0000000000000052       0x34 ./Core/Src/main.o
 .ARM.attributes
                0x0000000000000086       0x34 ./Core/Src/stm32wbxx_hal_msp.o
 .ARM.attributes
                0x00000000000000ba       0x34 ./Core/Src/stm32wbxx_it.o
 .ARM.attributes
                0x00000000000000ee       0x34 ./Core/Src/system_stm32wbxx.o
 .ARM.attributes
                0x0000000000000122       0x21 ./Core/Startup/startup_stm32wb55ceux.o
 .ARM.attributes
                0x0000000000000143       0x34 ./Drivers/STM32WBxx_HAL_Driver/Src/stm32wbxx_hal.o
 .ARM.attributes
                0x0000000000000177       0x34 ./Drivers/STM32WBxx_HAL_Driver/Src/stm32wbxx_hal_cortex.o
 .ARM.attributes
                0x00000000000001ab       0x34 ./Drivers/STM32WBxx_HAL_Driver/Src/stm32wbxx_hal_gpio.o
 .ARM.attributes
                0x00000000000001df       0x34 ./Drivers/STM32WBxx_HAL_Driver/Src/stm32wbxx_hal_i2c.o
 .ARM.attributes
                0x0000000000000213       0x34 ./Drivers/STM32WBxx_HAL_Driver/Src/stm32wbxx_hal_i2c_ex.o
 .ARM.attributes
                0x0000000000000247       0x34 ./Drivers/STM32WBxx_HAL_Driver/Src/stm32wbxx_hal_pwr.o
 .ARM.attributes
                0x000000000000027b       0x34 ./Drivers/STM32WBxx_HAL_Driver/Src/stm32wbxx_hal_pwr_ex.o
 .ARM.attributes
                0x00000000000002af       0x34 ./Drivers/STM32WBxx_HAL_Driver/Src/stm32wbxx_hal_rcc.o
 .ARM.attributes
                0x00000000000002e3       0x34 ./Drivers/STM32WBxx_HAL_Driver/Src/stm32wbxx_hal_rcc_ex.o
 .ARM.attributes
                0x0000000000000317       0x34 ./max/Src/max30102.o
 .ARM.attributes
                0x000000000000034b       0x34 c:/st/stm32cubeide_1.11.0/stm32cubeide/plugins/com.st.stm32cube.ide.mcu.externaltools.gnu-tools-for-stm32.10.3-2021.10.win32_1.0.100.202210260954/tools/bin/../lib/gcc/arm-none-eabi/10.3.1/../../../../arm-none-eabi/lib/thumb/v7e-m+fp/hard\libc_nano.a(lib_a-init.o)
 .ARM.attributes
                0x000000000000037f       0x34 c:/st/stm32cubeide_1.11.0/stm32cubeide/plugins/com.st.stm32cube.ide.mcu.externaltools.gnu-tools-for-stm32.10.3-2021.10.win32_1.0.100.202210260954/tools/bin/../lib/gcc/arm-none-eabi/10.3.1/../../../../arm-none-eabi/lib/thumb/v7e-m+fp/hard\libc_nano.a(lib_a-memset.o)
 .ARM.attributes
                0x00000000000003b3       0x1e c:/st/stm32cubeide_1.11.0/stm32cubeide/plugins/com.st.stm32cube.ide.mcu.externaltools.gnu-tools-for-stm32.10.3-2021.10.win32_1.0.100.202210260954/tools/bin/../lib/gcc/arm-none-eabi/10.3.1/thumb/v7e-m+fp/hard/crtn.o

MAPPING_TABLE
 *(MAPPING_TABLE)

MB_MEM1
 *(MB_MEM1)
                0x0000000008003c6c                _siMB_MEM2 = LOADADDR (.MB_MEM2)

.MB_MEM2        0x0000000020030000        0x0 load address 0x0000000008003c6c
                0x0000000020030000                _sMB_MEM2 = .
 *(.MB_MEM2)
                0x0000000020030000                _eMB_MEM2 = .
OUTPUT(maxDeneme.elf elf32-littlearm)
LOAD linker stubs
LOAD c:/st/stm32cubeide_1.11.0/stm32cubeide/plugins/com.st.stm32cube.ide.mcu.externaltools.gnu-tools-for-stm32.10.3-2021.10.win32_1.0.100.202210260954/tools/bin/../lib/gcc/arm-none-eabi/10.3.1/../../../../arm-none-eabi/lib/thumb/v7e-m+fp/hard\libc.a
LOAD c:/st/stm32cubeide_1.11.0/stm32cubeide/plugins/com.st.stm32cube.ide.mcu.externaltools.gnu-tools-for-stm32.10.3-2021.10.win32_1.0.100.202210260954/tools/bin/../lib/gcc/arm-none-eabi/10.3.1/../../../../arm-none-eabi/lib/thumb/v7e-m+fp/hard\libm.a
LOAD c:/st/stm32cubeide_1.11.0/stm32cubeide/plugins/com.st.stm32cube.ide.mcu.externaltools.gnu-tools-for-stm32.10.3-2021.10.win32_1.0.100.202210260954/tools/bin/../lib/gcc/arm-none-eabi/10.3.1/thumb/v7e-m+fp/hard\libgcc.a

.debug_info     0x0000000000000000     0xdb8b
 .debug_info    0x0000000000000000     0x11bd ./Core/Src/main.o
 .debug_info    0x00000000000011bd      0xebb ./Core/Src/stm32wbxx_hal_msp.o
 .debug_info    0x0000000000002078      0x122 ./Core/Src/stm32wbxx_it.o
 .debug_info    0x000000000000219a      0x741 ./Core/Src/system_stm32wbxx.o
 .debug_info    0x00000000000028db       0x22 ./Core/Startup/startup_stm32wb55ceux.o
 .debug_info    0x00000000000028fd     0x1379 ./Drivers/STM32WBxx_HAL_Driver/Src/stm32wbxx_hal.o
 .debug_info    0x0000000000003c76      0xd41 ./Drivers/STM32WBxx_HAL_Driver/Src/stm32wbxx_hal_cortex.o
 .debug_info    0x00000000000049b7      0x747 ./Drivers/STM32WBxx_HAL_Driver/Src/stm32wbxx_hal_gpio.o
 .debug_info    0x00000000000050fe     0x235a ./Drivers/STM32WBxx_HAL_Driver/Src/stm32wbxx_hal_i2c.o
 .debug_info    0x0000000000007458      0x986 ./Drivers/STM32WBxx_HAL_Driver/Src/stm32wbxx_hal_i2c_ex.o
 .debug_info    0x0000000000007dde      0x939 ./Drivers/STM32WBxx_HAL_Driver/Src/stm32wbxx_hal_pwr.o
 .debug_info    0x0000000000008717     0x10e2 ./Drivers/STM32WBxx_HAL_Driver/Src/stm32wbxx_hal_pwr_ex.o
 .debug_info    0x00000000000097f9     0x15a4 ./Drivers/STM32WBxx_HAL_Driver/Src/stm32wbxx_hal_rcc.o
 .debug_info    0x000000000000ad9d     0x1d3c ./Drivers/STM32WBxx_HAL_Driver/Src/stm32wbxx_hal_rcc_ex.o
 .debug_info    0x000000000000cad9     0x10b2 ./max/Src/max30102.o

.debug_abbrev   0x0000000000000000     0x217e
 .debug_abbrev  0x0000000000000000      0x2a4 ./Core/Src/main.o
 .debug_abbrev  0x00000000000002a4      0x229 ./Core/Src/stm32wbxx_hal_msp.o
 .debug_abbrev  0x00000000000004cd       0x74 ./Core/Src/stm32wbxx_it.o
 .debug_abbrev  0x0000000000000541      0x136 ./Core/Src/system_stm32wbxx.o
 .debug_abbrev  0x0000000000000677       0x12 ./Core/Startup/startup_stm32wb55ceux.o
 .debug_abbrev  0x0000000000000689      0x356 ./Drivers/STM32WBxx_HAL_Driver/Src/stm32wbxx_hal.o
 .debug_abbrev  0x00000000000009df      0x30d ./Drivers/STM32WBxx_HAL_Driver/Src/stm32wbxx_hal_cortex.o
 .debug_abbrev  0x0000000000000cec      0x1d2 ./Drivers/STM32WBxx_HAL_Driver/Src/stm32wbxx_hal_gpio.o
 .debug_abbrev  0x0000000000000ebe      0x243 ./Drivers/STM32WBxx_HAL_Driver/Src/stm32wbxx_hal_i2c.o
 .debug_abbrev  0x0000000000001101      0x1b6 ./Drivers/STM32WBxx_HAL_Driver/Src/stm32wbxx_hal_i2c_ex.o
 .debug_abbrev  0x00000000000012b7      0x1fb ./Drivers/STM32WBxx_HAL_Driver/Src/stm32wbxx_hal_pwr.o
 .debug_abbrev  0x00000000000014b2      0x314 ./Drivers/STM32WBxx_HAL_Driver/Src/stm32wbxx_hal_pwr_ex.o
 .debug_abbrev  0x00000000000017c6      0x311 ./Drivers/STM32WBxx_HAL_Driver/Src/stm32wbxx_hal_rcc.o
 .debug_abbrev  0x0000000000001ad7      0x34a ./Drivers/STM32WBxx_HAL_Driver/Src/stm32wbxx_hal_rcc_ex.o
 .debug_abbrev  0x0000000000001e21      0x35d ./max/Src/max30102.o

.debug_aranges  0x0000000000000000     0x1340
 .debug_aranges
                0x0000000000000000       0x50 ./Core/Src/main.o
 .debug_aranges
                0x0000000000000050       0x48 ./Core/Src/stm32wbxx_hal_msp.o
 .debug_aranges
                0x0000000000000098       0x60 ./Core/Src/stm32wbxx_it.o
 .debug_aranges
                0x00000000000000f8       0x28 ./Core/Src/system_stm32wbxx.o
 .debug_aranges
                0x0000000000000120       0x30 ./Core/Startup/startup_stm32wb55ceux.o
 .debug_aranges
                0x0000000000000150      0x280 ./Drivers/STM32WBxx_HAL_Driver/Src/stm32wbxx_hal.o
 .debug_aranges
                0x00000000000003d0      0x108 ./Drivers/STM32WBxx_HAL_Driver/Src/stm32wbxx_hal_cortex.o
 .debug_aranges
                0x00000000000004d8       0x60 ./Drivers/STM32WBxx_HAL_Driver/Src/stm32wbxx_hal_gpio.o
 .debug_aranges
                0x0000000000000538      0x2a0 ./Drivers/STM32WBxx_HAL_Driver/Src/stm32wbxx_hal_i2c.o
 .debug_aranges
                0x00000000000007d8       0x48 ./Drivers/STM32WBxx_HAL_Driver/Src/stm32wbxx_hal_i2c_ex.o
 .debug_aranges
                0x0000000000000820       0xd0 ./Drivers/STM32WBxx_HAL_Driver/Src/stm32wbxx_hal_pwr.o
 .debug_aranges
                0x00000000000008f0      0x288 ./Drivers/STM32WBxx_HAL_Driver/Src/stm32wbxx_hal_pwr_ex.o
 .debug_aranges
                0x0000000000000b78      0x270 ./Drivers/STM32WBxx_HAL_Driver/Src/stm32wbxx_hal_rcc.o
 .debug_aranges
                0x0000000000000de8      0x390 ./Drivers/STM32WBxx_HAL_Driver/Src/stm32wbxx_hal_rcc_ex.o
 .debug_aranges
                0x0000000000001178      0x1c8 ./max/Src/max30102.o

.debug_ranges   0x0000000000000000     0x1288
 .debug_ranges  0x0000000000000000       0x40 ./Core/Src/main.o
 .debug_ranges  0x0000000000000040       0x38 ./Core/Src/stm32wbxx_hal_msp.o
 .debug_ranges  0x0000000000000078       0x50 ./Core/Src/stm32wbxx_it.o
 .debug_ranges  0x00000000000000c8       0x18 ./Core/Src/system_stm32wbxx.o
 .debug_ranges  0x00000000000000e0       0x28 ./Core/Startup/startup_stm32wb55ceux.o
 .debug_ranges  0x0000000000000108      0x270 ./Drivers/STM32WBxx_HAL_Driver/Src/stm32wbxx_hal.o
 .debug_ranges  0x0000000000000378       0xf8 ./Drivers/STM32WBxx_HAL_Driver/Src/stm32wbxx_hal_cortex.o
 .debug_ranges  0x0000000000000470       0x50 ./Drivers/STM32WBxx_HAL_Driver/Src/stm32wbxx_hal_gpio.o
 .debug_ranges  0x00000000000004c0      0x290 ./Drivers/STM32WBxx_HAL_Driver/Src/stm32wbxx_hal_i2c.o
 .debug_ranges  0x0000000000000750       0x38 ./Drivers/STM32WBxx_HAL_Driver/Src/stm32wbxx_hal_i2c_ex.o
 .debug_ranges  0x0000000000000788       0xc0 ./Drivers/STM32WBxx_HAL_Driver/Src/stm32wbxx_hal_pwr.o
 .debug_ranges  0x0000000000000848      0x278 ./Drivers/STM32WBxx_HAL_Driver/Src/stm32wbxx_hal_pwr_ex.o
 .debug_ranges  0x0000000000000ac0      0x260 ./Drivers/STM32WBxx_HAL_Driver/Src/stm32wbxx_hal_rcc.o
 .debug_ranges  0x0000000000000d20      0x380 ./Drivers/STM32WBxx_HAL_Driver/Src/stm32wbxx_hal_rcc_ex.o
 .debug_ranges  0x00000000000010a0      0x1e8 ./max/Src/max30102.o

.debug_macro    0x0000000000000000    0x210d9
 .debug_macro   0x0000000000000000      0x328 ./Core/Src/main.o
 .debug_macro   0x0000000000000328      0xa78 ./Core/Src/main.o
 .debug_macro   0x0000000000000da0      0x12a ./Core/Src/main.o
 .debug_macro   0x0000000000000eca       0x2e ./Core/Src/main.o
 .debug_macro   0x0000000000000ef8       0x2e ./Core/Src/main.o
 .debug_macro   0x0000000000000f26       0x22 ./Core/Src/main.o
 .debug_macro   0x0000000000000f48       0x8e ./Core/Src/main.o
 .debug_macro   0x0000000000000fd6       0x51 ./Core/Src/main.o
 .debug_macro   0x0000000000001027      0x103 ./Core/Src/main.o
 .debug_macro   0x000000000000112a       0x6a ./Core/Src/main.o
 .debug_macro   0x0000000000001194      0x1df ./Core/Src/main.o
 .debug_macro   0x0000000000001373       0x1c ./Core/Src/main.o
 .debug_macro   0x000000000000138f       0x22 ./Core/Src/main.o
 .debug_macro   0x00000000000013b1       0xfb ./Core/Src/main.o
 .debug_macro   0x00000000000014ac     0x1011 ./Core/Src/main.o
 .debug_macro   0x00000000000024bd      0x11f ./Core/Src/main.o
 .debug_macro   0x00000000000025dc    0x12adb ./Core/Src/main.o
 .debug_macro   0x00000000000150b7       0x6c ./Core/Src/main.o
 .debug_macro   0x0000000000015123     0x34c5 ./Core/Src/main.o
 .debug_macro   0x00000000000185e8      0x174 ./Core/Src/main.o
 .debug_macro   0x000000000001875c       0x5c ./Core/Src/main.o
 .debug_macro   0x00000000000187b8      0x3f5 ./Core/Src/main.o
 .debug_macro   0x0000000000018bad      0x286 ./Core/Src/main.o
 .debug_macro   0x0000000000018e33      0x30d ./Core/Src/main.o
 .debug_macro   0x0000000000019140      0x17e ./Core/Src/main.o
 .debug_macro   0x00000000000192be       0x43 ./Core/Src/main.o
 .debug_macro   0x0000000000019301      0x236 ./Core/Src/main.o
 .debug_macro   0x0000000000019537      0x24a ./Core/Src/main.o
 .debug_macro   0x0000000000019781      0x57b ./Core/Src/main.o
 .debug_macro   0x0000000000019cfc       0x2e ./Core/Src/main.o
 .debug_macro   0x0000000000019d2a      0x100 ./Core/Src/main.o
 .debug_macro   0x0000000000019e2a      0x1ba ./Core/Src/main.o
 .debug_macro   0x0000000000019fe4      0x1cd ./Core/Src/main.o
 .debug_macro   0x000000000001a1b1      0x22c ./Core/Src/main.o
 .debug_macro   0x000000000001a3dd       0x55 ./Core/Src/main.o
 .debug_macro   0x000000000001a432       0xa5 ./Core/Src/main.o
 .debug_macro   0x000000000001a4d7      0x381 ./Core/Src/main.o
 .debug_macro   0x000000000001a858      0x13d ./Core/Src/main.o
 .debug_macro   0x000000000001a995      0x141 ./Core/Src/main.o
 .debug_macro   0x000000000001aad6      0x4ff ./Core/Src/main.o
 .debug_macro   0x000000000001afd5      0x874 ./Core/Src/main.o
 .debug_macro   0x000000000001b849      0x259 ./Core/Src/main.o
 .debug_macro   0x000000000001baa2     0x1bb1 ./Core/Src/main.o
 .debug_macro   0x000000000001d653       0xe4 ./Core/Src/main.o
 .debug_macro   0x000000000001d737      0x5e7 ./Core/Src/main.o
 .debug_macro   0x000000000001dd1e      0x557 ./Core/Src/main.o
 .debug_macro   0x000000000001e275      0x433 ./Core/Src/main.o
 .debug_macro   0x000000000001e6a8       0x16 ./Core/Src/main.o
 .debug_macro   0x000000000001e6be       0x1e ./Core/Src/main.o
 .debug_macro   0x000000000001e6dc       0x52 ./Core/Src/main.o
 .debug_macro   0x000000000001e72e       0x3c ./Core/Src/main.o
 .debug_macro   0x000000000001e76a       0x34 ./Core/Src/main.o
 .debug_macro   0x000000000001e79e       0x16 ./Core/Src/main.o
 .debug_macro   0x000000000001e7b4       0x35 ./Core/Src/main.o
 .debug_macro   0x000000000001e7e9       0x16 ./Core/Src/main.o
 .debug_macro   0x000000000001e7ff       0x43 ./Core/Src/main.o
 .debug_macro   0x000000000001e842       0x34 ./Core/Src/main.o
 .debug_macro   0x000000000001e876       0x10 ./Core/Src/main.o
 .debug_macro   0x000000000001e886       0x58 ./Core/Src/main.o
 .debug_macro   0x000000000001e8de       0x71 ./Core/Src/main.o
 .debug_macro   0x000000000001e94f       0x1c ./Core/Src/main.o
 .debug_macro   0x000000000001e96b      0x12a ./Core/Src/main.o
 .debug_macro   0x000000000001ea95      0x341 ./Core/Src/main.o
 .debug_macro   0x000000000001edd6       0x16 ./Core/Src/main.o
 .debug_macro   0x000000000001edec       0x29 ./Core/Src/main.o
 .debug_macro   0x000000000001ee15       0x16 ./Core/Src/main.o
 .debug_macro   0x000000000001ee2b       0x20 ./Core/Src/main.o
 .debug_macro   0x000000000001ee4b      0x21d ./Core/Src/stm32wbxx_hal_msp.o
 .debug_macro   0x000000000001f068      0x227 ./Core/Src/stm32wbxx_it.o
 .debug_macro   0x000000000001f28f      0x213 ./Core/Src/system_stm32wbxx.o
 .debug_macro   0x000000000001f4a2      0x237 ./Drivers/STM32WBxx_HAL_Driver/Src/stm32wbxx_hal.o
 .debug_macro   0x000000000001f6d9      0x213 ./Drivers/STM32WBxx_HAL_Driver/Src/stm32wbxx_hal_cortex.o
 .debug_macro   0x000000000001f8ec      0x21a ./Drivers/STM32WBxx_HAL_Driver/Src/stm32wbxx_hal_gpio.o
 .debug_macro   0x000000000001fb06      0x2df ./Drivers/STM32WBxx_HAL_Driver/Src/stm32wbxx_hal_i2c.o
 .debug_macro   0x000000000001fde5      0x213 ./Drivers/STM32WBxx_HAL_Driver/Src/stm32wbxx_hal_i2c_ex.o
 .debug_macro   0x000000000001fff8      0x285 ./Drivers/STM32WBxx_HAL_Driver/Src/stm32wbxx_hal_pwr.o
 .debug_macro   0x000000000002027d      0x225 ./Drivers/STM32WBxx_HAL_Driver/Src/stm32wbxx_hal_pwr_ex.o
 .debug_macro   0x00000000000204a2      0x285 ./Drivers/STM32WBxx_HAL_Driver/Src/stm32wbxx_hal_rcc.o
 .debug_macro   0x0000000000020727      0x268 ./Drivers/STM32WBxx_HAL_Driver/Src/stm32wbxx_hal_rcc_ex.o
 .debug_macro   0x000000000002098f      0x327 ./max/Src/max30102.o
 .debug_macro   0x0000000000020cb6      0x10e ./max/Src/max30102.o
 .debug_macro   0x0000000000020dc4       0x8d ./max/Src/max30102.o
 .debug_macro   0x0000000000020e51       0x56 ./max/Src/max30102.o
 .debug_macro   0x0000000000020ea7      0x232 ./max/Src/max30102.o

.debug_line     0x0000000000000000     0xead7
 .debug_line    0x0000000000000000      0xa4a ./Core/Src/main.o
 .debug_line    0x0000000000000a4a      0x7ff ./Core/Src/stm32wbxx_hal_msp.o
 .debug_line    0x0000000000001249      0x804 ./Core/Src/stm32wbxx_it.o
 .debug_line    0x0000000000001a4d      0x7e2 ./Core/Src/system_stm32wbxx.o
 .debug_line    0x000000000000222f       0x91 ./Core/Startup/startup_stm32wb55ceux.o
 .debug_line    0x00000000000022c0      0xfc7 ./Drivers/STM32WBxx_HAL_Driver/Src/stm32wbxx_hal.o
 .debug_line    0x0000000000003287      0xc91 ./Drivers/STM32WBxx_HAL_Driver/Src/stm32wbxx_hal_cortex.o
 .debug_line    0x0000000000003f18      0xb72 ./Drivers/STM32WBxx_HAL_Driver/Src/stm32wbxx_hal_gpio.o
 .debug_line    0x0000000000004a8a     0x36c3 ./Drivers/STM32WBxx_HAL_Driver/Src/stm32wbxx_hal_i2c.o
 .debug_line    0x000000000000814d      0x95d ./Drivers/STM32WBxx_HAL_Driver/Src/stm32wbxx_hal_i2c_ex.o
 .debug_line    0x0000000000008aaa      0x9e2 ./Drivers/STM32WBxx_HAL_Driver/Src/stm32wbxx_hal_pwr.o
 .debug_line    0x000000000000948c     0x1112 ./Drivers/STM32WBxx_HAL_Driver/Src/stm32wbxx_hal_pwr_ex.o
 .debug_line    0x000000000000a59e     0x17e2 ./Drivers/STM32WBxx_HAL_Driver/Src/stm32wbxx_hal_rcc.o
 .debug_line    0x000000000000bd80     0x1c69 ./Drivers/STM32WBxx_HAL_Driver/Src/stm32wbxx_hal_rcc_ex.o
 .debug_line    0x000000000000d9e9     0x10ee ./max/Src/max30102.o

.debug_str      0x0000000000000000    0xd2568
 .debug_str     0x0000000000000000    0xccc88 ./Core/Src/main.o
                                      0xcd8d6 (size before relaxing)
 .debug_str     0x00000000000ccc88      0x10c ./Core/Src/stm32wbxx_hal_msp.o
                                      0xca7bf (size before relaxing)
 .debug_str     0x00000000000ccd94       0xc9 ./Core/Src/stm32wbxx_it.o
                                      0xc9d72 (size before relaxing)
 .debug_str     0x00000000000cce5d      0x105 ./Core/Src/system_stm32wbxx.o
                                      0xc9fe8 (size before relaxing)
 .debug_str     0x00000000000ccf62       0x36 ./Core/Startup/startup_stm32wb55ceux.o
                                         0x75 (size before relaxing)
 .debug_str     0x00000000000ccf98      0xe55 ./Drivers/STM32WBxx_HAL_Driver/Src/stm32wbxx_hal.o
                                      0xcaece (size before relaxing)
 .debug_str     0x00000000000cdded      0x331 ./Drivers/STM32WBxx_HAL_Driver/Src/stm32wbxx_hal_cortex.o
                                      0xca64e (size before relaxing)
 .debug_str     0x00000000000ce11e      0x18d ./Drivers/STM32WBxx_HAL_Driver/Src/stm32wbxx_hal_gpio.o
                                      0xc9fc2 (size before relaxing)
 .debug_str     0x00000000000ce2ab      0xddf ./Drivers/STM32WBxx_HAL_Driver/Src/stm32wbxx_hal_i2c.o
                                      0xcb208 (size before relaxing)
 .debug_str     0x00000000000cf08a       0xb8 ./Drivers/STM32WBxx_HAL_Driver/Src/stm32wbxx_hal_i2c_ex.o
                                      0xca421 (size before relaxing)
 .debug_str     0x00000000000cf142      0x5d0 ./Drivers/STM32WBxx_HAL_Driver/Src/stm32wbxx_hal_pwr.o
                                      0xca458 (size before relaxing)
 .debug_str     0x00000000000cf712      0x826 ./Drivers/STM32WBxx_HAL_Driver/Src/stm32wbxx_hal_pwr_ex.o
                                      0xca959 (size before relaxing)
 .debug_str     0x00000000000cff38      0xb3f ./Drivers/STM32WBxx_HAL_Driver/Src/stm32wbxx_hal_rcc.o
                                      0xcae46 (size before relaxing)
 .debug_str     0x00000000000d0a77      0xc80 ./Drivers/STM32WBxx_HAL_Driver/Src/stm32wbxx_hal_rcc_ex.o
                                      0xcb26f (size before relaxing)
 .debug_str     0x00000000000d16f7      0xe71 ./max/Src/max30102.o
                                      0xce0df (size before relaxing)

.comment        0x0000000000000000       0x50
 .comment       0x0000000000000000       0x50 ./Core/Src/main.o
                                         0x51 (size before relaxing)
 .comment       0x0000000000000050       0x51 ./Core/Src/stm32wbxx_hal_msp.o
 .comment       0x0000000000000050       0x51 ./Core/Src/stm32wbxx_it.o
 .comment       0x0000000000000050       0x51 ./Core/Src/system_stm32wbxx.o
 .comment       0x0000000000000050       0x51 ./Drivers/STM32WBxx_HAL_Driver/Src/stm32wbxx_hal.o
 .comment       0x0000000000000050       0x51 ./Drivers/STM32WBxx_HAL_Driver/Src/stm32wbxx_hal_cortex.o
 .comment       0x0000000000000050       0x51 ./Drivers/STM32WBxx_HAL_Driver/Src/stm32wbxx_hal_gpio.o
 .comment       0x0000000000000050       0x51 ./Drivers/STM32WBxx_HAL_Driver/Src/stm32wbxx_hal_i2c.o
 .comment       0x0000000000000050       0x51 ./Drivers/STM32WBxx_HAL_Driver/Src/stm32wbxx_hal_i2c_ex.o
 .comment       0x0000000000000050       0x51 ./Drivers/STM32WBxx_HAL_Driver/Src/stm32wbxx_hal_pwr.o
 .comment       0x0000000000000050       0x51 ./Drivers/STM32WBxx_HAL_Driver/Src/stm32wbxx_hal_pwr_ex.o
 .comment       0x0000000000000050       0x51 ./Drivers/STM32WBxx_HAL_Driver/Src/stm32wbxx_hal_rcc.o
 .comment       0x0000000000000050       0x51 ./Drivers/STM32WBxx_HAL_Driver/Src/stm32wbxx_hal_rcc_ex.o
 .comment       0x0000000000000050       0x51 ./max/Src/max30102.o

.debug_frame    0x0000000000000000     0x4f08
 .debug_frame   0x0000000000000000       0xf0 ./Core/Src/main.o
 .debug_frame   0x00000000000000f0       0xf0 ./Core/Src/stm32wbxx_hal_msp.o
 .debug_frame   0x00000000000001e0      0x104 ./Core/Src/stm32wbxx_it.o
 .debug_frame   0x00000000000002e4       0x58 ./Core/Src/system_stm32wbxx.o
 .debug_frame   0x000000000000033c      0xa34 ./Drivers/STM32WBxx_HAL_Driver/Src/stm32wbxx_hal.o
 .debug_frame   0x0000000000000d70      0x44c ./Drivers/STM32WBxx_HAL_Driver/Src/stm32wbxx_hal_cortex.o
 .debug_frame   0x00000000000011bc      0x174 ./Drivers/STM32WBxx_HAL_Driver/Src/stm32wbxx_hal_gpio.o
 .debug_frame   0x0000000000001330      0xc38 ./Drivers/STM32WBxx_HAL_Driver/Src/stm32wbxx_hal_i2c.o
 .debug_frame   0x0000000000001f68      0x100 ./Drivers/STM32WBxx_HAL_Driver/Src/stm32wbxx_hal_i2c_ex.o
 .debug_frame   0x0000000000002068      0x344 ./Drivers/STM32WBxx_HAL_Driver/Src/stm32wbxx_hal_pwr.o
 .debug_frame   0x00000000000023ac      0xb00 ./Drivers/STM32WBxx_HAL_Driver/Src/stm32wbxx_hal_pwr_ex.o
 .debug_frame   0x0000000000002eac      0xa0c ./Drivers/STM32WBxx_HAL_Driver/Src/stm32wbxx_hal_rcc.o
 .debug_frame   0x00000000000038b8      0xf38 ./Drivers/STM32WBxx_HAL_Driver/Src/stm32wbxx_hal_rcc_ex.o
 .debug_frame   0x00000000000047f0      0x6cc ./max/Src/max30102.o
 .debug_frame   0x0000000000004ebc       0x2c c:/st/stm32cubeide_1.11.0/stm32cubeide/plugins/com.st.stm32cube.ide.mcu.externaltools.gnu-tools-for-stm32.10.3-2021.10.win32_1.0.100.202210260954/tools/bin/../lib/gcc/arm-none-eabi/10.3.1/../../../../arm-none-eabi/lib/thumb/v7e-m+fp/hard\libc_nano.a(lib_a-init.o)
 .debug_frame   0x0000000000004ee8       0x20 c:/st/stm32cubeide_1.11.0/stm32cubeide/plugins/com.st.stm32cube.ide.mcu.externaltools.gnu-tools-for-stm32.10.3-2021.10.win32_1.0.100.202210260954/tools/bin/../lib/gcc/arm-none-eabi/10.3.1/../../../../arm-none-eabi/lib/thumb/v7e-m+fp/hard\libc_nano.a(lib_a-memset.o)
