../Drivers/CMSIS/Include/core_cm4.h:1809:22:__NVIC_SetPriority	16	static
../Drivers/CMSIS/Include/core_cm4.h:2017:26:SysTick_Config	16	static
../Drivers/STM32WBxx_HAL_Driver/Inc/stm32wbxx_ll_bus.h:539:22:LL_AHB2_GRP1_EnableClock	24	static
../Core/Src/main.c:89:5:main	56	static
../Core/Src/main.c:224:6:SystemClock_Config	112	static
../Core/Src/main.c:270:6:PeriphCommonClock_Config	88	static
../Core/Src/main.c:294:13:MX_I2C1_Init	8	static
../Core/Src/main.c:342:13:MX_GPIO_Init	8	static
../Core/Src/main.c:358:6:Error_Handler	4	static,ignoring_inline_asm
