../max/Src/max30102.c:10:9:begin	8	static
../max/Src/max30102.c:25:9:getINT1	8	static
../max/Src/max30102.c:28:9:getINT2	8	static
../max/Src/max30102.c:32:6:enableAFULL	8	static
../max/Src/max30102.c:35:6:disableAFULL	8	static
../max/Src/max30102.c:39:6:enableDATARDY	8	static
../max/Src/max30102.c:42:6:disableDATARDY	8	static
../max/Src/max30102.c:46:6:enableALCOVF	8	static
../max/Src/max30102.c:49:6:disableALCOVF	8	static
../max/Src/max30102.c:53:6:enablePROXINT	8	static
../max/Src/max30102.c:56:6:disablePROXINT	8	static
../max/Src/max30102.c:60:6:enableDIETEMPRDY	8	static
../max/Src/max30102.c:63:6:disableDIETEMPRDY	8	static
../max/Src/max30102.c:69:6:softReset	16	static
../max/Src/max30102.c:83:6:shutDown	8	static
../max/Src/max30102.c:90:6:wakeUp	8	static
../max/Src/max30102.c:95:6:setLEDMode	16	static
../max/Src/max30102.c:101:6:setADCRange	16	static
../max/Src/max30102.c:106:6:setSampleRate	16	static
../max/Src/max30102.c:111:6:setPulseWidth	16	static
../max/Src/max30102.c:118:6:setPulseAmplitudeRed	16	static
../max/Src/max30102.c:122:6:setPulseAmplitudeIR	16	static
../max/Src/max30102.c:126:6:setPulseAmplitudeGreen	16	static
../max/Src/max30102.c:130:6:setPulseAmplitudeProximity	16	static
../max/Src/max30102.c:134:6:setProximityThreshold	16	static
../max/Src/max30102.c:145:6:enableSlot	16	static
../max/Src/max30102.c:169:6:disableSlots	8	static
../max/Src/max30102.c:179:6:setFIFOAverage	16	static
../max/Src/max30102.c:185:6:clearFIFO	8	static
../max/Src/max30102.c:192:6:enableFIFORollover	8	static
../max/Src/max30102.c:197:6:disableFIFORollover	8	static
../max/Src/max30102.c:204:6:setFIFOAlmostFull	16	static
../max/Src/max30102.c:209:9:getWritePointer	8	static
../max/Src/max30102.c:214:9:getReadPointer	8	static
../max/Src/max30102.c:221:7:readTemperature	24	static
../max/Src/max30102.c:254:7:readTemperatureF	16	static
../max/Src/max30102.c:263:6:setPROXINTTHRESH	16	static
../max/Src/max30102.c:271:9:readPartID	8	static
../max/Src/max30102.c:275:6:readRevisionID	8	static
../max/Src/max30102.c:279:9:getRevisionID	4	static
../max/Src/max30102.c:291:6:setup	16	static
../max/Src/max30102.c:377:9:available	16	static
../max/Src/max30102.c:386:10:getRed	8	static
../max/Src/max30102.c:396:10:getIR	8	static
../max/Src/max30102.c:406:10:getGreen	8	static
../max/Src/max30102.c:416:10:getFIFORed	4	static
../max/Src/max30102.c:422:10:getFIFOIR	4	static
../max/Src/max30102.c:428:10:getFIFOGreen	4	static
../max/Src/max30102.c:434:6:nextSample	8	static
../max/Src/max30102.c:447:10:check	224	static
../max/Src/max30102.c:530:9:safeCheck	24	static
../max/Src/max30102.c:545:6:bitMask	24	static
../max/Src/max30102.c:552:9:readRegister8	40	static
../max/Src/max30102.c:559:6:writeRegister8	40	static
